Archive member included to satisfy reference by file (symbol)

app/libapp.a(main.c.obj)      (--whole-archive)
zephyr/libzephyr.a(cbprintf.c.obj)
                              (--whole-archive)
zephyr/libzephyr.a(cbprintf_packaged.c.obj)
                              (--whole-archive)
zephyr/libzephyr.a(crc32c_sw.c.obj)
                              (--whole-archive)
zephyr/libzephyr.a(crc32_sw.c.obj)
                              (--whole-archive)
zephyr/libzephyr.a(crc16_sw.c.obj)
                              (--whole-archive)
zephyr/libzephyr.a(crc8_sw.c.obj)
                              (--whole-archive)
zephyr/libzephyr.a(crc7_sw.c.obj)
                              (--whole-archive)
zephyr/libzephyr.a(dec.c.obj)
                              (--whole-archive)
zephyr/libzephyr.a(fdtable.c.obj)
                              (--whole-archive)
zephyr/libzephyr.a(hex.c.obj)
                              (--whole-archive)
zephyr/libzephyr.a(notify.c.obj)
                              (--whole-archive)
zephyr/libzephyr.a(printk.c.obj)
                              (--whole-archive)
zephyr/libzephyr.a(onoff.c.obj)
                              (--whole-archive)
zephyr/libzephyr.a(rb.c.obj)  (--whole-archive)
zephyr/libzephyr.a(sem.c.obj)
                              (--whole-archive)
zephyr/libzephyr.a(thread_entry.c.obj)
                              (--whole-archive)
zephyr/libzephyr.a(timeutil.c.obj)
                              (--whole-archive)
zephyr/libzephyr.a(heap.c.obj)
                              (--whole-archive)
zephyr/libzephyr.a(heap-validate.c.obj)
                              (--whole-archive)
zephyr/libzephyr.a(bitarray.c.obj)
                              (--whole-archive)
zephyr/libzephyr.a(multi_heap.c.obj)
                              (--whole-archive)
zephyr/libzephyr.a(cbprintf_complete.c.obj)
                              (--whole-archive)
zephyr/libzephyr.a(mpsc_pbuf.c.obj)
                              (--whole-archive)
zephyr/libzephyr.a(reboot.c.obj)
                              (--whole-archive)
zephyr/libzephyr.a(configs.c.obj)
                              (--whole-archive)
zephyr/libzephyr.a(soc.c.obj)
                              (--whole-archive)
zephyr/libzephyr.a(power.c.obj)
                              (--whole-archive)
zephyr/libzephyr.a(soc_nrf_common.S.obj)
                              (--whole-archive)
zephyr/libzephyr.a(validate_base_addresses.c.obj)
                              (--whole-archive)
zephyr/libzephyr.a(validate_enabled_instances.c.obj)
                              (--whole-archive)
zephyr/libzephyr.a(log_list.c.obj)
                              (--whole-archive)
zephyr/libzephyr.a(log_core.c.obj)
                              (--whole-archive)
zephyr/libzephyr.a(log_mgmt.c.obj)
                              (--whole-archive)
zephyr/libzephyr.a(log_msg.c.obj)
                              (--whole-archive)
zephyr/libzephyr.a(log_output.c.obj)
                              (--whole-archive)
zephyr/libzephyr.a(log_backend_uart.c.obj)
                              (--whole-archive)
zephyr/libzephyr.a(log_backend_rtt.c.obj)
                              (--whole-archive)
zephyr/libzephyr.a(pm.c.obj)  (--whole-archive)
zephyr/libzephyr.a(constraint.c.obj)
                              (--whole-archive)
zephyr/libzephyr.a(residency.c.obj)
                              (--whole-archive)
zephyr/libzephyr.a(tracing_none.c.obj)
                              (--whole-archive)
zephyr/libzephyr.a(flash_map_partition_manager.c.obj)
                              (--whole-archive)
zephyr/arch/common/libarch__common.a(sw_isr_common.c.obj)
                              (--whole-archive)
zephyr/arch/arch/arm/core/aarch32/libarch__arm__core__aarch32.a(cpu_idle.S.obj)
                              (--whole-archive)
zephyr/arch/arch/arm/core/aarch32/libarch__arm__core__aarch32.a(fatal.c.obj)
                              (--whole-archive)
zephyr/arch/arch/arm/core/aarch32/libarch__arm__core__aarch32.a(irq_manage.c.obj)
                              (--whole-archive)
zephyr/arch/arch/arm/core/aarch32/libarch__arm__core__aarch32.a(nmi.c.obj)
                              (--whole-archive)
zephyr/arch/arch/arm/core/aarch32/libarch__arm__core__aarch32.a(nmi_on_reset.S.obj)
                              (--whole-archive)
zephyr/arch/arch/arm/core/aarch32/libarch__arm__core__aarch32.a(prep_c.c.obj)
                              (--whole-archive)
zephyr/arch/arch/arm/core/aarch32/libarch__arm__core__aarch32.a(swap.c.obj)
                              (--whole-archive)
zephyr/arch/arch/arm/core/aarch32/libarch__arm__core__aarch32.a(swap_helper.S.obj)
                              (--whole-archive)
zephyr/arch/arch/arm/core/aarch32/libarch__arm__core__aarch32.a(thread.c.obj)
                              (--whole-archive)
zephyr/arch/arch/arm/core/aarch32/libarch__arm__core__aarch32.a(isr_wrapper.S.obj)
                              (--whole-archive)
[...]
Memory Configuration

Name             Origin             Length             Attributes
FLASH            0x0000000000040000 0x00000000000b8000 xr
SRAM             0x000000002001a4e8 0x0000000000025b18 xw
IDT_LIST         0x00000000fffff7ff 0x0000000000000800 xw
*default*        0x0000000000000000 0xffffffffffffffff

Linker script and memory map

LOAD zephyr/CMakeFiles/zephyr_final.dir/misc/empty_file.c.obj
LOAD zephyr/CMakeFiles/zephyr_final.dir/dev_handles.c.obj
LOAD zephyr/CMakeFiles/zephyr_final.dir/isr_tables.c.obj
LOAD zephyr/CMakeFiles/offsets.dir/./arch/arm/core/offsets/offsets.c.obj
LOAD tfm/secure_fw/s_veneers.o
                0x0000000000000020                _region_min_align = 0x20

.rel.plt        0x0000000000040000        0x0
 *(SORT_BY_ALIGNMENT(.rel.plt))
                [!provide]                        PROVIDE (__rel_iplt_start = .)
 *(SORT_BY_ALIGNMENT(.rel.iplt))
 .rel.iplt      0x0000000000040000        0x0 zephyr/CMakeFiles/zephyr_final.dir/dev_handles.c.obj
                [!provide]                        PROVIDE (__rel_iplt_end = .)

.rela.plt       0x0000000000000000        0x0
 *(SORT_BY_ALIGNMENT(.rela.plt))
                [!provide]                        PROVIDE (__rela_iplt_start = .)
 *(SORT_BY_ALIGNMENT(.rela.iplt))
                [!provide]                        PROVIDE (__rela_iplt_end = .)

.rel.dyn
 *(SORT_BY_ALIGNMENT(.rel.*))

.rela.dyn
 *(SORT_BY_ALIGNMENT(.rela.*))

/DISCARD/
 *(SORT_BY_ALIGNMENT(.plt))
 *(SORT_BY_ALIGNMENT(.iplt))
 *(SORT_BY_ALIGNMENT(.got.plt))
 *(SORT_BY_ALIGNMENT(.igot.plt))
 *(SORT_BY_ALIGNMENT(.got))
 *(SORT_BY_ALIGNMENT(.igot))
 *(SORT_BY_ALIGNMENT(.irq_info*))
 *(SORT_BY_ALIGNMENT(.intList*))
 *(SORT_BY_ALIGNMENT(.note.GNU-stack))
                0x0000000000040000                __rom_region_start = 0x40000

rom_start       0x0000000000040000      0x144
                0x0000000000000000                . = 0x0
                0x0000000000000000                . = ALIGN (0x4)
                0x0000000000000000                . = ALIGN (0x80)
                0x0000000000000000                . = ALIGN (0x200)
                0x0000000000040000                _vector_start = .
 *(SORT_BY_ALIGNMENT(.exc_vector_table))
 *(SORT_BY_ALIGNMENT(.exc_vector_table.*))
 .exc_vector_table._vector_table_section
                0x0000000000040000       0x40 zephyr/arch/arch/arm/core/aarch32/cortex_m/libarch__arm__core__aarch32__cortex_m.a(vector_table.S.obj)
                0x0000000000040000                _vector_table
 *(SORT_BY_ALIGNMENT(.gnu.linkonce.irq_vector_table*))
 .gnu.linkonce.irq_vector_table
                0x0000000000040040      0x104 zephyr/CMakeFiles/zephyr_final.dir/isr_tables.c.obj
                0x0000000000040040                _irq_vector_table
 *(SORT_BY_ALIGNMENT(.vectors))
                0x0000000000040144                _vector_end = .

text            0x0000000000040144     0x8b34
                0x0000000000040144                __text_region_start = .
 *(SORT_BY_ALIGNMENT(.text))
 .text          0x0000000000040144       0x30 /opt/nordic/ncs/v1.9.1/toolchain/bin/../lib/gcc/arm-none-eabi/9.2.1/thumb/v8-m.main/nofp/libgcc.a(_aeabi_uldivmod.o)
                0x0000000000040144                __aeabi_uldivmod
 .text          0x0000000000040174      0x2c8 /opt/nordic/ncs/v1.9.1/toolchain/bin/../lib/gcc/arm-none-eabi/9.2.1/thumb/v8-m.main/nofp/libgcc.a(_udivmoddi4.o)
                0x0000000000040174                __udivmoddi4
 .text          0x000000000004043c        0x4 /opt/nordic/ncs/v1.9.1/toolchain/bin/../lib/gcc/arm-none-eabi/9.2.1/thumb/v8-m.main/nofp/libgcc.a(_dvmd_tls.o)
                0x000000000004043c                __aeabi_ldiv0
                0x000000000004043c                __aeabi_idiv0
 *(SORT_BY_ALIGNMENT(.text.*))
 .text.crypto_finish
                0x0000000000040440       0x5c app/libapp.a(main.c.obj)
                0x0000000000040440                crypto_finish
 .text.generate_ecdsa_keypair
                0x000000000004049c       0x94 app/libapp.a(main.c.obj)
                0x000000000004049c                generate_ecdsa_keypair
 .text.import_ecdsa_pub_key
                0x0000000000040530       0x6c app/libapp.a(main.c.obj)
                0x0000000000040530                import_ecdsa_pub_key
 .text.sign_message
                0x000000000004059c      0x128 app/libapp.a(main.c.obj)
                0x000000000004059c                sign_message
 .text.verify_message
                0x00000000000406c4       0x74 app/libapp.a(main.c.obj)
                0x00000000000406c4                verify_message
 .text.main     0x0000000000040738       0x78 app/libapp.a(main.c.obj)
                0x0000000000040738                main
 .text.char_out
                0x00000000000407b0       0x10 zephyr/libzephyr.a(printk.c.obj)
 .text.__printk_hook_install
                0x00000000000407c0        0xc zephyr/libzephyr.a(printk.c.obj)
                0x00000000000407c0                __printk_hook_install
 .text.vprintk  0x00000000000407cc       0x1c zephyr/libzephyr.a(printk.c.obj)
                0x00000000000407cc                vprintk
 .text.vsnprintk
                0x00000000000407e8       0x28 zephyr/libzephyr.a(printk.c.obj)
                0x00000000000407e8                vsnprintk
 .text.process_event
                0x0000000000040810      0x1cc zephyr/libzephyr.a(onoff.c.obj)
 .text.cbvprintf
                0x00000000000409dc      0x780 zephyr/libzephyr.a(cbprintf_complete.c.obj)
                0x00000000000409dc                cbvprintf
 .text.nordicsemi_nrf91_init
                0x000000000004115c       0x28 zephyr/libzephyr.a(soc.c.obj)
 .text.arch_busy_wait
                0x0000000000041184       0x14 zephyr/libzephyr.a(soc.c.obj)
                0x0000000000041184                arch_busy_wait
 .text.enable_logger
                0x0000000000041198       0x5c zephyr/libzephyr.a(log_core.c.obj)
 .text.log_process_thread_timer_expiry_fn
                0x00000000000411f4        0xc zephyr/libzephyr.a(log_core.c.obj)
 .text.log_core_init
                0x0000000000041200       0x50 zephyr/libzephyr.a(log_core.c.obj)
                0x0000000000041200                log_core_init
 .text.log_init
                0x0000000000041250       0x50 zephyr/libzephyr.a(log_core.c.obj)
                0x0000000000041250                log_init
 .text.get_msg  0x00000000000412a0       0x28 zephyr/libzephyr.a(log_core.c.obj)
                0x00000000000412a0                get_msg
 .text.z_log_notify_backend_enabled
                0x00000000000412c8       0x1c zephyr/libzephyr.a(log_core.c.obj)
                0x00000000000412c8                z_log_notify_backend_enabled
 .text.z_log_dropped
                0x00000000000412e4       0x2c zephyr/libzephyr.a(log_core.c.obj)
                0x00000000000412e4                z_log_dropped
 .text.z_log_dropped_read_and_clear
                0x0000000000041310       0x18 zephyr/libzephyr.a(log_core.c.obj)
                0x0000000000041310                z_log_dropped_read_and_clear
 .text.dropped_notify
                0x0000000000041328       0x38 zephyr/libzephyr.a(log_core.c.obj)
                0x0000000000041328                dropped_notify
 .text.z_log_strdup
                0x0000000000041360       0x64 zephyr/libzephyr.a(log_core.c.obj)
                0x0000000000041360                z_log_strdup
 .text.log_is_strdup
                0x00000000000413c4       0x1c zephyr/libzephyr.a(log_core.c.obj)
                0x00000000000413c4                log_is_strdup
 .text.z_impl_log_process
                0x00000000000413e0      0x13c zephyr/libzephyr.a(log_core.c.obj)
                0x00000000000413e0                z_impl_log_process
 .text.msg_finalize
                0x000000000004151c       0xb8 zephyr/libzephyr.a(log_core.c.obj)
 .text.log_process_thread_func
                0x00000000000415d4       0x48 zephyr/libzephyr.a(log_core.c.obj)
 .text.z_impl_log_panic
                0x000000000004161c       0x48 zephyr/libzephyr.a(log_core.c.obj)
                0x000000000004161c                z_impl_log_panic
 .text.z_log_free
                0x0000000000041664       0x2c zephyr/libzephyr.a(log_core.c.obj)
                0x0000000000041664                z_log_free
 .text.log_source_name_get
                0x0000000000041690       0x1c zephyr/libzephyr.a(log_mgmt.c.obj)
                0x0000000000041690                log_source_name_get
 .text.log_backend_enable
                0x00000000000416ac       0x1c zephyr/libzephyr.a(log_mgmt.c.obj)
                0x00000000000416ac                log_backend_enable
 .text.log_msg_pool_init
                0x00000000000416c8       0x18 zephyr/libzephyr.a(log_msg.c.obj)
                0x00000000000416c8                log_msg_pool_init
 .text.log_msg_no_space_handle
                0x00000000000416e0       0x30 zephyr/libzephyr.a(log_msg.c.obj)
                0x00000000000416e0                log_msg_no_space_handle
 .text.log_msg_chunk_alloc
                0x0000000000041710       0x28 zephyr/libzephyr.a(log_msg.c.obj)
                0x0000000000041710                log_msg_chunk_alloc
 .text.msg_free
                0x0000000000041738       0x7c zephyr/libzephyr.a(log_msg.c.obj)
 .text.print_formatted
                0x00000000000417b4       0x24 zephyr/libzephyr.a(log_output.c.obj)
 .text.prefix_print
                0x00000000000417d8      0x144 zephyr/libzephyr.a(log_output.c.obj)
 .text.postfix_print
                0x000000000004191c       0x3c zephyr/libzephyr.a(log_output.c.obj)
 .text.hexdump_line_print
                0x0000000000041958       0xdc zephyr/libzephyr.a(log_output.c.obj)
 .text.log_output_msg_process
                0x0000000000041a34       0xf8 zephyr/libzephyr.a(log_output.c.obj)
                0x0000000000041a34                log_output_msg_process
 .text.log_output_dropped_process
                0x0000000000041b2c       0x58 zephyr/libzephyr.a(log_output.c.obj)
                0x0000000000041b2c                log_output_dropped_process
 .text.log_output_timestamp_freq_set
                0x0000000000041b84       0x30 zephyr/libzephyr.a(log_output.c.obj)
                0x0000000000041b84                log_output_timestamp_freq_set
 .text.char_out
                0x0000000000041bb4       0x24 zephyr/libzephyr.a(log_backend_uart.c.obj)
 .text.log_backend_uart_init
                0x0000000000041bd8       0x10 zephyr/libzephyr.a(log_backend_uart.c.obj)
 .text.panic    0x0000000000041be8       0x14 zephyr/libzephyr.a(log_backend_uart.c.obj)
 .text.dropped  0x0000000000041bfc        0xc zephyr/libzephyr.a(log_backend_uart.c.obj)
 .text.put      0x0000000000041c08       0x24 zephyr/libzephyr.a(log_backend_uart.c.obj)
 .text.log_backend_rtt_init
                0x0000000000041c2c        0xc zephyr/libzephyr.a(log_backend_rtt.c.obj)
 .text.panic    0x0000000000041c38       0x14 zephyr/libzephyr.a(log_backend_rtt.c.obj)
 .text.dropped  0x0000000000041c4c        0xc zephyr/libzephyr.a(log_backend_rtt.c.obj)
 .text.put      0x0000000000041c58       0x24 zephyr/libzephyr.a(log_backend_rtt.c.obj)
 .text.on_failed_write.part.0
                0x0000000000041c7c       0x1c zephyr/libzephyr.a(log_backend_rtt.c.obj)
 .text.data_out_block_mode
                0x0000000000041c98       0xa4 zephyr/libzephyr.a(log_backend_rtt.c.obj)
 .text.pm_state_notify
                0x0000000000041d3c       0x64 zephyr/libzephyr.a(pm.c.obj)
 .text.atomic_test_and_set_bit.constprop.0
                0x0000000000041da0       0x30 zephyr/libzephyr.a(pm.c.obj)
 .text.pm_system_resume
                0x0000000000041dd0       0x80 zephyr/libzephyr.a(pm.c.obj)
                0x0000000000041dd0                pm_system_resume
 .text.pm_system_suspend
                0x0000000000041e50      0x100 zephyr/libzephyr.a(pm.c.obj)
                0x0000000000041e50                pm_system_suspend
 .text.z_arm_cpu_idle_init
                0x0000000000041f50        0xc zephyr/arch/arch/arm/core/aarch32/libarch__arm__core__aarch32.a(cpu_idle.S.obj)
                0x0000000000041f50                z_arm_cpu_idle_init
 .text.arch_cpu_idle
                0x0000000000041f5c       0x1c zephyr/arch/arch/arm/core/aarch32/libarch__arm__core__aarch32.a(cpu_idle.S.obj)
                0x0000000000041f5c                arch_cpu_idle
 .text.arch_cpu_atomic_idle
                0x0000000000041f78       0x14 zephyr/arch/arch/arm/core/aarch32/libarch__arm__core__aarch32.a(cpu_idle.S.obj)
                0x0000000000041f78                arch_cpu_atomic_idle
 .text.z_arm_fatal_error
                0x0000000000041f8c       0x70 zephyr/arch/arch/arm/core/aarch32/libarch__arm__core__aarch32.a(fatal.c.obj)
                0x0000000000041f8c                z_arm_fatal_error
 .text.arch_irq_enable
                0x0000000000041ffc       0x20 zephyr/arch/arch/arm/core/aarch32/libarch__arm__core__aarch32.a(irq_manage.c.obj)
                0x0000000000041ffc                arch_irq_enable
 .text.arch_irq_is_enabled
                0x000000000004201c       0x1c zephyr/arch/arch/arm/core/aarch32/libarch__arm__core__aarch32.a(irq_manage.c.obj)
                0x000000000004201c                arch_irq_is_enabled
 .text.z_arm_irq_priority_set
                0x0000000000042038       0x2c zephyr/arch/arch/arm/core/aarch32/libarch__arm__core__aarch32.a(irq_manage.c.obj)
                0x0000000000042038                z_arm_irq_priority_set
 .text._arch_isr_direct_pm
                0x0000000000042064       0x1c zephyr/arch/arch/arm/core/aarch32/libarch__arm__core__aarch32.a(irq_manage.c.obj)
                0x0000000000042064                _arch_isr_direct_pm
 .text.z_SysNmiOnReset
                0x0000000000042080        0x8 zephyr/arch/arch/arm/core/aarch32/libarch__arm__core__aarch32.a(nmi_on_reset.S.obj)
                0x0000000000042080                z_SysNmiOnReset
 .text.z_arm_prep_c
                0x0000000000042088       0x38 zephyr/arch/arch/arm/core/aarch32/libarch__arm__core__aarch32.a(prep_c.c.obj)
                0x0000000000042088                z_arm_prep_c
 .text.arch_swap
                0x00000000000420c0       0x34 zephyr/arch/arch/arm/core/aarch32/libarch__arm__core__aarch32.a(swap.c.obj)
                0x00000000000420c0                arch_swap
 .text.z_arm_pendsv
                0x00000000000420f4       0x60 zephyr/arch/arch/arm/core/aarch32/libarch__arm__core__aarch32.a(swap_helper.S.obj)
                0x00000000000420f4                z_arm_pendsv
 .text.z_arm_svc
                0x0000000000042154       0x20 zephyr/arch/arch/arm/core/aarch32/libarch__arm__core__aarch32.a(swap_helper.S.obj)
                0x0000000000042154                z_arm_svc
 .text.arch_new_thread
                0x0000000000042174       0x3c zephyr/arch/arch/arm/core/aarch32/libarch__arm__core__aarch32.a(thread.c.obj)
                0x0000000000042174                arch_new_thread
 .text.arch_switch_to_main_thread
                0x00000000000421b0       0x28 zephyr/arch/arch/arm/core/aarch32/libarch__arm__core__aarch32.a(thread.c.obj)
                0x00000000000421b0                arch_switch_to_main_thread
 .text._isr_wrapper
                0x00000000000421d8       0x40 zephyr/arch/arch/arm/core/aarch32/libarch__arm__core__aarch32.a(isr_wrapper.S.obj)
                0x00000000000421d8                _isr_wrapper
 .text._HandlerModeExit
                0x0000000000042218       0x1c zephyr/arch/arch/arm/core/aarch32/cortex_m/libarch__arm__core__aarch32__cortex_m.a(exc_exit.S.obj)
                0x0000000000042218                z_arm_exc_exit
                0x0000000000042218                z_arm_int_exit
 .text.usage_fault.isra.0
                0x0000000000042234       0xd0 zephyr/arch/arch/arm/core/aarch32/cortex_m/libarch__arm__core__aarch32__cortex_m.a(fault.c.obj)
 .text.mem_manage_fault.isra.0
                0x0000000000042304       0xd0 zephyr/arch/arch/arm/core/aarch32/cortex_m/libarch__arm__core__aarch32__cortex_m.a(fault.c.obj)
 .text.bus_fault.isra.0
                0x00000000000423d4       0xdc zephyr/arch/arch/arm/core/aarch32/cortex_m/libarch__arm__core__aarch32__cortex_m.a(fault.c.obj)
 .text.z_arm_fault
                0x00000000000424b0      0x1e4 zephyr/arch/arch/arm/core/aarch32/cortex_m/libarch__arm__core__aarch32__cortex_m.a(fault.c.obj)
                0x00000000000424b0                z_arm_fault
 .text.z_arm_fault_init
                0x0000000000042694       0x18 zephyr/arch/arch/arm/core/aarch32/cortex_m/libarch__arm__core__aarch32__cortex_m.a(fault.c.obj)
                0x0000000000042694                z_arm_fault_init
 .text.__fault  0x00000000000426ac       0x14 zephyr/arch/arch/arm/core/aarch32/cortex_m/libarch__arm__core__aarch32__cortex_m.a(fault_s.S.obj)
                0x00000000000426ac                z_arm_bus_fault
                0x00000000000426ac                z_arm_usage_fault
                0x00000000000426ac                z_arm_mpu_fault
                0x00000000000426ac                z_arm_exc_spurious
                0x00000000000426ac                z_arm_debug_monitor
                0x00000000000426ac                z_arm_hard_fault
 .text.z_arm_interrupt_init
                0x00000000000426c0       0x18 zephyr/arch/arch/arm/core/aarch32/cortex_m/libarch__arm__core__aarch32__cortex_m.a(irq_init.c.obj)
                0x00000000000426c0                z_arm_interrupt_init
 .text._reset_section
                0x00000000000426d8       0x60 zephyr/arch/arch/arm/core/aarch32/cortex_m/libarch__arm__core__aarch32__cortex_m.a(reset.S.obj)
                0x00000000000426d8                z_arm_reset
                0x00000000000426d8                __start
 .text.z_arm_clear_arm_mpu_config
                0x0000000000042738       0x20 zephyr/arch/arch/arm/core/aarch32/cortex_m/libarch__arm__core__aarch32__cortex_m.a(scb.c.obj)
                0x0000000000042738                z_arm_clear_arm_mpu_config
 .text.z_arm_init_arch_hw_at_boot
                0x0000000000042758       0x4c zephyr/arch/arch/arm/core/aarch32/cortex_m/libarch__arm__core__aarch32__cortex_m.a(scb.c.obj)
                0x0000000000042758                z_arm_init_arch_hw_at_boot
 .text.z_impl_k_thread_abort
                0x00000000000427a4       0x24 zephyr/arch/arch/arm/core/aarch32/cortex_m/libarch__arm__core__aarch32__cortex_m.a(thread_abort.c.obj)
                0x00000000000427a4                z_impl_k_thread_abort
 .text.z_arm_configure_static_mpu_regions
                0x00000000000427c8       0x38 zephyr/arch/arch/arm/core/aarch32/mpu/libarch__arm__core__aarch32__mpu.a(arm_core_mpu.c.obj)
                0x00000000000427c8                z_arm_configure_static_mpu_regions
 .text.region_init
                0x0000000000042800       0x30 zephyr/arch/arch/arm/core/aarch32/mpu/libarch__arm__core__aarch32__mpu.a(arm_mpu.c.obj)
 .text.region_allocate_and_init
                0x0000000000042830       0x34 zephyr/arch/arch/arm/core/aarch32/mpu/libarch__arm__core__aarch32__mpu.a(arm_mpu.c.obj)
 .text.mpu_configure_regions_and_partition.constprop.0
                0x0000000000042864      0x174 zephyr/arch/arch/arm/core/aarch32/mpu/libarch__arm__core__aarch32__mpu.a(arm_mpu.c.obj)
 .text.arm_core_mpu_enable
                0x00000000000429d8       0x14 zephyr/arch/arch/arm/core/aarch32/mpu/libarch__arm__core__aarch32__mpu.a(arm_mpu.c.obj)
                0x00000000000429d8                arm_core_mpu_enable
 .text.arm_core_mpu_disable
                0x00000000000429ec       0x10 zephyr/arch/arch/arm/core/aarch32/mpu/libarch__arm__core__aarch32__mpu.a(arm_mpu.c.obj)
                0x00000000000429ec                arm_core_mpu_disable
 .text.arm_core_mpu_configure_static_mpu_regions
                0x00000000000429fc       0x14 zephyr/arch/arch/arm/core/aarch32/mpu/libarch__arm__core__aarch32__mpu.a(arm_mpu.c.obj)
                0x00000000000429fc                arm_core_mpu_configure_static_mpu_regions
 .text.arm_core_mpu_mark_areas_for_dynamic_regions
                0x0000000000042a10       0xac zephyr/arch/arch/arm/core/aarch32/mpu/libarch__arm__core__aarch32__mpu.a(arm_mpu.c.obj)
                0x0000000000042a10                arm_core_mpu_mark_areas_for_dynamic_regions
 .text.z_arm_mpu_init
                0x0000000000042abc       0x4c zephyr/arch/arch/arm/core/aarch32/mpu/libarch__arm__core__aarch32__mpu.a(arm_mpu.c.obj)
                0x0000000000042abc                z_arm_mpu_init
 .text.malloc   0x0000000000042b08       0x30 zephyr/lib/libc/minimal/liblib__libc__minimal.a(malloc.c.obj)
                0x0000000000042b08                malloc
 .text._exit    0x0000000000042b38       0x10 zephyr/lib/libc/minimal/liblib__libc__minimal.a(exit.c.obj)
                0x0000000000042b38                _exit
 .text.__stdout_hook_install
                0x0000000000042b48        0xc zephyr/lib/libc/minimal/liblib__libc__minimal.a(stdout_console.c.obj)
                0x0000000000042b48                __stdout_hook_install
 .text.onoff_stop
                0x0000000000042b54       0x48 zephyr/drivers/clock_control/libdrivers__clock_control.a(clock_control_nrf.c.obj)
 .text.onoff_start
                0x0000000000042b9c       0x54 zephyr/drivers/clock_control/libdrivers__clock_control.a(clock_control_nrf.c.obj)
 .text.clk_init
                0x0000000000042bf0       0x60 zephyr/drivers/clock_control/libdrivers__clock_control.a(clock_control_nrf.c.obj)
 .text.clkstarted_handle.constprop.0
                0x0000000000042c50       0x34 zephyr/drivers/clock_control/libdrivers__clock_control.a(clock_control_nrf.c.obj)
 .text.clock_event_handler
                0x0000000000042c84       0x1c zephyr/drivers/clock_control/libdrivers__clock_control.a(clock_control_nrf.c.obj)
 .text.generic_hfclk_start
                0x0000000000042ca0       0x64 zephyr/drivers/clock_control/libdrivers__clock_control.a(clock_control_nrf.c.obj)
 .text.generic_hfclk_stop
                0x0000000000042d04       0x24 zephyr/drivers/clock_control/libdrivers__clock_control.a(clock_control_nrf.c.obj)
 .text.api_blocking_start
                0x0000000000042d28       0x34 zephyr/drivers/clock_control/libdrivers__clock_control.a(clock_control_nrf.c.obj)
 .text.z_nrf_clock_control_lf_on
                0x0000000000042d5c      0x104 zephyr/drivers/clock_control/libdrivers__clock_control.a(clock_control_nrf.c.obj)
                0x0000000000042d5c                z_nrf_clock_control_lf_on
 .text.uart_console_init
                0x0000000000042e60       0x30 zephyr/drivers/console/libdrivers__console.a(uart_console.c.obj)
 .text.console_out
                0x0000000000042e90       0x28 zephyr/drivers/console/libdrivers__console.a(uart_console.c.obj)
 .text.gpio_nrfx_pin_interrupt_configure
                0x0000000000042eb8       0xc8 zephyr/drivers/gpio/libdrivers__gpio.a(gpio_nrfx.c.obj)
 .text.gpio_nrfx_init
                0x0000000000042f80       0x38 zephyr/drivers/gpio/libdrivers__gpio.a(gpio_nrfx.c.obj)
 .text.nrfx_gpio_handler
                0x0000000000042fb8       0x40 zephyr/drivers/gpio/libdrivers__gpio.a(gpio_nrfx.c.obj)
 .text.gpio_nrfx_pin_configure
                0x0000000000042ff8      0x158 zephyr/drivers/gpio/libdrivers__gpio.a(gpio_nrfx.c.obj)
 .text.uarte_nrfx_configure
                0x0000000000043150      0x164 zephyr/drivers/serial/libdrivers__serial.a(uart_nrfx_uarte.c.obj)
 .text.uarte_nrfx_poll_out
                0x00000000000432b4       0xc4 zephyr/drivers/serial/libdrivers__serial.a(uart_nrfx_uarte.c.obj)
 .text.uarte_0_init
                0x0000000000043378      0x188 zephyr/drivers/serial/libdrivers__serial.a(uart_nrfx_uarte.c.obj)
 .text.sys_clock_timeout_handler
                0x0000000000043500       0x94 zephyr/drivers/timer/libdrivers__timer.a(nrf_rtc_timer.c.obj)
 .text.compare_int_lock
                0x0000000000043594       0x44 zephyr/drivers/timer/libdrivers__timer.a(nrf_rtc_timer.c.obj)
 .text.compare_int_unlock.part.0
                0x00000000000435d8       0x4c zephyr/drivers/timer/libdrivers__timer.a(nrf_rtc_timer.c.obj)
 .text.z_nrf_rtc_timer_read
                0x0000000000043624       0x44 zephyr/drivers/timer/libdrivers__timer.a(nrf_rtc_timer.c.obj)
                0x0000000000043624                z_nrf_rtc_timer_read
 .text.compare_set
                0x0000000000043668      0x140 zephyr/drivers/timer/libdrivers__timer.a(nrf_rtc_timer.c.obj)
 .text.sys_clock_driver_init
                0x00000000000437a8       0x84 zephyr/drivers/timer/libdrivers__timer.a(nrf_rtc_timer.c.obj)
 .text.rtc_nrf_isr
                0x000000000004382c       0xe8 zephyr/drivers/timer/libdrivers__timer.a(nrf_rtc_timer.c.obj)
                0x000000000004382c                rtc_nrf_isr
 .text.sys_clock_set_timeout
                0x0000000000043914       0x68 zephyr/drivers/timer/libdrivers__timer.a(nrf_rtc_timer.c.obj)
                0x0000000000043914                sys_clock_set_timeout
 .text.sys_clock_elapsed
                0x000000000004397c       0x20 zephyr/drivers/timer/libdrivers__timer.a(nrf_rtc_timer.c.obj)
                0x000000000004397c                sys_clock_elapsed
 .text._nrf_modem_lib_init
                0x000000000004399c       0x7c modules/nrf/lib/nrf_modem_lib/lib..__nrf__lib__nrf_modem_lib.a(nrf_modem_lib.c.obj)
 .text.thread_monitor_entry_get
                0x0000000000043a18       0x40 modules/nrf/lib/nrf_modem_lib/lib..__nrf__lib__nrf_modem_lib.a(nrf_modem_os.c.obj)
 .text.rpc_proxy_irq_handler
                0x0000000000043a58       0x50 modules/nrf/lib/nrf_modem_lib/lib..__nrf__lib__nrf_modem_lib.a(nrf_modem_os.c.obj)
                0x0000000000043a58                rpc_proxy_irq_handler
 .text.nrf_modem_os_timedwait
                0x0000000000043aa8      0x13c modules/nrf/lib/nrf_modem_lib/lib..__nrf__lib__nrf_modem_lib.a(nrf_modem_os.c.obj)
                0x0000000000043aa8                nrf_modem_os_timedwait
 .text.nrf_modem_os_sem_init
                0x0000000000043be4       0x34 modules/nrf/lib/nrf_modem_lib/lib..__nrf__lib__nrf_modem_lib.a(nrf_modem_os.c.obj)
                0x0000000000043be4                nrf_modem_os_sem_init
 .text.nrf_modem_os_application_irq_set
                0x0000000000043c18       0x10 modules/nrf/lib/nrf_modem_lib/lib..__nrf__lib__nrf_modem_lib.a(nrf_modem_os.c.obj)
                0x0000000000043c18                nrf_modem_os_application_irq_set
 .text.nrf_modem_os_application_irq_clear
                0x0000000000043c28       0x10 modules/nrf/lib/nrf_modem_lib/lib..__nrf__lib__nrf_modem_lib.a(nrf_modem_os.c.obj)
                0x0000000000043c28                nrf_modem_os_application_irq_clear
 .text.nrf_modem_os_trace_irq_set
                0x0000000000043c38       0x10 modules/nrf/lib/nrf_modem_lib/lib..__nrf__lib__nrf_modem_lib.a(nrf_modem_os.c.obj)
                0x0000000000043c38                nrf_modem_os_trace_irq_set
 .text.nrf_modem_os_trace_irq_clear
                0x0000000000043c48       0x10 modules/nrf/lib/nrf_modem_lib/lib..__nrf__lib__nrf_modem_lib.a(nrf_modem_os.c.obj)
                0x0000000000043c48                nrf_modem_os_trace_irq_clear
 .text.nrf_modem_os_alloc
                0x0000000000043c58       0x10 modules/nrf/lib/nrf_modem_lib/lib..__nrf__lib__nrf_modem_lib.a(nrf_modem_os.c.obj)
                0x0000000000043c58                nrf_modem_os_alloc
 .text.nrf_modem_os_free
                0x0000000000043c68        0xc modules/nrf/lib/nrf_modem_lib/lib..__nrf__lib__nrf_modem_lib.a(nrf_modem_os.c.obj)
                0x0000000000043c68                nrf_modem_os_free
 .text.nrf_modem_os_shm_tx_alloc
                0x0000000000043c74       0x10 modules/nrf/lib/nrf_modem_lib/lib..__nrf__lib__nrf_modem_lib.a(nrf_modem_os.c.obj)
                0x0000000000043c74                nrf_modem_os_shm_tx_alloc
 .text.nrf_modem_os_shm_tx_free
                0x0000000000043c84        0xc modules/nrf/lib/nrf_modem_lib/lib..__nrf__lib__nrf_modem_lib.a(nrf_modem_os.c.obj)
                0x0000000000043c84                nrf_modem_os_shm_tx_free
 .text.nrf_modem_os_init
                0x0000000000043c90       0x58 modules/nrf/lib/nrf_modem_lib/lib..__nrf__lib__nrf_modem_lib.a(nrf_modem_os.c.obj)
                0x0000000000043c90                nrf_modem_os_init
 .text.k_sys_fatal_error_handler
                0x0000000000043ce8       0x2c modules/nrf/lib/fatal_error/lib..__nrf__lib__fatal_error.a(fatal_error.c.obj)
                0x0000000000043ce8                k_sys_fatal_error_handler
 .text.tfm_ns_interface_dispatch
                0x0000000000043d14       0x48 modules/trusted-firmware-m/libtfm_api.a(interface.c.obj)
                0x0000000000043d14                tfm_ns_interface_dispatch
 .text.SystemInit
                0x0000000000043d5c       0x10 modules/hal_nordic/nrfx/libmodules__hal_nordic__nrfx.a(system_nrf9160.c.obj)
                0x0000000000043d5c                SystemInit
 .text.nrfx_flag32_alloc
                0x0000000000043d6c       0x40 modules/hal_nordic/nrfx/libmodules__hal_nordic__nrfx.a(nrfx_flag32_allocator.c.obj)
                0x0000000000043d6c                nrfx_flag32_alloc
 .text.nrfx_flag32_free
                0x0000000000043dac       0x3c modules/hal_nordic/nrfx/libmodules__hal_nordic__nrfx.a(nrfx_flag32_allocator.c.obj)
                0x0000000000043dac                nrfx_flag32_free
 .text.nrfx_clock_init
                0x0000000000043de8       0x20 modules/hal_nordic/nrfx/libmodules__hal_nordic__nrfx.a(nrfx_clock.c.obj)
                0x0000000000043de8                nrfx_clock_init
 .text.nrfx_clock_start
                0x0000000000043e08       0x64 modules/hal_nordic/nrfx/libmodules__hal_nordic__nrfx.a(nrfx_clock.c.obj)
                0x0000000000043e08                nrfx_clock_start
 .text.nrfx_clock_stop
                0x0000000000043e6c       0x80 modules/hal_nordic/nrfx/libmodules__hal_nordic__nrfx.a(nrfx_clock.c.obj)
                0x0000000000043e6c                nrfx_clock_stop
 .text.nrfx_power_clock_irq_handler
                0x0000000000043eec       0x68 modules/hal_nordic/nrfx/libmodules__hal_nordic__nrfx.a(nrfx_clock.c.obj)
                0x0000000000043eec                nrfx_power_clock_irq_handler
 .text.nrfx_dppi_channel_alloc
                0x0000000000043f54        0xc modules/hal_nordic/nrfx/libmodules__hal_nordic__nrfx.a(nrfx_dppi.c.obj)
                0x0000000000043f54                nrfx_dppi_channel_alloc
 .text.call_handler
                0x0000000000043f60       0x3c modules/hal_nordic/nrfx/libmodules__hal_nordic__nrfx.a(nrfx_gpiote.c.obj)
 .text.release_handler
                0x0000000000043f9c       0x54 modules/hal_nordic/nrfx/libmodules__hal_nordic__nrfx.a(nrfx_gpiote.c.obj)
 .text.pin_handler_trigger_uninit
                0x0000000000043ff0       0x38 modules/hal_nordic/nrfx/libmodules__hal_nordic__nrfx.a(nrfx_gpiote.c.obj)
 .text.nrf_gpio_cfg_sense_set
                0x0000000000044028       0x20 modules/hal_nordic/nrfx/libmodules__hal_nordic__nrfx.a(nrfx_gpiote.c.obj)
 .text.nrfx_gpiote_input_configure
                0x0000000000044048      0x14c modules/hal_nordic/nrfx/libmodules__hal_nordic__nrfx.a(nrfx_gpiote.c.obj)
                0x0000000000044048                nrfx_gpiote_input_configure
 .text.nrfx_gpiote_output_configure
                0x0000000000044194      0x128 modules/hal_nordic/nrfx/libmodules__hal_nordic__nrfx.a(nrfx_gpiote.c.obj)
                0x0000000000044194                nrfx_gpiote_output_configure
 .text.nrfx_gpiote_global_callback_set
                0x00000000000442bc        0xc modules/hal_nordic/nrfx/libmodules__hal_nordic__nrfx.a(nrfx_gpiote.c.obj)
                0x00000000000442bc                nrfx_gpiote_global_callback_set
 .text.nrfx_gpiote_channel_get
                0x00000000000442c8       0x24 modules/hal_nordic/nrfx/libmodules__hal_nordic__nrfx.a(nrfx_gpiote.c.obj)
                0x00000000000442c8                nrfx_gpiote_channel_get
 .text.nrfx_gpiote_init
                0x00000000000442ec       0x50 modules/hal_nordic/nrfx/libmodules__hal_nordic__nrfx.a(nrfx_gpiote.c.obj)
                0x00000000000442ec                nrfx_gpiote_init
 .text.nrfx_gpiote_is_init
                0x000000000004433c       0x14 modules/hal_nordic/nrfx/libmodules__hal_nordic__nrfx.a(nrfx_gpiote.c.obj)
                0x000000000004433c                nrfx_gpiote_is_init
 .text.nrfx_gpiote_channel_free
                0x0000000000044350        0xc modules/hal_nordic/nrfx/libmodules__hal_nordic__nrfx.a(nrfx_gpiote.c.obj)
                0x0000000000044350                nrfx_gpiote_channel_free
 .text.nrfx_gpiote_channel_alloc
                0x000000000004435c        0xc modules/hal_nordic/nrfx/libmodules__hal_nordic__nrfx.a(nrfx_gpiote.c.obj)
                0x000000000004435c                nrfx_gpiote_channel_alloc
 .text.nrfx_gpiote_trigger_enable
                0x0000000000044368       0x80 modules/hal_nordic/nrfx/libmodules__hal_nordic__nrfx.a(nrfx_gpiote.c.obj)
                0x0000000000044368                nrfx_gpiote_trigger_enable
 .text.nrfx_gpiote_trigger_disable
                0x00000000000443e8       0x44 modules/hal_nordic/nrfx/libmodules__hal_nordic__nrfx.a(nrfx_gpiote.c.obj)
                0x00000000000443e8                nrfx_gpiote_trigger_disable
 .text.nrfx_gpiote_pin_uninit
                0x000000000004442c       0x44 modules/hal_nordic/nrfx/libmodules__hal_nordic__nrfx.a(nrfx_gpiote.c.obj)
                0x000000000004442c                nrfx_gpiote_pin_uninit
 .text.nrfx_gpiote_irq_handler
                0x0000000000044470      0x150 modules/hal_nordic/nrfx/libmodules__hal_nordic__nrfx.a(nrfx_gpiote.c.obj)
                0x0000000000044470                nrfx_gpiote_irq_handler
 .text.nrfx_ipc_init
                0x00000000000445c0       0x30 modules/hal_nordic/nrfx/libmodules__hal_nordic__nrfx.a(nrfx_ipc.c.obj)
                0x00000000000445c0                nrfx_ipc_init
 .text.nrfx_ipc_config_load
                0x00000000000445f0       0x40 modules/hal_nordic/nrfx/libmodules__hal_nordic__nrfx.a(nrfx_ipc.c.obj)
                0x00000000000445f0                nrfx_ipc_config_load
 .text.nrfx_ipc_uninit
                0x0000000000044630       0x60 modules/hal_nordic/nrfx/libmodules__hal_nordic__nrfx.a(nrfx_ipc.c.obj)
                0x0000000000044630                nrfx_ipc_uninit
 .text.nrfx_ipc_irq_handler
                0x0000000000044690       0x40 modules/hal_nordic/nrfx/libmodules__hal_nordic__nrfx.a(nrfx_ipc.c.obj)
                0x0000000000044690                nrfx_ipc_irq_handler
 .text._DoInit  0x00000000000446d0       0x60 modules/segger/libmodules__segger.a(SEGGER_RTT.c.obj)
 .text.SEGGER_RTT_WriteSkipNoLock
                0x0000000000044730       0x98 modules/segger/libmodules__segger.a(SEGGER_RTT.c.obj)
                0x0000000000044730                SEGGER_RTT_WriteSkipNoLock
 .text.SEGGER_RTT_HasDataUp
                0x00000000000447c8       0x14 modules/segger/libmodules__segger.a(SEGGER_RTT.c.obj)
                0x00000000000447c8                SEGGER_RTT_HasDataUp
 .text.rpc_handle_data_message
                0x00000000000447dc       0x44 /opt/nordic/ncs/v1.9.1/nrfxlib/nrf_modem/lib/cortex-m33/soft-float/libmodem.a(rpc_framework.c.obj)
                0x00000000000447dc                rpc_handle_data_message
 .text.trace_write
                0x0000000000044820      0x164 /opt/nordic/ncs/v1.9.1/nrfxlib/nrf_modem/lib/cortex-m33/soft-float/libmodem.a(ipc_trace.c.obj)
 .text.ipc_trace_init
                0x0000000000044984       0x38 /opt/nordic/ncs/v1.9.1/nrfxlib/nrf_modem/lib/cortex-m33/soft-float/libmodem.a(ipc_trace.c.obj)
                0x0000000000044984                ipc_trace_init
 .text.nrf_modem_trace_irq_handler
                0x00000000000449bc       0x54 /opt/nordic/ncs/v1.9.1/nrfxlib/nrf_modem/lib/cortex-m33/soft-float/libmodem.a(ipc_trace.c.obj)
                0x00000000000449bc                nrf_modem_trace_irq_handler
 .text.ipc_trace_handle
                0x0000000000044a10      0x128 /opt/nordic/ncs/v1.9.1/nrfxlib/nrf_modem/lib/cortex-m33/soft-float/libmodem.a(ipc_trace.c.obj)
                0x0000000000044a10                ipc_trace_handle
 .text.rpc_trace_coredump_in_progress
                0x0000000000044b38        0xc /opt/nordic/ncs/v1.9.1/nrfxlib/nrf_modem/lib/cortex-m33/soft-float/libmodem.a(ipc_trace.c.obj)
                0x0000000000044b38                rpc_trace_coredump_in_progress
 .text.handle_modem_rpc_msg
                0x0000000000044b44       0x84 /opt/nordic/ncs/v1.9.1/nrfxlib/nrf_modem/lib/cortex-m33/soft-float/libmodem.a(rpc_transport_ipc.c.obj)
 .text.rpc_transport_ipc_msg_alloc
                0x0000000000044bc8       0x60 /opt/nordic/ncs/v1.9.1/nrfxlib/nrf_modem/lib/cortex-m33/soft-float/libmodem.a(rpc_transport_ipc.c.obj)
 .text.rpc_transport_ipc_data_msg_send
                0x0000000000044c28       0x3c /opt/nordic/ncs/v1.9.1/nrfxlib/nrf_modem/lib/cortex-m33/soft-float/libmodem.a(rpc_transport_ipc.c.obj)
                0x0000000000044c28                rpc_transport_ipc_data_msg_send
 .text.rpc_transport_ipc_ctrl_msg_send
                0x0000000000044c64       0x3c /opt/nordic/ncs/v1.9.1/nrfxlib/nrf_modem/lib/cortex-m33/soft-float/libmodem.a(rpc_transport_ipc.c.obj)
                0x0000000000044c64                rpc_transport_ipc_ctrl_msg_send
 .text.rpc_transport_ipc_data_msg_alloc
                0x0000000000044ca0       0x24 /opt/nordic/ncs/v1.9.1/nrfxlib/nrf_modem/lib/cortex-m33/soft-float/libmodem.a(rpc_transport_ipc.c.obj)
                0x0000000000044ca0                rpc_transport_ipc_data_msg_alloc
 .text.rpc_transport_ipc_ctrl_msg_alloc
                0x0000000000044cc4       0x40 /opt/nordic/ncs/v1.9.1/nrfxlib/nrf_modem/lib/cortex-m33/soft-float/libmodem.a(rpc_transport_ipc.c.obj)
                0x0000000000044cc4                rpc_transport_ipc_ctrl_msg_alloc
 .text.rpc_transport_ipc_data_alloc
                0x0000000000044d04       0x14 /opt/nordic/ncs/v1.9.1/nrfxlib/nrf_modem/lib/cortex-m33/soft-float/libmodem.a(rpc_transport_ipc.c.obj)
                0x0000000000044d04                rpc_transport_ipc_data_alloc
 .text.nrf_modem_application_irq_handler
                0x0000000000044d18       0x20 /opt/nordic/ncs/v1.9.1/nrfxlib/nrf_modem/lib/cortex-m33/soft-float/libmodem.a(rpc_transport_ipc.c.obj)
                0x0000000000044d18                nrf_modem_application_irq_handler
 .text.rpc_transport_ipc_msg_free
                0x0000000000044d38       0x4c /opt/nordic/ncs/v1.9.1/nrfxlib/nrf_modem/lib/cortex-m33/soft-float/libmodem.a(rpc_transport_ipc.c.obj)
                0x0000000000044d38                rpc_transport_ipc_msg_free
 .text.rpc_transport_ipc_init
                0x0000000000044d84      0x178 /opt/nordic/ncs/v1.9.1/nrfxlib/nrf_modem/lib/cortex-m33/soft-float/libmodem.a(rpc_transport_ipc.c.obj)
                0x0000000000044d84                rpc_transport_ipc_init
 .text.ipc_irq_handler
                0x0000000000044efc      0x130 /opt/nordic/ncs/v1.9.1/nrfxlib/nrf_modem/lib/cortex-m33/soft-float/libmodem.a(rpc_transport_ipc.c.obj)
                0x0000000000044efc                ipc_irq_handler
 .text.interface_init
                0x000000000004502c       0x18 /opt/nordic/ncs/v1.9.1/nrfxlib/nrf_modem/lib/cortex-m33/soft-float/libmodem.a(interface.c.obj)
                0x000000000004502c                interface_init
 .text.interface_socket_wait
                0x0000000000045044       0x4c /opt/nordic/ncs/v1.9.1/nrfxlib/nrf_modem/lib/cortex-m33/soft-float/libmodem.a(interface.c.obj)
                0x0000000000045044                interface_socket_wait
 .text.interface_sockets_aux_state_set
                0x0000000000045090       0x3c /opt/nordic/ncs/v1.9.1/nrfxlib/nrf_modem/lib/cortex-m33/soft-float/libmodem.a(interface.c.obj)
                0x0000000000045090                interface_sockets_aux_state_set
 .text.interface_sockets_aux_state_clear
                0x00000000000450cc       0x3c /opt/nordic/ncs/v1.9.1/nrfxlib/nrf_modem/lib/cortex-m33/soft-float/libmodem.a(interface.c.obj)
                0x00000000000450cc                interface_sockets_aux_state_clear
 .text.interface_from_internal_id_search
                0x0000000000045108       0x30 /opt/nordic/ncs/v1.9.1/nrfxlib/nrf_modem/lib/cortex-m33/soft-float/libmodem.a(interface.c.obj)
                0x0000000000045108                interface_from_internal_id_search
 .text.interface_socket_from_handle_get
                0x0000000000045138       0x20 /opt/nordic/ncs/v1.9.1/nrfxlib/nrf_modem/lib/cortex-m33/soft-float/libmodem.a(interface.c.obj)
                0x0000000000045138                interface_socket_from_handle_get
 .text.rpc_error_to_nrf_errno
                0x0000000000045158       0x10 /opt/nordic/ncs/v1.9.1/nrfxlib/nrf_modem/lib/cortex-m33/soft-float/libmodem.a(ip_interface.c.obj)
                0x0000000000045158                rpc_error_to_nrf_errno
 .text.rpc_error_to_nrf_gai_errno
                0x0000000000045168       0x40 /opt/nordic/ncs/v1.9.1/nrfxlib/nrf_modem/lib/cortex-m33/soft-float/libmodem.a(ip_interface.c.obj)
                0x0000000000045168                rpc_error_to_nrf_gai_errno
 .text.ip_interface_init
                0x00000000000451a8       0x30 /opt/nordic/ncs/v1.9.1/nrfxlib/nrf_modem/lib/cortex-m33/soft-float/libmodem.a(ip_interface.c.obj)
                0x00000000000451a8                ip_interface_init
 .text.rpc_ip_event_handler
                0x00000000000451d8      0x4d4 /opt/nordic/ncs/v1.9.1/nrfxlib/nrf_modem/lib/cortex-m33/soft-float/libmodem.a(ip_interface.c.obj)
                0x00000000000451d8                rpc_ip_event_handler
 .text.hostname_free
                0x00000000000456ac       0x24 /opt/nordic/ncs/v1.9.1/nrfxlib/nrf_modem/lib/cortex-m33/soft-float/libmodem.a(tls_interface.c.obj)
 .text.secure_socket_attach_initiate
                0x00000000000456d0       0xa4 /opt/nordic/ncs/v1.9.1/nrfxlib/nrf_modem/lib/cortex-m33/soft-float/libmodem.a(tls_interface.c.obj)
 .text.tls_interface_init
                0x0000000000045774       0x10 /opt/nordic/ncs/v1.9.1/nrfxlib/nrf_modem/lib/cortex-m33/soft-float/libmodem.a(tls_interface.c.obj)
                0x0000000000045774                tls_interface_init
 .text.tls_rpc_ip_event_handler
                0x0000000000045784       0xec /opt/nordic/ncs/v1.9.1/nrfxlib/nrf_modem/lib/cortex-m33/soft-float/libmodem.a(tls_interface.c.obj)
                0x0000000000045784                tls_rpc_ip_event_handler
 .text.at_cmd_send
                0x0000000000045870       0x48 /opt/nordic/ncs/v1.9.1/nrfxlib/nrf_modem/lib/cortex-m33/soft-float/libmodem.a(nrf_modem_at.c.obj)
 .text.nrf_modem_at_init
                0x00000000000458b8       0x2c /opt/nordic/ncs/v1.9.1/nrfxlib/nrf_modem/lib/cortex-m33/soft-float/libmodem.a(nrf_modem_at.c.obj)
                0x00000000000458b8                nrf_modem_at_init
 .text.rpc_at_event_handler
                0x00000000000458e4       0x6c /opt/nordic/ncs/v1.9.1/nrfxlib/nrf_modem/lib/cortex-m33/soft-float/libmodem.a(nrf_modem_at.c.obj)
                0x00000000000458e4                rpc_at_event_handler
 .text.rpc_dfu_event_handler
                0x0000000000045950       0x30 /opt/nordic/ncs/v1.9.1/nrfxlib/nrf_modem/lib/cortex-m33/soft-float/libmodem.a(nrf_modem_delta_dfu.c.obj)
                0x0000000000045950                rpc_dfu_event_handler
 .text.rpc_gnss_event_handler
                0x0000000000045980      0x1bc /opt/nordic/ncs/v1.9.1/nrfxlib/nrf_modem/lib/cortex-m33/soft-float/libmodem.a(nrf_modem_gnss.c.obj)
                0x0000000000045980                rpc_gnss_event_handler
 .text.full_dfu_ipc_irq_handler
                0x0000000000045b3c       0x18 /opt/nordic/ncs/v1.9.1/nrfxlib/nrf_modem/lib/cortex-m33/soft-float/libmodem.a(full_dfu_interface.c.obj)
                0x0000000000045b3c                full_dfu_ipc_irq_handler
 .text.modem_ipc_wait_for_event
                0x0000000000045b54       0x40 /opt/nordic/ncs/v1.9.1/nrfxlib/nrf_modem/lib/cortex-m33/soft-float/libmodem.a(full_dfu_interface.c.obj)
                0x0000000000045b54                modem_ipc_wait_for_event
 .text.nrf_modem_full_dfu_setup
                0x0000000000045b94       0xd4 /opt/nordic/ncs/v1.9.1/nrfxlib/nrf_modem/lib/cortex-m33/soft-float/libmodem.a(full_dfu_interface.c.obj)
                0x0000000000045b94                nrf_modem_full_dfu_setup
 .text.modem_off
                0x0000000000045c68       0x28 /opt/nordic/ncs/v1.9.1/nrfxlib/nrf_modem/lib/cortex-m33/soft-float/libmodem.a(nrf_modem.c.obj)
 .text.nrf_modem_init
                0x0000000000045c90       0x64 /opt/nordic/ncs/v1.9.1/nrfxlib/nrf_modem/lib/cortex-m33/soft-float/libmodem.a(nrf_modem.c.obj)
                0x0000000000045c90                nrf_modem_init
 .text.mbedtls_platform_set_calloc_free
                0x0000000000045cf4       0x14 modules/nrfxlib/nrfxlib/nrf_security/src/zephyr/libmbedtls_zephyr.a(platform.c.obj)
                0x0000000000045cf4                mbedtls_platform_set_calloc_free
 .text._heap_init
                0x0000000000045d08       0x10 modules/nrfxlib/nrfxlib/nrf_security/src/zephyr/libmbedtls_zephyr.a(mbedtls_heap.c.obj)
                0x0000000000045d08                _heap_init
 .text.verify_header
                0x0000000000045d18       0x40 modules/nrfxlib/nrfxlib/nrf_security/src/zephyr/libmbedtls_zephyr.a(memory_buffer_alloc.c.obj)
 .text.verify_chain
                0x0000000000045d58       0x3c modules/nrfxlib/nrfxlib/nrf_security/src/zephyr/libmbedtls_zephyr.a(memory_buffer_alloc.c.obj)
 .text.buffer_alloc_calloc
                0x0000000000045d94      0x10c modules/nrfxlib/nrfxlib/nrf_security/src/zephyr/libmbedtls_zephyr.a(memory_buffer_alloc.c.obj)
 .text.buffer_alloc_free
                0x0000000000045ea0      0x100 modules/nrfxlib/nrfxlib/nrf_security/src/zephyr/libmbedtls_zephyr.a(memory_buffer_alloc.c.obj)
 .text.mbedtls_memory_buffer_alloc_init
                0x0000000000045fa0       0x64 modules/nrfxlib/nrfxlib/nrf_security/src/zephyr/libmbedtls_zephyr.a(memory_buffer_alloc.c.obj)
                0x0000000000045fa0                mbedtls_memory_buffer_alloc_init
 .text.z_sys_init_run_level
                0x0000000000046004       0x40 zephyr/kernel/libkernel.a(device.c.obj)
                0x0000000000046004                z_sys_init_run_level
 .text.z_impl_z_errno
                0x0000000000046044        0xc zephyr/kernel/libkernel.a(errno.c.obj)
                0x0000000000046044                z_impl_z_errno
 .text.z_fatal_error
                0x0000000000046050       0xc4 zephyr/kernel/libkernel.a(fatal.c.obj)
                0x0000000000046050                z_fatal_error
 .text.init_idle_thread
                0x0000000000046114       0x54 zephyr/kernel/libkernel.a(init.c.obj)
 .text.bg_thread_main
                0x0000000000046168       0x34 zephyr/kernel/libkernel.a(init.c.obj)
 .text.z_bss_zero
                0x000000000004619c       0x14 zephyr/kernel/libkernel.a(init.c.obj)
                0x000000000004619c                z_bss_zero
 .text.z_cstart
                0x00000000000461b0       0xe8 zephyr/kernel/libkernel.a(init.c.obj)
                0x00000000000461b0                z_cstart
 .text.statics_init
                0x0000000000046298       0x24 zephyr/kernel/libkernel.a(kheap.c.obj)
 .text.init_mem_slab_module
                0x00000000000462bc       0x44 zephyr/kernel/libkernel.a(mem_slab.c.obj)
 .text.k_mem_slab_alloc
                0x0000000000046300       0x60 zephyr/kernel/libkernel.a(mem_slab.c.obj)
                0x0000000000046300                k_mem_slab_alloc
 .text.z_setup_new_thread
                0x0000000000046360       0x60 zephyr/kernel/libkernel.a(thread.c.obj)
                0x0000000000046360                z_setup_new_thread
 .text.z_impl_k_thread_create
                0x00000000000463c0       0x58 zephyr/kernel/libkernel.a(thread.c.obj)
                0x00000000000463c0                z_impl_k_thread_create
 .text.z_init_static_threads
                0x0000000000046418       0x90 zephyr/kernel/libkernel.a(thread.c.obj)
                0x0000000000046418                z_init_static_threads
 .text.idle     0x00000000000464a8       0x2c zephyr/kernel/libkernel.a(idle.c.obj)
                0x00000000000464a8                idle
 .text.z_impl_k_mutex_lock
                0x00000000000464d4       0xfc zephyr/kernel/libkernel.a(mutex.c.obj)
                0x00000000000464d4                z_impl_k_mutex_lock
 .text.z_impl_k_mutex_unlock
                0x00000000000465d0       0x8c zephyr/kernel/libkernel.a(mutex.c.obj)
                0x00000000000465d0                z_impl_k_mutex_unlock
 .text.z_impl_k_sem_give
                0x000000000004665c       0x40 zephyr/kernel/libkernel.a(sem.c.obj)
                0x000000000004665c                z_impl_k_sem_give
 .text.z_impl_k_sem_take
                0x000000000004669c       0x54 zephyr/kernel/libkernel.a(sem.c.obj)
                0x000000000004669c                z_impl_k_sem_take
 .text.z_reset_time_slice
                0x00000000000466f0       0x2c zephyr/kernel/libkernel.a(sched.c.obj)
                0x00000000000466f0                z_reset_time_slice
 .text.k_sched_time_slice_set
                0x000000000004671c       0x48 zephyr/kernel/libkernel.a(sched.c.obj)
                0x000000000004671c                k_sched_time_slice_set
 .text.z_reschedule
                0x0000000000046764       0x24 zephyr/kernel/libkernel.a(sched.c.obj)
                0x0000000000046764                z_reschedule
 .text.k_sched_lock
                0x0000000000046788       0x28 zephyr/kernel/libkernel.a(sched.c.obj)
                0x0000000000046788                k_sched_lock
 .text.update_cache
                0x00000000000467b0       0x40 zephyr/kernel/libkernel.a(sched.c.obj)
 .text.move_thread_to_end_of_prio_q
                0x00000000000467f0       0x7c zephyr/kernel/libkernel.a(sched.c.obj)
 .text.z_time_slice
                0x000000000004686c       0x84 zephyr/kernel/libkernel.a(sched.c.obj)
                0x000000000004686c                z_time_slice
 .text.ready_thread
                0x00000000000468f0       0x70 zephyr/kernel/libkernel.a(sched.c.obj)
 .text.z_sched_start
                0x0000000000046960       0x3c zephyr/kernel/libkernel.a(sched.c.obj)
                0x0000000000046960                z_sched_start
 .text.unready_thread
                0x000000000004699c       0x30 zephyr/kernel/libkernel.a(sched.c.obj)
 .text.pend     0x00000000000469cc       0x4c zephyr/kernel/libkernel.a(sched.c.obj)
 .text.z_pend_curr
                0x0000000000046a18       0x28 zephyr/kernel/libkernel.a(sched.c.obj)
                0x0000000000046a18                z_pend_curr
 .text.z_set_prio
                0x0000000000046a40       0x98 zephyr/kernel/libkernel.a(sched.c.obj)
                0x0000000000046a40                z_set_prio
 .text.z_impl_k_thread_suspend
                0x0000000000046ad8       0x64 zephyr/kernel/libkernel.a(sched.c.obj)
                0x0000000000046ad8                z_impl_k_thread_suspend
 .text.k_sched_unlock
                0x0000000000046b3c       0x38 zephyr/kernel/libkernel.a(sched.c.obj)
                0x0000000000046b3c                k_sched_unlock
 .text.z_sched_init
                0x0000000000046b74       0x18 zephyr/kernel/libkernel.a(sched.c.obj)
                0x0000000000046b74                z_sched_init
 .text.z_impl_k_yield
                0x0000000000046b8c       0x84 zephyr/kernel/libkernel.a(sched.c.obj)
                0x0000000000046b8c                z_impl_k_yield
 .text.z_tick_sleep
                0x0000000000046c10       0x98 zephyr/kernel/libkernel.a(sched.c.obj)
 .text.z_impl_k_sleep
                0x0000000000046ca8       0x28 zephyr/kernel/libkernel.a(sched.c.obj)
                0x0000000000046ca8                z_impl_k_sleep
 .text.z_impl_z_current_get
                0x0000000000046cd0        0xc zephyr/kernel/libkernel.a(sched.c.obj)
                0x0000000000046cd0                z_impl_z_current_get
 .text.z_thread_abort
                0x0000000000046cdc       0xa4 zephyr/kernel/libkernel.a(sched.c.obj)
                0x0000000000046cdc                z_thread_abort
 .text.z_data_copy
                0x0000000000046d80       0x34 zephyr/kernel/libkernel.a(xip.c.obj)
                0x0000000000046d80                z_data_copy
 .text.elapsed  0x0000000000046db4       0x14 zephyr/kernel/libkernel.a(timeout.c.obj)
 .text.remove_timeout
                0x0000000000046dc8       0x34 zephyr/kernel/libkernel.a(timeout.c.obj)
 .text.next_timeout
                0x0000000000046dfc       0x58 zephyr/kernel/libkernel.a(timeout.c.obj)
 .text.z_add_timeout
                0x0000000000046e54      0x110 zephyr/kernel/libkernel.a(timeout.c.obj)
                0x0000000000046e54                z_add_timeout
 .text.sys_clock_announce
                0x0000000000046f64       0xd4 zephyr/kernel/libkernel.a(timeout.c.obj)
                0x0000000000046f64                sys_clock_announce
 .text.sys_clock_tick_get
                0x0000000000047038       0x34 zephyr/kernel/libkernel.a(timeout.c.obj)
                0x0000000000047038                sys_clock_tick_get
 .text.z_timer_expiration_handler
                0x000000000004706c       0x88 zephyr/kernel/libkernel.a(timer.c.obj)
                0x000000000004706c                z_timer_expiration_handler
 .text.z_impl_k_timer_start
                0x00000000000470f4       0xc0 zephyr/kernel/libkernel.a(timer.c.obj)
                0x00000000000470f4                z_impl_k_timer_start
 .text.boot_banner
                0x00000000000471b4       0x18 zephyr/kernel/libkernel.a(banner.c.obj)
                0x00000000000471b4                boot_banner
 .text.tfm_platform_system_reset
                0x00000000000471cc       0x1c tfm/app/libtfm_api_ns.a(tfm_platform_func_api.o)
                0x00000000000471cc                tfm_platform_system_reset
 .text.psa_import_key
                0x00000000000471e8       0x48 tfm/app/libtfm_api_ns.a(tfm_crypto_func_api.o)
                0x00000000000471e8                psa_import_key
 .text.psa_destroy_key
                0x0000000000047230       0x34 tfm/app/libtfm_api_ns.a(tfm_crypto_func_api.o)
                0x0000000000047230                psa_destroy_key
 .text.psa_reset_key_attributes
                0x0000000000047264       0x38 tfm/app/libtfm_api_ns.a(tfm_crypto_func_api.o)
                0x0000000000047264                psa_reset_key_attributes
 .text.psa_export_public_key
                0x000000000004729c       0x44 tfm/app/libtfm_api_ns.a(tfm_crypto_func_api.o)
                0x000000000004729c                psa_export_public_key
 .text.psa_hash_compute
                0x00000000000472e0       0x50 tfm/app/libtfm_api_ns.a(tfm_crypto_func_api.o)
                0x00000000000472e0                psa_hash_compute
 .text.psa_sign_hash
                0x0000000000047330       0x54 tfm/app/libtfm_api_ns.a(tfm_crypto_func_api.o)
                0x0000000000047330                psa_sign_hash
 .text.psa_verify_hash
                0x0000000000047384       0x4c tfm/app/libtfm_api_ns.a(tfm_crypto_func_api.o)
                0x0000000000047384                psa_verify_hash
 .text.psa_generate_random
                0x00000000000473d0       0x40 tfm/app/libtfm_api_ns.a(tfm_crypto_func_api.o)
                0x00000000000473d0                psa_generate_random
 .text.psa_generate_key
                0x0000000000047410       0x44 tfm/app/libtfm_api_ns.a(tfm_crypto_func_api.o)
                0x0000000000047410                psa_generate_key
 .text._OffsetAbsSyms
                0x0000000000047454        0x2 zephyr/CMakeFiles/offsets.dir/./arch/arm/core/offsets/offsets.c.obj
                0x0000000000047454                _OffsetAbsSyms
 .text.crypto_init
                0x0000000000047456       0x10 app/libapp.a(main.c.obj)
                0x0000000000047456                crypto_init
 .text.sys_notify_validate
                0x0000000000047466       0x22 zephyr/libzephyr.a(notify.c.obj)
                0x0000000000047466                sys_notify_validate
 .text.sys_notify_finalize
                0x0000000000047488       0x1a zephyr/libzephyr.a(notify.c.obj)
                0x0000000000047488                sys_notify_finalize
 .text.arch_printk_char_out
                0x00000000000474a2        0x4 zephyr/libzephyr.a(printk.c.obj)
                0x00000000000474a2                arch_printk_char_out
 .text.str_out  0x00000000000474a6       0x26 zephyr/libzephyr.a(printk.c.obj)
 .text.printk   0x00000000000474cc       0x1a zephyr/libzephyr.a(printk.c.obj)
                0x00000000000474cc                printk
 .text.snprintk
                0x00000000000474e6       0x1a zephyr/libzephyr.a(printk.c.obj)
                0x00000000000474e6                snprintk
 .text.process_recheck
                0x0000000000047500       0x38 zephyr/libzephyr.a(onoff.c.obj)
 .text.notify_one
                0x0000000000047538       0x2c zephyr/libzephyr.a(onoff.c.obj)
 .text.transition_complete
                0x0000000000047564       0x1c zephyr/libzephyr.a(onoff.c.obj)
 .text.validate_args
                0x0000000000047580       0x1e zephyr/libzephyr.a(onoff.c.obj)
 .text.onoff_manager_init
                0x000000000004759e       0x26 zephyr/libzephyr.a(onoff.c.obj)
                0x000000000004759e                onoff_manager_init
 .text.onoff_request
                0x00000000000475c4       0x92 zephyr/libzephyr.a(onoff.c.obj)
                0x00000000000475c4                onoff_request
 .text.z_thread_entry
                0x0000000000047656       0x14 zephyr/libzephyr.a(thread_entry.c.obj)
                0x0000000000047656                z_thread_entry
 .text.chunk_size
                0x000000000004766a        0xa zephyr/libzephyr.a(heap.c.obj)
 .text.free_list_add
                0x0000000000047674       0x4e zephyr/libzephyr.a(heap.c.obj)
 .text.free_list_remove_bidx
                0x00000000000476c2       0x3a zephyr/libzephyr.a(heap.c.obj)
 .text.free_list_remove
                0x00000000000476fc       0x1a zephyr/libzephyr.a(heap.c.obj)
 .text.alloc_chunk
                0x0000000000047716       0x6c zephyr/libzephyr.a(heap.c.obj)
 .text.merge_chunks
                0x0000000000047782       0x2e zephyr/libzephyr.a(heap.c.obj)
 .text.split_chunks
                0x00000000000477b0       0x34 zephyr/libzephyr.a(heap.c.obj)
 .text.free_chunk
                0x00000000000477e4       0x62 zephyr/libzephyr.a(heap.c.obj)
 .text.sys_heap_free
                0x0000000000047846       0x1e zephyr/libzephyr.a(heap.c.obj)
                0x0000000000047846                sys_heap_free
 .text.sys_heap_alloc
                0x0000000000047864       0x54 zephyr/libzephyr.a(heap.c.obj)
                0x0000000000047864                sys_heap_alloc
 .text.sys_heap_aligned_alloc
                0x00000000000478b8       0xd0 zephyr/libzephyr.a(heap.c.obj)
                0x00000000000478b8                sys_heap_aligned_alloc
 .text.sys_heap_init
                0x0000000000047988       0x6c zephyr/libzephyr.a(heap.c.obj)
                0x0000000000047988                sys_heap_init
 .text.encode_uint
                0x00000000000479f4       0x96 zephyr/libzephyr.a(cbprintf_complete.c.obj)
 .text.outs     0x0000000000047a8a       0x2c zephyr/libzephyr.a(cbprintf_complete.c.obj)
 .text._ConfigAbsSyms
                0x0000000000047ab6        0x2 zephyr/libzephyr.a(configs.c.obj)
                0x0000000000047ab6                _ConfigAbsSyms
 .text.pm_power_state_set
                0x0000000000047ab8       0x26 zephyr/libzephyr.a(power.c.obj)
                0x0000000000047ab8                pm_power_state_set
 .text.pm_power_state_exit_post_ops
                0x0000000000047ade       0x16 zephyr/libzephyr.a(power.c.obj)
                0x0000000000047ade                pm_power_state_exit_post_ops
 .text.log_list_init
                0x0000000000047af4        0x8 zephyr/libzephyr.a(log_list.c.obj)
                0x0000000000047af4                log_list_init
 .text.log_list_add_tail
                0x0000000000047afc       0x14 zephyr/libzephyr.a(log_list.c.obj)
                0x0000000000047afc                log_list_add_tail
 .text.log_list_head_peek
                0x0000000000047b10        0x4 zephyr/libzephyr.a(log_list.c.obj)
                0x0000000000047b10                log_list_head_peek
 .text.log_list_head_get
                0x0000000000047b14        0xc zephyr/libzephyr.a(log_list.c.obj)
                0x0000000000047b14                log_list_head_get
 .text.z_log_msg_std_alloc
                0x0000000000047b20       0x12 zephyr/libzephyr.a(log_core.c.obj)
 .text.default_get_timestamp
                0x0000000000047b32        0x4 zephyr/libzephyr.a(log_core.c.obj)
 .text.dummy_timestamp
                0x0000000000047b36        0x4 zephyr/libzephyr.a(log_core.c.obj)
 .text.z_log_get_s_mask
                0x0000000000047b3a       0x40 zephyr/libzephyr.a(log_core.c.obj)
                0x0000000000047b3a                z_log_get_s_mask
 .text.log_0    0x0000000000047b7a       0x1a zephyr/libzephyr.a(log_core.c.obj)
                0x0000000000047b7a                log_0
 .text.log_1    0x0000000000047b94       0x28 zephyr/libzephyr.a(log_core.c.obj)
                0x0000000000047b94                log_1
 .text.log_2    0x0000000000047bbc       0x32 zephyr/libzephyr.a(log_core.c.obj)
                0x0000000000047bbc                log_2
 .text.log_3    0x0000000000047bee       0x38 zephyr/libzephyr.a(log_core.c.obj)
                0x0000000000047bee                log_3
 .text.log_hexdump
                0x0000000000047c26       0x16 zephyr/libzephyr.a(log_core.c.obj)
                0x0000000000047c26                log_hexdump
 .text.z_log_get_tag
                0x0000000000047c3c        0x4 zephyr/libzephyr.a(log_core.c.obj)
                0x0000000000047c3c                z_log_get_tag
 .text.log_msg_hexdump_data_op
                0x0000000000047c40       0xac zephyr/libzephyr.a(log_msg.c.obj)
 .text.log_msg_get
                0x0000000000047cec       0x12 zephyr/libzephyr.a(log_msg.c.obj)
                0x0000000000047cec                log_msg_get
 .text.log_msg_nargs_get
                0x0000000000047cfe        0x6 zephyr/libzephyr.a(log_msg.c.obj)
                0x0000000000047cfe                log_msg_nargs_get
 .text.log_msg_arg_get
                0x0000000000047d04       0x3e zephyr/libzephyr.a(log_msg.c.obj)
                0x0000000000047d04                log_msg_arg_get
 .text.log_msg_put
                0x0000000000047d42       0x1e zephyr/libzephyr.a(log_msg.c.obj)
                0x0000000000047d42                log_msg_put
 .text.log_msg_str_get
                0x0000000000047d60        0x4 zephyr/libzephyr.a(log_msg.c.obj)
                0x0000000000047d60                log_msg_str_get
 .text.log_msg_hexdump_create
                0x0000000000047d64       0xa6 zephyr/libzephyr.a(log_msg.c.obj)
                0x0000000000047d64                log_msg_hexdump_create
 .text.log_msg_hexdump_data_get
                0x0000000000047e0a        0xe zephyr/libzephyr.a(log_msg.c.obj)
                0x0000000000047e0a                log_msg_hexdump_data_get
 .text.buffer_write
                0x0000000000047e18       0x1a zephyr/libzephyr.a(log_output.c.obj)
 .text.std_print
                0x0000000000047e32      0x2ba zephyr/libzephyr.a(log_output.c.obj)
 .text.log_output_flush
                0x00000000000480ec       0x1a zephyr/libzephyr.a(log_output.c.obj)
                0x00000000000480ec                log_output_flush
 .text.out_func
                0x0000000000048106       0x2e zephyr/libzephyr.a(log_output.c.obj)
 .text.pm_policy_next_state
                0x0000000000048134        0xa zephyr/libzephyr.a(residency.c.obj)
                0x0000000000048134                pm_policy_next_state
 .text.z_do_kernel_oops
                0x000000000004813e        0x8 zephyr/arch/arch/arm/core/aarch32/libarch__arm__core__aarch32.a(fatal.c.obj)
                0x000000000004813e                z_do_kernel_oops
 .text.z_irq_spurious
                0x0000000000048146        0x8 zephyr/arch/arch/arm/core/aarch32/libarch__arm__core__aarch32.a(irq_manage.c.obj)
                0x0000000000048146                z_irq_spurious
 .text.z_arm_nmi
                0x000000000004814e        0xe zephyr/arch/arch/arm/core/aarch32/libarch__arm__core__aarch32.a(nmi.c.obj)
                0x000000000004814e                z_arm_nmi
 .text.configure_builtin_stack_guard
                0x000000000004815c        0x8 zephyr/arch/arch/arm/core/aarch32/libarch__arm__core__aarch32.a(thread.c.obj)
                0x000000000004815c                configure_builtin_stack_guard
 .text.z_arm_save_fp_context
                0x0000000000048164        0x2 zephyr/arch/arch/arm/core/aarch32/cortex_m/libarch__arm__core__aarch32__cortex_m.a(fpu.c.obj)
                0x0000000000048164                z_arm_save_fp_context
 .text.z_arm_restore_fp_context
                0x0000000000048166        0x2 zephyr/arch/arch/arm/core/aarch32/cortex_m/libarch__arm__core__aarch32__cortex_m.a(fpu.c.obj)
                0x0000000000048166                z_arm_restore_fp_context
 .text.arm_cmse_mpu_region_get
                0x0000000000048168       0x12 zephyr/arch/arch/arm/core/aarch32/cortex_m/cmse/libarch__arm__core__aarch32__cortex_m__cmse.a(arm_core_cmse.c.obj)
                0x0000000000048168                arm_cmse_mpu_region_get
 .text.mpu_configure_region
                0x000000000004817a       0x32 zephyr/arch/arch/arm/core/aarch32/mpu/libarch__arm__core__aarch32__mpu.a(arm_mpu.c.obj)
 .text.free     0x00000000000481ac        0x2 zephyr/lib/libc/minimal/liblib__libc__minimal.a(malloc.c.obj)
                0x00000000000481ac                free
 .text.calloc   0x00000000000481ae       0x2c zephyr/lib/libc/minimal/liblib__libc__minimal.a(malloc.c.obj)
                0x00000000000481ae                calloc
 .text.strcpy   0x00000000000481da       0x14 zephyr/lib/libc/minimal/liblib__libc__minimal.a(string.c.obj)
                0x00000000000481da                strcpy
 .text.strncpy  0x00000000000481ee       0x26 zephyr/lib/libc/minimal/liblib__libc__minimal.a(string.c.obj)
                0x00000000000481ee                strncpy
 .text.strlen   0x0000000000048214        0xe zephyr/lib/libc/minimal/liblib__libc__minimal.a(string.c.obj)
                0x0000000000048214                strlen
 .text.strnlen  0x0000000000048222       0x12 zephyr/lib/libc/minimal/liblib__libc__minimal.a(string.c.obj)
                0x0000000000048222                strnlen
 .text.memcpy   0x0000000000048234       0x16 zephyr/lib/libc/minimal/liblib__libc__minimal.a(string.c.obj)
                0x0000000000048234                memcpy
 .text.memset   0x000000000004824a       0x12 zephyr/lib/libc/minimal/liblib__libc__minimal.a(string.c.obj)
                0x000000000004824a                memset
 .text._stdout_hook_default
                0x000000000004825c        0x6 zephyr/lib/libc/minimal/liblib__libc__minimal.a(stdout_console.c.obj)
 .text.get_status
                0x0000000000048262       0x12 zephyr/drivers/clock_control/libdrivers__clock_control.a(clock_control_nrf.c.obj)
 .text.set_off_state
                0x0000000000048274       0x32 zephyr/drivers/clock_control/libdrivers__clock_control.a(clock_control_nrf.c.obj)
 .text.set_starting_state
                0x00000000000482a6       0x3c zephyr/drivers/clock_control/libdrivers__clock_control.a(clock_control_nrf.c.obj)
 .text.set_on_state
                0x00000000000482e2       0x26 zephyr/drivers/clock_control/libdrivers__clock_control.a(clock_control_nrf.c.obj)
 .text.onoff_started_callback
                0x0000000000048308       0x12 zephyr/drivers/clock_control/libdrivers__clock_control.a(clock_control_nrf.c.obj)
 .text.lfclk_start
                0x000000000004831a        0x6 zephyr/drivers/clock_control/libdrivers__clock_control.a(clock_control_nrf.c.obj)
 .text.lfclk_stop
                0x0000000000048320        0x6 zephyr/drivers/clock_control/libdrivers__clock_control.a(clock_control_nrf.c.obj)
 .text.blocking_start_callback
                0x0000000000048326        0x6 zephyr/drivers/clock_control/libdrivers__clock_control.a(clock_control_nrf.c.obj)
 .text.api_stop
                0x000000000004832c       0x28 zephyr/drivers/clock_control/libdrivers__clock_control.a(clock_control_nrf.c.obj)
 .text.api_start
                0x0000000000048354       0x34 zephyr/drivers/clock_control/libdrivers__clock_control.a(clock_control_nrf.c.obj)
 .text.gpio_nrfx_port_get_raw
                0x0000000000048388        0xc zephyr/drivers/gpio/libdrivers__gpio.a(gpio_nrfx.c.obj)
 .text.gpio_nrfx_port_set_masked_raw
                0x0000000000048394       0x12 zephyr/drivers/gpio/libdrivers__gpio.a(gpio_nrfx.c.obj)
 .text.gpio_nrfx_port_set_bits_raw
                0x00000000000483a6        0xa zephyr/drivers/gpio/libdrivers__gpio.a(gpio_nrfx.c.obj)
 .text.gpio_nrfx_port_clear_bits_raw
                0x00000000000483b0        0xa zephyr/drivers/gpio/libdrivers__gpio.a(gpio_nrfx.c.obj)
 .text.gpio_nrfx_port_toggle_bits
                0x00000000000483ba        0xe zephyr/drivers/gpio/libdrivers__gpio.a(gpio_nrfx.c.obj)
 .text.gpio_nrfx_manage_callback
                0x00000000000483c8       0x56 zephyr/drivers/gpio/libdrivers__gpio.a(gpio_nrfx.c.obj)
 .text.uarte_nrfx_isr_int
                0x000000000004841e       0x74 zephyr/drivers/serial/libdrivers__serial.a(uart_nrfx_uarte.c.obj)
 .text.uarte_nrfx_config_get
                0x0000000000048492       0x10 zephyr/drivers/serial/libdrivers__serial.a(uart_nrfx_uarte.c.obj)
 .text.uarte_nrfx_err_check
                0x00000000000484a2        0xe zephyr/drivers/serial/libdrivers__serial.a(uart_nrfx_uarte.c.obj)
 .text.is_tx_ready
                0x00000000000484b0       0x20 zephyr/drivers/serial/libdrivers__serial.a(uart_nrfx_uarte.c.obj)
 .text.uarte_nrfx_poll_in
                0x00000000000484d0       0x26 zephyr/drivers/serial/libdrivers__serial.a(uart_nrfx_uarte.c.obj)
 .text.entropy_cc3xx_rng_get_entropy
                0x00000000000484f6       0x14 zephyr/drivers/entropy/libdrivers__entropy.a(entropy_cc310.c.obj)
 .text.entropy_cc3xx_rng_init
                0x000000000004850a       0x10 zephyr/drivers/entropy/libdrivers__entropy.a(entropy_cc310.c.obj)
 .text.sys_clock_idle_exit
                0x000000000004851a        0x2 zephyr/drivers/timer/libdrivers__timer.a(sys_clock_init.c.obj)
                0x000000000004851a                sys_clock_idle_exit
 .text.sys_clock_cycle_get_32
                0x000000000004851c        0x8 zephyr/drivers/timer/libdrivers__timer.a(nrf_rtc_timer.c.obj)
                0x000000000004851c                sys_clock_cycle_get_32
 .text.nrf_modem_os_busywait
                0x0000000000048524        0x4 modules/nrf/lib/nrf_modem_lib/lib..__nrf__lib__nrf_modem_lib.a(nrf_modem_os.c.obj)
                0x0000000000048524                nrf_modem_os_busywait
 .text.nrf_modem_os_is_in_isr
                0x0000000000048528        0x4 modules/nrf/lib/nrf_modem_lib/lib..__nrf__lib__nrf_modem_lib.a(nrf_modem_os.c.obj)
                0x0000000000048528                nrf_modem_os_is_in_isr
 .text.nrf_modem_os_sem_give
                0x000000000004852c        0x4 modules/nrf/lib/nrf_modem_lib/lib..__nrf__lib__nrf_modem_lib.a(nrf_modem_os.c.obj)
                0x000000000004852c                nrf_modem_os_sem_give
 .text.nrf_modem_os_sem_take
                0x0000000000048530       0x24 modules/nrf/lib/nrf_modem_lib/lib..__nrf__lib__nrf_modem_lib.a(nrf_modem_os.c.obj)
                0x0000000000048530                nrf_modem_os_sem_take
 .text.read_task_create
                0x0000000000048554       0x16 modules/nrf/lib/nrf_modem_lib/lib..__nrf__lib__nrf_modem_lib.a(nrf_modem_os.c.obj)
                0x0000000000048554                read_task_create
 .text.nrf_modem_os_trace_put
                0x000000000004856a        0x4 modules/nrf/lib/nrf_modem_lib/lib..__nrf__lib__nrf_modem_lib.a(nrf_modem_os.c.obj)
                0x000000000004856a                nrf_modem_os_trace_put
 .text.ns_interface_init
                0x000000000004856e        0x4 modules/trusted-firmware-m/libtfm_api.a(interface.c.obj)
 .text.sys_arch_reboot
                0x0000000000048572        0x4 modules/trusted-firmware-m/libtfm_api.a(reboot.c.obj)
                0x0000000000048572                sys_arch_reboot
 .text.nrfx_isr
                0x0000000000048576        0x2 modules/hal_nordic/nrfx/libmodules__hal_nordic__nrfx.a(nrfx_glue.c.obj)
                0x0000000000048576                nrfx_isr
 .text.nrfx_busy_wait
                0x0000000000048578        0x4 modules/hal_nordic/nrfx/libmodules__hal_nordic__nrfx.a(nrfx_glue.c.obj)
                0x0000000000048578                nrfx_busy_wait
 .text.nrfx_clock_enable
                0x000000000004857c       0x16 modules/hal_nordic/nrfx/libmodules__hal_nordic__nrfx.a(nrfx_clock.c.obj)
                0x000000000004857c                nrfx_clock_enable
 .text.SEGGER_RTT_Init
                0x0000000000048592        0x4 modules/segger/libmodules__segger.a(SEGGER_RTT.c.obj)
                0x0000000000048592                SEGGER_RTT_Init
 .text.rtt_init
                0x0000000000048596        0xa modules/segger/libmodules__segger.a(SEGGER_RTT_zephyr.c.obj)
 .text.rpc_handle_ctrl_message
                0x00000000000485a0       0x30 /opt/nordic/ncs/v1.9.1/nrfxlib/nrf_modem/lib/cortex-m33/soft-float/libmodem.a(rpc_framework.c.obj)
                0x00000000000485a0                rpc_handle_ctrl_message
 .text.rpc_message_send
                0x00000000000485d0       0x10 /opt/nordic/ncs/v1.9.1/nrfxlib/nrf_modem/lib/cortex-m33/soft-float/libmodem.a(rpc_framework.c.obj)
                0x00000000000485d0                rpc_message_send
 .text.rpc_message_alloc
                0x00000000000485e0       0x30 /opt/nordic/ncs/v1.9.1/nrfxlib/nrf_modem/lib/cortex-m33/soft-float/libmodem.a(rpc_framework.c.obj)
                0x00000000000485e0                rpc_message_alloc
 .text.rpc_message_data_free
                0x0000000000048610        0x4 /opt/nordic/ncs/v1.9.1/nrfxlib/nrf_modem/lib/cortex-m33/soft-float/libmodem.a(rpc_framework.c.obj)
                0x0000000000048610                rpc_message_data_free
 .text.rpc_transport_data_msg_alloc
                0x0000000000048614        0x4 /opt/nordic/ncs/v1.9.1/nrfxlib/nrf_modem/lib/cortex-m33/soft-float/libmodem.a(rpc_transport.c.obj)
                0x0000000000048614                rpc_transport_data_msg_alloc
 .text.rpc_transport_msg_free
                0x0000000000048618        0x4 /opt/nordic/ncs/v1.9.1/nrfxlib/nrf_modem/lib/cortex-m33/soft-float/libmodem.a(rpc_transport.c.obj)
                0x0000000000048618                rpc_transport_msg_free
 .text.rpc_transport_data_alloc
                0x000000000004861c        0x4 /opt/nordic/ncs/v1.9.1/nrfxlib/nrf_modem/lib/cortex-m33/soft-float/libmodem.a(rpc_transport.c.obj)
                0x000000000004861c                rpc_transport_data_alloc
 .text.rpc_transport_local_data_free
                0x0000000000048620        0x4 /opt/nordic/ncs/v1.9.1/nrfxlib/nrf_modem/lib/cortex-m33/soft-float/libmodem.a(rpc_transport.c.obj)
                0x0000000000048620                rpc_transport_local_data_free
 .text.rpc_transport_peer_data_free
                0x0000000000048624        0x4 /opt/nordic/ncs/v1.9.1/nrfxlib/nrf_modem/lib/cortex-m33/soft-float/libmodem.a(rpc_transport.c.obj)
                0x0000000000048624                rpc_transport_peer_data_free
 .text.rpc_transport_data_msg_send
                0x0000000000048628        0x4 /opt/nordic/ncs/v1.9.1/nrfxlib/nrf_modem/lib/cortex-m33/soft-float/libmodem.a(rpc_transport.c.obj)
                0x0000000000048628                rpc_transport_data_msg_send
 .text.rpc_transport_ipc_local_data_free
                0x000000000004862c        0xe /opt/nordic/ncs/v1.9.1/nrfxlib/nrf_modem/lib/cortex-m33/soft-float/libmodem.a(rpc_transport_ipc.c.obj)
                0x000000000004862c                rpc_transport_ipc_local_data_free
 .text.rpc_transport_ipc_peer_data_free
                0x000000000004863a       0x24 /opt/nordic/ncs/v1.9.1/nrfxlib/nrf_modem/lib/cortex-m33/soft-float/libmodem.a(rpc_transport_ipc.c.obj)
                0x000000000004863a                rpc_transport_ipc_peer_data_free
 .text.rpc_client_request_alloc
                0x000000000004865e        0xc /opt/nordic/ncs/v1.9.1/nrfxlib/nrf_modem/lib/cortex-m33/soft-float/libmodem.a(rpc_client.c.obj)
                0x000000000004865e                rpc_client_request_alloc
 .text.rpc_client_request_send
                0x000000000004866a        0xe /opt/nordic/ncs/v1.9.1/nrfxlib/nrf_modem/lib/cortex-m33/soft-float/libmodem.a(rpc_client.c.obj)
                0x000000000004866a                rpc_client_request_send
 .text.rpc_client_data_free
                0x0000000000048678        0x4 /opt/nordic/ncs/v1.9.1/nrfxlib/nrf_modem/lib/cortex-m33/soft-float/libmodem.a(rpc_client.c.obj)
                0x0000000000048678                rpc_client_data_free
 .text.ip_interface_request_create
                0x000000000004867c       0x26 /opt/nordic/ncs/v1.9.1/nrfxlib/nrf_modem/lib/cortex-m33/soft-float/libmodem.a(ip_interface.c.obj)
                0x000000000004867c                ip_interface_request_create
 .text.ip_interface_wait
                0x00000000000486a2       0x20 /opt/nordic/ncs/v1.9.1/nrfxlib/nrf_modem/lib/cortex-m33/soft-float/libmodem.a(ip_interface.c.obj)
                0x00000000000486a2                ip_interface_wait
 .text.secure_client_socket
                0x00000000000486c2       0x70 /opt/nordic/ncs/v1.9.1/nrfxlib/nrf_modem/lib/cortex-m33/soft-float/libmodem.a(tls_interface.c.obj)
 .text.nrf_modem_recoverable_error_handler
                0x0000000000048732        0x2 /opt/nordic/ncs/v1.9.1/nrfxlib/nrf_modem/lib/cortex-m33/soft-float/libmodem.a(nrf_modem.c.obj)
                0x0000000000048732                nrf_modem_recoverable_error_handler
 .text.nrf_modem_platform_error_handler
                0x0000000000048734        0x8 /opt/nordic/ncs/v1.9.1/nrfxlib/nrf_modem/lib/cortex-m33/soft-float/libmodem.a(nrf_modem.c.obj)
                0x0000000000048734                nrf_modem_platform_error_handler
 .text.rpc_transport_ipc_fault_handler
                0x000000000004873c        0x4 /opt/nordic/ncs/v1.9.1/nrfxlib/nrf_modem/lib/cortex-m33/soft-float/libmodem.a(nrf_modem_platform.c.obj)
                0x000000000004873c                rpc_transport_ipc_fault_handler
 .text.nrf_modem_platform_init
                0x0000000000048740       0x34 /opt/nordic/ncs/v1.9.1/nrfxlib/nrf_modem/lib/cortex-m33/soft-float/libmodem.a(nrf_modem_platform.c.obj)
                0x0000000000048740                nrf_modem_platform_init
 .text.mbedtls_heap_init
                0x0000000000048774        0xa modules/nrfxlib/nrfxlib/nrf_security/src/zephyr/libmbedtls_zephyr.a(mbedtls_heap.c.obj)
 .text.z_device_state_init
                0x000000000004877e        0x2 zephyr/kernel/libkernel.a(device.c.obj)
                0x000000000004877e                z_device_state_init
 .text.z_device_ready
                0x0000000000048780       0x14 zephyr/kernel/libkernel.a(device.c.obj)
                0x0000000000048780                z_device_ready
 .text.k_heap_init
                0x0000000000048794       0x10 zephyr/kernel/libkernel.a(kheap.c.obj)
                0x0000000000048794                k_heap_init
 .text.k_heap_aligned_alloc
                0x00000000000487a4       0x8e zephyr/kernel/libkernel.a(kheap.c.obj)
                0x00000000000487a4                k_heap_aligned_alloc
 .text.k_heap_alloc
                0x0000000000048832       0x14 zephyr/kernel/libkernel.a(kheap.c.obj)
                0x0000000000048832                k_heap_alloc
 .text.k_heap_free
                0x0000000000048846       0x3a zephyr/kernel/libkernel.a(kheap.c.obj)
                0x0000000000048846                k_heap_free
 .text.k_mem_slab_init
                0x0000000000048880       0x36 zephyr/kernel/libkernel.a(mem_slab.c.obj)
                0x0000000000048880                k_mem_slab_init
 .text.k_mem_slab_free
                0x00000000000488b6       0x52 zephyr/kernel/libkernel.a(mem_slab.c.obj)
                0x00000000000488b6                k_mem_slab_free
 .text.k_is_in_isr
                0x0000000000048908        0xc zephyr/kernel/libkernel.a(thread.c.obj)
                0x0000000000048908                k_is_in_isr
 .text.z_impl_k_thread_name_set
                0x0000000000048914        0x6 zephyr/kernel/libkernel.a(thread.c.obj)
                0x0000000000048914                z_impl_k_thread_name_set
 .text.k_thread_name_get
                0x000000000004891a        0x4 zephyr/kernel/libkernel.a(thread.c.obj)
                0x000000000004891a                k_thread_name_get
 .text.z_pm_save_idle_exit
                0x000000000004891e        0xe zephyr/kernel/libkernel.a(idle.c.obj)
                0x000000000004891e                z_pm_save_idle_exit
 .text.z_impl_k_mutex_init
                0x000000000004892c        0xe zephyr/kernel/libkernel.a(mutex.c.obj)
                0x000000000004892c                z_impl_k_mutex_init
 .text.z_impl_k_sem_init
                0x000000000004893a       0x18 zephyr/kernel/libkernel.a(sem.c.obj)
                0x000000000004893a                z_impl_k_sem_init
 .text.sys_dlist_remove
                0x0000000000048952       0x10 zephyr/kernel/libkernel.a(sched.c.obj)
 .text.unpend_thread_no_timeout
                0x0000000000048962       0x14 zephyr/kernel/libkernel.a(sched.c.obj)
 .text.z_unpend_thread_no_timeout
                0x0000000000048976       0x20 zephyr/kernel/libkernel.a(sched.c.obj)
                0x0000000000048976                z_unpend_thread_no_timeout
 .text.z_unpend_thread
                0x0000000000048996       0x28 zephyr/kernel/libkernel.a(sched.c.obj)
                0x0000000000048996                z_unpend_thread
 .text.z_reschedule_irqlock
                0x00000000000489be       0x18 zephyr/kernel/libkernel.a(sched.c.obj)
                0x00000000000489be                z_reschedule_irqlock
 .text.z_reschedule_unlocked
                0x00000000000489d6       0x14 zephyr/kernel/libkernel.a(sched.c.obj)
 .text.z_priq_dumb_best
                0x00000000000489ea       0x14 zephyr/kernel/libkernel.a(sched.c.obj)
                0x00000000000489ea                z_priq_dumb_best
 .text.z_ready_thread
                0x00000000000489fe       0x20 zephyr/kernel/libkernel.a(sched.c.obj)
                0x00000000000489fe                z_ready_thread
 .text.z_thread_timeout
                0x0000000000048a1e       0x44 zephyr/kernel/libkernel.a(sched.c.obj)
                0x0000000000048a1e                z_thread_timeout
 .text.add_to_waitq_locked
                0x0000000000048a62       0x5a zephyr/kernel/libkernel.a(sched.c.obj)
 .text.z_unpend1_no_timeout
                0x0000000000048abc       0x2a zephyr/kernel/libkernel.a(sched.c.obj)
                0x0000000000048abc                z_unpend1_no_timeout
 .text.z_unpend_first_thread
                0x0000000000048ae6       0x30 zephyr/kernel/libkernel.a(sched.c.obj)
                0x0000000000048ae6                z_unpend_first_thread
 .text.z_unpend_all
                0x0000000000048b16       0x20 zephyr/kernel/libkernel.a(sched.c.obj)
                0x0000000000048b16                z_unpend_all
 .text.z_abort_timeout
                0x0000000000048b36       0x2c zephyr/kernel/libkernel.a(timeout.c.obj)
                0x0000000000048b36                z_abort_timeout
 .text.z_get_next_timeout_expiry
                0x0000000000048b62       0x20 zephyr/kernel/libkernel.a(timeout.c.obj)
                0x0000000000048b62                z_get_next_timeout_expiry
 .text.z_set_timeout_expiry
                0x0000000000048b82       0x34 zephyr/kernel/libkernel.a(timeout.c.obj)
                0x0000000000048b82                z_set_timeout_expiry
 .text.sys_clock_tick_get_32
                0x0000000000048bb6        0x8 zephyr/kernel/libkernel.a(timeout.c.obj)
                0x0000000000048bb6                sys_clock_tick_get_32
 .text.z_impl_k_uptime_ticks
                0x0000000000048bbe        0x4 zephyr/kernel/libkernel.a(timeout.c.obj)
                0x0000000000048bbe                z_impl_k_uptime_ticks
 .text.z_impl_k_busy_wait
                0x0000000000048bc2        0x8 zephyr/kernel/libkernel.a(timeout.c.obj)
                0x0000000000048bc2                z_impl_k_busy_wait
 .text.sys_clock_timeout_end_calc
                0x0000000000048bca       0x52 zephyr/kernel/libkernel.a(timeout.c.obj)
                0x0000000000048bca                sys_clock_timeout_end_calc
 .text.k_timer_init
                0x0000000000048c1c       0x18 zephyr/kernel/libkernel.a(timer.c.obj)
                0x0000000000048c1c                k_timer_init
 .text.z_impl_k_timer_stop
                0x0000000000048c34       0x3a zephyr/kernel/libkernel.a(timer.c.obj)
                0x0000000000048c34                z_impl_k_timer_stop
 .text.psa_crypto_init
                0x0000000000048c6e        0x4 tfm/app/libtfm_api_ns.a(tfm_crypto_func_api.o)
                0x0000000000048c6e                psa_crypto_init
 *(SORT_BY_ALIGNMENT(.TEXT.*))
 *fill*         0x0000000000048c72        0x2 
 .TEXT.z_arm_platform_init
                0x0000000000048c74        0x4 zephyr/libzephyr.a(soc_nrf_common.S.obj)
                0x0000000000048c74                z_arm_platform_init
 *(SORT_BY_ALIGNMENT(.gnu.linkonce.t.*))
 *(SORT_BY_ALIGNMENT(.glue_7t))
 .glue_7t       0x0000000000048c78        0x0 linker stubs
 *(SORT_BY_ALIGNMENT(.glue_7))
 .glue_7        0x0000000000048c78        0x0 linker stubs
 *(SORT_BY_ALIGNMENT(.vfp11_veneer))
 .vfp11_veneer  0x0000000000048c78        0x0 linker stubs
 *(SORT_BY_ALIGNMENT(.v4_bx))
 .v4_bx         0x0000000000048c78        0x0 linker stubs
                0x0000000000048c78                __text_region_end = .

.ARM.exidx      0x0000000000048c78        0x8
                0x0000000000048c78                __exidx_start = .
 *(SORT_BY_ALIGNMENT(.ARM.exidx*) SORT_BY_ALIGNMENT(gnu.linkonce.armexidx.*))
 .ARM.exidx     0x0000000000048c78        0x8 /opt/nordic/ncs/v1.9.1/toolchain/bin/../lib/gcc/arm-none-eabi/9.2.1/thumb/v8-m.main/nofp/libgcc.a(_udivmoddi4.o)
                0x0000000000048c80                __exidx_end = .
                0x0000000000048c80                __rodata_region_start = .

initlevel       0x0000000000048c80       0x70
                0x0000000000048c80                __init_start = .
                0x0000000000048c80                __init_PRE_KERNEL_1_start = .
 *(SORT_BY_NAME(SORT_BY_ALIGNMENT(.z_init_PRE_KERNEL_1[0-9]_*)))
 .z_init_PRE_KERNEL_10_
                0x0000000000048c80        0x8 zephyr/libzephyr.a(soc.c.obj)
 *(SORT_BY_NAME(SORT_BY_ALIGNMENT(.z_init_PRE_KERNEL_1[1-9][0-9]_*)))
 .z_init_PRE_KERNEL_130_
                0x0000000000048c88        0x8 zephyr/drivers/clock_control/libdrivers__clock_control.a(clock_control_nrf.c.obj)
 .z_init_PRE_KERNEL_130_
                0x0000000000048c90        0x8 modules/segger/libmodules__segger.a(SEGGER_RTT_zephyr.c.obj)
 .z_init_PRE_KERNEL_130_
                0x0000000000048c98        0x8 zephyr/kernel/libkernel.a(kheap.c.obj)
 .z_init_PRE_KERNEL_130_
                0x0000000000048ca0        0x8 zephyr/kernel/libkernel.a(mem_slab.c.obj)
 .z_init_PRE_KERNEL_140_
                0x0000000000048ca8        0x8 zephyr/drivers/gpio/libdrivers__gpio.a(gpio_nrfx.c.obj)
 .z_init_PRE_KERNEL_150_
                0x0000000000048cb0        0x8 zephyr/drivers/entropy/libdrivers__entropy.a(entropy_cc310.c.obj)
 .z_init_PRE_KERNEL_155_
                0x0000000000048cb8        0x8 zephyr/drivers/serial/libdrivers__serial.a(uart_nrfx_uarte.c.obj)
 .z_init_PRE_KERNEL_160_
                0x0000000000048cc0        0x8 zephyr/drivers/console/libdrivers__console.a(uart_console.c.obj)
                0x0000000000048cc8                __init_PRE_KERNEL_2_start = .
 *(SORT_BY_NAME(SORT_BY_ALIGNMENT(.z_init_PRE_KERNEL_2[0-9]_*)))
 .z_init_PRE_KERNEL_20_
                0x0000000000048cc8        0x8 zephyr/drivers/timer/libdrivers__timer.a(nrf_rtc_timer.c.obj)
 *(SORT_BY_NAME(SORT_BY_ALIGNMENT(.z_init_PRE_KERNEL_2[1-9][0-9]_*)))
                0x0000000000048cd0                __init_POST_KERNEL_start = .
 *(SORT_BY_NAME(SORT_BY_ALIGNMENT(.z_init_POST_KERNEL[0-9]_*)))
 .z_init_POST_KERNEL0_
                0x0000000000048cd0        0x8 zephyr/libzephyr.a(log_core.c.obj)
 .z_init_POST_KERNEL0_
                0x0000000000048cd8        0x8 modules/nrf/lib/nrf_modem_lib/lib..__nrf__lib__nrf_modem_lib.a(nrf_modem_lib.c.obj)
 *(SORT_BY_NAME(SORT_BY_ALIGNMENT(.z_init_POST_KERNEL[1-9][0-9]_*)))
 .z_init_POST_KERNEL40_
                0x0000000000048ce0        0x8 modules/trusted-firmware-m/libtfm_api.a(interface.c.obj)
 .z_init_POST_KERNEL50_
                0x0000000000048ce8        0x8 modules/nrfxlib/nrfxlib/nrf_security/src/zephyr/libmbedtls_zephyr.a(mbedtls_heap.c.obj)
                0x0000000000048cf0                __init_APPLICATION_start = .
 *(SORT_BY_NAME(SORT_BY_ALIGNMENT(.z_init_APPLICATION[0-9]_*)))
 *(SORT_BY_NAME(SORT_BY_ALIGNMENT(.z_init_APPLICATION[1-9][0-9]_*)))
                0x0000000000048cf0                __init_SMP_start = .
 *(SORT_BY_NAME(SORT_BY_ALIGNMENT(.z_init_SMP[0-9]_*)))
 *(SORT_BY_NAME(SORT_BY_ALIGNMENT(.z_init_SMP[1-9][0-9]_*)))
                0x0000000000048cf0                __init_end = .

devices         0x0000000000048cf0       0x60
                0x0000000000048cf0                __device_start = .
                0x0000000000048cf0                __device_PRE_KERNEL_1_start = .
 *(SORT_BY_NAME(SORT_BY_ALIGNMENT(.z_device_PRE_KERNEL_1[0-9]_*)))
 *(SORT_BY_NAME(SORT_BY_ALIGNMENT(.z_device_PRE_KERNEL_1[1-9][0-9]_*)))
 .z_device_PRE_KERNEL_130_
                0x0000000000048cf0       0x18 zephyr/drivers/clock_control/libdrivers__clock_control.a(clock_control_nrf.c.obj)
                0x0000000000048cf0                __device_dts_ord_37
 .z_device_PRE_KERNEL_140_
                0x0000000000048d08       0x18 zephyr/drivers/gpio/libdrivers__gpio.a(gpio_nrfx.c.obj)
                0x0000000000048d08                __device_dts_ord_9
 .z_device_PRE_KERNEL_150_
                0x0000000000048d20       0x18 zephyr/drivers/entropy/libdrivers__entropy.a(entropy_cc310.c.obj)
                0x0000000000048d20                __device_dts_ord_5
 .z_device_PRE_KERNEL_155_
                0x0000000000048d38       0x18 zephyr/drivers/serial/libdrivers__serial.a(uart_nrfx_uarte.c.obj)
                0x0000000000048d38                __device_dts_ord_66
                0x0000000000048d50                __device_PRE_KERNEL_2_start = .
 *(SORT_BY_NAME(SORT_BY_ALIGNMENT(.z_device_PRE_KERNEL_2[0-9]_*)))
 *(SORT_BY_NAME(SORT_BY_ALIGNMENT(.z_device_PRE_KERNEL_2[1-9][0-9]_*)))
                0x0000000000048d50                __device_POST_KERNEL_start = .
 *(SORT_BY_NAME(SORT_BY_ALIGNMENT(.z_device_POST_KERNEL[0-9]_*)))
 *(SORT_BY_NAME(SORT_BY_ALIGNMENT(.z_device_POST_KERNEL[1-9][0-9]_*)))
                0x0000000000048d50                __device_APPLICATION_start = .
 *(SORT_BY_NAME(SORT_BY_ALIGNMENT(.z_device_APPLICATION[0-9]_*)))
 *(SORT_BY_NAME(SORT_BY_ALIGNMENT(.z_device_APPLICATION[1-9][0-9]_*)))
                0x0000000000048d50                __device_SMP_start = .
 *(SORT_BY_NAME(SORT_BY_ALIGNMENT(.z_device_SMP[0-9]_*)))
 *(SORT_BY_NAME(SORT_BY_ALIGNMENT(.z_device_SMP[1-9][0-9]_*)))
                0x0000000000048d50                __device_end = .

sw_isr_table    0x0000000000048d50      0x208
                0x0000000000048d50                . = ALIGN (0x0)
 *(SORT_BY_ALIGNMENT(.gnu.linkonce.sw_isr_table*))
 .gnu.linkonce.sw_isr_table
                0x0000000000048d50      0x208 zephyr/CMakeFiles/zephyr_final.dir/isr_tables.c.obj
                0x0000000000048d50                _sw_isr_table

initlevel_error
                0x0000000000048c80        0x0
 *(SORT_BY_NAME(SORT_BY_ALIGNMENT(.z_init_[_A-Z0-9]*)))
                0x0000000000000001                ASSERT ((SIZEOF (initlevel_error) == 0x0), Undefined initialization levels used.)

app_shmem_regions
                0x0000000000048f58        0x0
                0x0000000000048f58                __app_shmem_regions_start = .
 *(SORT_BY_NAME(SORT_BY_ALIGNMENT(.app_regions.*)))
                0x0000000000048f58                __app_shmem_regions_end = .

bt_l2cap_fixed_chan_area
                0x0000000000048f58        0x0
                0x0000000000048f58                _bt_l2cap_fixed_chan_list_start = .
 *(SORT_BY_NAME(SORT_BY_ALIGNMENT(._bt_l2cap_fixed_chan.static.*)))
                0x0000000000048f58                _bt_l2cap_fixed_chan_list_end = .

bt_gatt_service_static_area
                0x0000000000048f58        0x0
                0x0000000000048f58                _bt_gatt_service_static_list_start = .
 *(SORT_BY_NAME(SORT_BY_ALIGNMENT(._bt_gatt_service_static.static.*)))
                0x0000000000048f58                _bt_gatt_service_static_list_end = .

k_p4wq_initparam_area
                0x0000000000048f58        0x0
                0x0000000000048f58                _k_p4wq_initparam_list_start = .
 *(SORT_BY_NAME(SORT_BY_ALIGNMENT(._k_p4wq_initparam.static.*)))
                0x0000000000048f58                _k_p4wq_initparam_list_end = .

log_strings_sections
                0x0000000000048f58        0x0
                0x0000000000048f58                __log_strings_start = .
 *(SORT_BY_NAME(SORT_BY_ALIGNMENT(.log_strings*)))
                0x0000000000048f58                __log_strings_end = .

log_const_sections
                0x0000000000048f58       0x58
                0x0000000000048f58                __log_const_start = .
 *(SORT_BY_NAME(SORT_BY_ALIGNMENT(.log_const_*)))
 .log_const_clock_control
                0x0000000000048f58        0x8 zephyr/drivers/clock_control/libdrivers__clock_control.a(clock_control_nrf.c.obj)
                0x0000000000048f58                log_const_clock_control
 .log_const_ecdsa
                0x0000000000048f60        0x8 app/libapp.a(main.c.obj)
                0x0000000000048f60                log_const_ecdsa
 .log_const_fatal_error