Archive member included to satisfy reference by file (symbol)

app/libapp.a(main.c.obj)      (--whole-archive)
zephyr/libzephyr.a(cbprintf.c.obj)
                              (--whole-archive)
zephyr/libzephyr.a(cbprintf_packaged.c.obj)
                              (--whole-archive)
zephyr/libzephyr.a(crc32c_sw.c.obj)
                              (--whole-archive)
zephyr/libzephyr.a(crc32_sw.c.obj)
                              (--whole-archive)
zephyr/libzephyr.a(crc16_sw.c.obj)
                              (--whole-archive)
zephyr/libzephyr.a(crc8_sw.c.obj)
                              (--whole-archive)
zephyr/libzephyr.a(crc7_sw.c.obj)
                              (--whole-archive)
zephyr/libzephyr.a(dec.c.obj)
                              (--whole-archive)
zephyr/libzephyr.a(fdtable.c.obj)
                              (--whole-archive)
zephyr/libzephyr.a(hex.c.obj)
                              (--whole-archive)
zephyr/libzephyr.a(notify.c.obj)
                              (--whole-archive)
zephyr/libzephyr.a(printk.c.obj)
                              (--whole-archive)
zephyr/libzephyr.a(onoff.c.obj)
                              (--whole-archive)
zephyr/libzephyr.a(rb.c.obj)  (--whole-archive)
zephyr/libzephyr.a(sem.c.obj)
                              (--whole-archive)
zephyr/libzephyr.a(thread_entry.c.obj)
                              (--whole-archive)
zephyr/libzephyr.a(timeutil.c.obj)
                              (--whole-archive)
zephyr/libzephyr.a(heap.c.obj)
                              (--whole-archive)
zephyr/libzephyr.a(heap-validate.c.obj)
                              (--whole-archive)
zephyr/libzephyr.a(bitarray.c.obj)
                              (--whole-archive)
zephyr/libzephyr.a(cbprintf_complete.c.obj)
                              (--whole-archive)
zephyr/libzephyr.a(assert.c.obj)
                              (--whole-archive)
zephyr/libzephyr.a(mpsc_pbuf.c.obj)
                              (--whole-archive)
zephyr/libzephyr.a(reboot.c.obj)
                              (--whole-archive)
zephyr/libzephyr.a(configs.c.obj)
                              (--whole-archive)
zephyr/libzephyr.a(soc.c.obj)
                              (--whole-archive)
zephyr/libzephyr.a(power.c.obj)
                              (--whole-archive)
zephyr/libzephyr.a(soc_nrf_common.S.obj)
                              (--whole-archive)
zephyr/libzephyr.a(validate_base_addresses.c.obj)
                              (--whole-archive)
zephyr/libzephyr.a(validate_enabled_instances.c.obj)
                              (--whole-archive)
zephyr/libzephyr.a(log_list.c.obj)
                              (--whole-archive)
zephyr/libzephyr.a(log_core.c.obj)
                              (--whole-archive)
zephyr/libzephyr.a(log_msg.c.obj)
                              (--whole-archive)
zephyr/libzephyr.a(log_output.c.obj)
                              (--whole-archive)
zephyr/libzephyr.a(log_backend_uart.c.obj)
                              (--whole-archive)
zephyr/libzephyr.a(power.c.obj)
                              (--whole-archive)
zephyr/libzephyr.a(pm_ctrl.c.obj)
                              (--whole-archive)
zephyr/libzephyr.a(policy_residency.c.obj)
                              (--whole-archive)
zephyr/libzephyr.a(tracing_none.c.obj)
                              (--whole-archive)
zephyr/libzephyr.a(uart_console.c.obj)
                              (--whole-archive)
zephyr/libzephyr.a(clock_control_nrf.c.obj)
                              (--whole-archive)
zephyr/libzephyr.a(sys_clock_init.c.obj)
                              (--whole-archive)
zephyr/libzephyr.a(nrf_rtc_timer.c.obj)
                              (--whole-archive)
zephyr/libzephyr.a(secure_services_ns.c.obj)
                              (--whole-archive)
zephyr/libzephyr.a(flash_map_partition_manager.c.obj)
                              (--whole-archive)
zephyr/arch/common/libarch__common.a(sw_isr_common.c.obj)
                              (--whole-archive)
zephyr/arch/arch/arm/core/aarch32/libarch__arm__core__aarch32.a(swap.c.obj)
                              (--whole-archive)
zephyr/arch/arch/arm/core/aarch32/libarch__arm__core__aarch32.a(swap_helper.S.obj)
                              (--whole-archive)
zephyr/arch/arch/arm/core/aarch32/libarch__arm__core__aarch32.a(irq_manage.c.obj)
                              (--whole-archive)
zephyr/arch/arch/arm/core/aarch32/libarch__arm__core__aarch32.a(thread.c.obj)
                              (--whole-archive)
zephyr/arch/arch/arm/core/aarch32/libarch__arm__core__aarch32.a(cpu_idle.S.obj)
                              (--whole-archive)
zephyr/arch/arch/arm/core/aarch32/libarch__arm__core__aarch32.a(fatal.c.obj)
                              (--whole-archive)
zephyr/arch/arch/arm/core/aarch32/libarch__arm__core__aarch32.a(nmi.c.obj)
                              (--whole-archive)
zephyr/arch/arch/arm/core/aarch32/libarch__arm__core__aarch32.a(nmi_on_reset.S.obj)
[...]
Memory Configuration

Name             Origin             Length             Attributes
FLASH            0x00010000         0x000f0000         xr
SRAM             0x200144e8         0x0002bb18         xw
IDT_LIST         0x20040000         0x00000800         xw
*default*        0x00000000         0xffffffff

Linker script and memory map

LOAD zephyr/CMakeFiles/zephyr_final.dir/misc/empty_file.c.obj
LOAD zephyr/CMakeFiles/zephyr_final.dir/isr_tables.c.obj
LOAD zephyr/CMakeFiles/zephyr_final.dir/dev_handles.c.obj
                0x00000020                _region_min_align = 0x20

.rel.plt        0x00010000        0x0
 *(SORT_BY_ALIGNMENT(.rel.plt))
                [!provide]                PROVIDE (__rel_iplt_start = .)
 *(SORT_BY_ALIGNMENT(.rel.iplt))
 .rel.iplt      0x00010000        0x0 zephyr/CMakeFiles/zephyr_final.dir/isr_tables.c.obj
                [!provide]                PROVIDE (__rel_iplt_end = .)

.rela.plt       0x00000000        0x0
 *(SORT_BY_ALIGNMENT(.rela.plt))
                [!provide]                PROVIDE (__rela_iplt_start = .)
 *(SORT_BY_ALIGNMENT(.rela.iplt))
                [!provide]                PROVIDE (__rela_iplt_end = .)

.rel.dyn
 *(SORT_BY_ALIGNMENT(.rel.*))

.rela.dyn
 *(SORT_BY_ALIGNMENT(.rela.*))

/DISCARD/
 *(SORT_BY_ALIGNMENT(.plt))
 *(SORT_BY_ALIGNMENT(.iplt))
 *(SORT_BY_ALIGNMENT(.got.plt))
 *(SORT_BY_ALIGNMENT(.igot.plt))
 *(SORT_BY_ALIGNMENT(.got))
 *(SORT_BY_ALIGNMENT(.igot))
 *(SORT_BY_ALIGNMENT(.irq_info*))
 *(SORT_BY_ALIGNMENT(.intList*))
 *(SORT_BY_ALIGNMENT(.note.GNU-stack))
                0x00010000                _image_rom_start = 0x10000

rom_start       0x00010000      0x23c
                0x00000000                . = 0x0
                0x00000000                . = ALIGN (0x4)
                0x00000000                . = ALIGN (0x80)
                0x00000000                . = ALIGN (0x200)
                0x00010000                _vector_start = .
 *(SORT_BY_ALIGNMENT(.exc_vector_table))
 *(SORT_BY_ALIGNMENT(.exc_vector_table.*))
 .exc_vector_table._vector_table_section
                0x00010000       0x40 zephyr/arch/arch/arm/core/aarch32/cortex_m/libarch__arm__core__aarch32__cortex_m.a(vector_table.S.obj)
                0x00010000                _vector_table
 *(SORT_BY_ALIGNMENT(.gnu.linkonce.irq_vector_table*))
 .gnu.linkonce.irq_vector_table
                0x00010040      0x104 zephyr/CMakeFiles/zephyr_final.dir/isr_tables.c.obj
                0x00010040                _irq_vector_table
 *(SORT_BY_ALIGNMENT(.vectors))
                0x00010144                _vector_end = .
                0x00000200                . = 0x200
 *fill*         0x00010144       0xbc 
                0x00010200                _fw_info_start = .
 *(SORT_BY_NAME(SORT_BY_ALIGNMENT(.firmware_info*)))
 .firmware_info
                0x00010200       0x3c modules/nrf/subsys/fw_info/lib..__nrf__subsys__fw_info.a(fw_info.c.obj)
                0x00010200                m_firmware_info
                0x0000003c                _fw_info_size = ABSOLUTE ((. - _fw_info_start))

text            0x0001023c    0x18e30
                0x0001023c                _image_text_start = .
 *(SORT_BY_ALIGNMENT(.text))
 .text          0x0001023c       0x30 c:/ncs/v1.7.1/toolchain/opt/bin/../lib/gcc/arm-none-eabi/9.2.1/thumb/v8-m.main/nofp\libgcc.a(_aeabi_uldivmod.o)
                0x0001023c                __aeabi_uldivmod
 .text          0x0001026c      0x2c8 c:/ncs/v1.7.1/toolchain/opt/bin/../lib/gcc/arm-none-eabi/9.2.1/thumb/v8-m.main/nofp\libgcc.a(_udivmoddi4.o)
                0x0001026c                __udivmoddi4
 .text          0x00010534        0x4 c:/ncs/v1.7.1/toolchain/opt/bin/../lib/gcc/arm-none-eabi/9.2.1/thumb/v8-m.main/nofp\libgcc.a(_dvmd_tls.o)
                0x00010534                __aeabi_idiv0
                0x00010534                __aeabi_ldiv0
 *(SORT_BY_ALIGNMENT(.text.*))
 .text.log_const_source_id
                0x00010538       0x20 app/libapp.a(main.c.obj)
 .text.uart_callback
                0x00010558      0x1e4 app/libapp.a(main.c.obj)
 .text.async    0x0001073c      0x13c app/libapp.a(main.c.obj)
 .text.main     0x00010878       0x58 app/libapp.a(main.c.obj)
                0x00010878                main
 .text.sys_notify_finalize
                0x000108d0       0x80 zephyr/libzephyr.a(notify.c.obj)
                0x000108d0                sys_notify_finalize
 .text.__printk_hook_install
                0x00010950       0x1c zephyr/libzephyr.a(printk.c.obj)
                0x00010950                __printk_hook_install
 .text.char_out
                0x0001096c       0x30 zephyr/libzephyr.a(printk.c.obj)
 .text.vprintk  0x0001099c       0x28 zephyr/libzephyr.a(printk.c.obj)
                0x0001099c                vprintk
 .text.vsnprintk
                0x000109c4       0x4c zephyr/libzephyr.a(printk.c.obj)
                0x000109c4                vsnprintk
 .text.transition_complete
                0x00010a10       0x88 zephyr/libzephyr.a(onoff.c.obj)
 .text.process_complete
                0x00010a98      0x160 zephyr/libzephyr.a(onoff.c.obj)
 .text.process_event
                0x00010bf8      0x4c8 zephyr/libzephyr.a(onoff.c.obj)
 .text.onoff_request
                0x000110c0      0x1cc zephyr/libzephyr.a(onoff.c.obj)
                0x000110c0                onoff_request
 .text.sys_heap_free
                0x0001128c       0xbc zephyr/libzephyr.a(heap.c.obj)
                0x0001128c                sys_heap_free
 .text.sys_heap_aligned_alloc
                0x00011348      0x188 zephyr/libzephyr.a(heap.c.obj)
                0x00011348                sys_heap_aligned_alloc
 .text.sys_heap_init
                0x000114d0      0x198 zephyr/libzephyr.a(heap.c.obj)
                0x000114d0                sys_heap_init
 .text.extract_flags
                0x00011668       0xe8 zephyr/libzephyr.a(cbprintf_complete.c.obj)
 .text.extract_length
                0x00011750      0x1ac zephyr/libzephyr.a(cbprintf_complete.c.obj)
 .text.extract_specifier
                0x000118fc      0x1f4 zephyr/libzephyr.a(cbprintf_complete.c.obj)
 .text.store_count
                0x00011af0       0xa0 zephyr/libzephyr.a(cbprintf_complete.c.obj)
 .text.cbvprintf
                0x00011b90      0x9cc zephyr/libzephyr.a(cbprintf_complete.c.obj)
                0x00011b90                cbvprintf
 .text.nrfx_coredep_delay_us
                0x0001255c       0x30 zephyr/libzephyr.a(soc.c.obj)
 .text.nordicsemi_nrf91_init
                0x0001258c       0x48 zephyr/libzephyr.a(soc.c.obj)
 .text.log_const_source_id
                0x000125d4       0x20 zephyr/libzephyr.a(power.c.obj)
 .text.pm_power_state_set
                0x000125f4       0xa8 zephyr/libzephyr.a(power.c.obj)
                0x000125f4                pm_power_state_set
 .text.pm_power_state_exit_post_ops
                0x0001269c       0xb0 zephyr/libzephyr.a(power.c.obj)
                0x0001269c                pm_power_state_exit_post_ops
 .text.log_name_get
                0x0001274c       0x20 zephyr/libzephyr.a(log_core.c.obj)
 .text.log_const_source_id
                0x0001276c       0x20 zephyr/libzephyr.a(log_core.c.obj)
 .text.log_sources_count
                0x0001278c       0x14 zephyr/libzephyr.a(log_core.c.obj)
 .text.log_backend_put
                0x000127a0       0x64 zephyr/libzephyr.a(log_core.c.obj)
 .text.log_backend_dropped
                0x00012804       0x50 zephyr/libzephyr.a(log_core.c.obj)
 .text.log_backend_panic
                0x00012854       0x40 zephyr/libzephyr.a(log_core.c.obj)
 .text.log_backend_id_set
                0x00012894       0x44 zephyr/libzephyr.a(log_core.c.obj)
 .text.log_backend_get
                0x000128d8       0x20 zephyr/libzephyr.a(log_core.c.obj)
 .text.log_backend_count_get
                0x000128f8       0x1c zephyr/libzephyr.a(log_core.c.obj)
 .text.log_backend_activate
                0x00012914       0x4c zephyr/libzephyr.a(log_core.c.obj)
 .text.log_backend_is_active
                0x00012960       0x40 zephyr/libzephyr.a(log_core.c.obj)
 .text.z_log_get_s_mask
                0x000129a0       0xb8 zephyr/libzephyr.a(log_core.c.obj)
                0x000129a0                z_log_get_s_mask
 .text.is_rodata
                0x00012a58       0x38 zephyr/libzephyr.a(log_core.c.obj)
 .text.detect_missed_strdup
                0x00012a90       0xe4 zephyr/libzephyr.a(log_core.c.obj)
 .text.z_log_msg_post_finalize
                0x00012b74       0xb8 zephyr/libzephyr.a(log_core.c.obj)
 .text.msg_finalize
                0x00012c2c       0x60 zephyr/libzephyr.a(log_core.c.obj)
 .text.log_core_init
                0x00012c8c       0x78 zephyr/libzephyr.a(log_core.c.obj)
                0x00012c8c                log_core_init
 .text.log_init
                0x00012d04       0x9c zephyr/libzephyr.a(log_core.c.obj)
                0x00012d04                log_init
 .text.thread_set
                0x00012da0       0x34 zephyr/libzephyr.a(log_core.c.obj)
 .text.z_impl_log_panic
                0x00012dd4       0x68 zephyr/libzephyr.a(log_core.c.obj)
                0x00012dd4                z_impl_log_panic
 .text.msg_process
                0x00012e3c       0x88 zephyr/libzephyr.a(log_core.c.obj)
 .text.get_msg  0x00012ec4       0x48 zephyr/libzephyr.a(log_core.c.obj)
                0x00012ec4                get_msg
 .text.next_pending
                0x00012f0c       0x20 zephyr/libzephyr.a(log_core.c.obj)
 .text.z_impl_log_process
                0x00012f2c       0x78 zephyr/libzephyr.a(log_core.c.obj)
                0x00012f2c                z_impl_log_process
 .text.z_log_dropped
                0x00012fa4       0x14 zephyr/libzephyr.a(log_core.c.obj)
                0x00012fa4                z_log_dropped
 .text.z_log_dropped_read_and_clear
                0x00012fb8       0x18 zephyr/libzephyr.a(log_core.c.obj)
                0x00012fb8                z_log_dropped_read_and_clear
 .text.z_log_dropped_pending
                0x00012fd0       0x20 zephyr/libzephyr.a(log_core.c.obj)
                0x00012fd0                z_log_dropped_pending
 .text.log_backend_enable
                0x00012ff0       0x6c zephyr/libzephyr.a(log_core.c.obj)
                0x00012ff0                log_backend_enable
 .text.z_log_strdup
                0x0001305c       0x84 zephyr/libzephyr.a(log_core.c.obj)
                0x0001305c                z_log_strdup
 .text.log_is_strdup
                0x000130e0       0x3c zephyr/libzephyr.a(log_core.c.obj)
                0x000130e0                log_is_strdup
 .text.log_free
                0x0001311c       0x34 zephyr/libzephyr.a(log_core.c.obj)
                0x0001311c                log_free
 .text.log_from_user
                0x00013150       0x3c zephyr/libzephyr.a(log_core.c.obj)
                0x00013150                log_from_user
 .text.log_process_thread_timer_expiry_fn
                0x0001318c       0x1c zephyr/libzephyr.a(log_core.c.obj)
 .text.log_process_thread_func
                0x000131a8       0x70 zephyr/libzephyr.a(log_core.c.obj)
 .text.enable_logger
                0x00013218       0x74 zephyr/libzephyr.a(log_core.c.obj)
 .text.log_msg_pool_init
                0x0001328c       0x1c zephyr/libzephyr.a(log_msg.c.obj)
                0x0001328c                log_msg_pool_init
 .text.log_msg_chunk_alloc
                0x000132a8       0x54 zephyr/libzephyr.a(log_msg.c.obj)
                0x000132a8                log_msg_chunk_alloc
 .text.cont_free
                0x000132fc       0x34 zephyr/libzephyr.a(log_msg.c.obj)
 .text.msg_free
                0x00013330       0xc4 zephyr/libzephyr.a(log_msg.c.obj)
 .text.log_msg_no_space_handle
                0x000133f4       0x44 zephyr/libzephyr.a(log_msg.c.obj)
                0x000133f4                log_msg_no_space_handle
 .text.log_msg_create_n
                0x00013438       0x74 zephyr/libzephyr.a(log_msg.c.obj)
                0x00013438                log_msg_create_n
 .text.out_func
                0x000134ac       0x78 zephyr/libzephyr.a(log_output.c.obj)
 .text.print_formatted
                0x00013524       0x38 zephyr/libzephyr.a(log_output.c.obj)
 .text.timestamp_print
                0x0001355c      0x128 zephyr/libzephyr.a(log_output.c.obj)
 .text.color_print
                0x00013684       0x58 zephyr/libzephyr.a(log_output.c.obj)
 .text.ids_print
                0x000136dc       0x94 zephyr/libzephyr.a(log_output.c.obj)
 .text.newline_print
                0x00013770       0x44 zephyr/libzephyr.a(log_output.c.obj)
 .text.std_print
                0x000137b4      0x590 zephyr/libzephyr.a(log_output.c.obj)
 .text.hexdump_line_print
                0x00013d44      0x10c zephyr/libzephyr.a(log_output.c.obj)
 .text.hexdump_print
                0x00013e50       0x68 zephyr/libzephyr.a(log_output.c.obj)
 .text.raw_string_print
                0x00013eb8       0xa8 zephyr/libzephyr.a(log_output.c.obj)
 .text.log_output_dropped_process
                0x00013f60       0x74 zephyr/libzephyr.a(log_output.c.obj)
                0x00013f60                log_output_dropped_process
 .text.log_output_timestamp_freq_set
                0x00013fd4       0x44 zephyr/libzephyr.a(log_output.c.obj)
                0x00013fd4                log_output_timestamp_freq_set
 .text.char_out
                0x00014018       0x40 zephyr/libzephyr.a(log_backend_uart.c.obj)
 .text.put      0x00014058       0x24 zephyr/libzephyr.a(log_backend_uart.c.obj)
 .text.log_backend_uart_init
                0x0001407c       0x4c zephyr/libzephyr.a(log_backend_uart.c.obj)
 .text.panic    0x000140c8       0x1c zephyr/libzephyr.a(log_backend_uart.c.obj)
 .text.dropped  0x000140e4       0x20 zephyr/libzephyr.a(log_backend_uart.c.obj)
 .text.k_us_to_ticks_ceil32
                0x00014104      0x24c zephyr/libzephyr.a(power.c.obj)
 .text.log_const_source_id
                0x00014350       0x20 zephyr/libzephyr.a(power.c.obj)
 .text.exit_pos_ops
                0x00014370       0x3c zephyr/libzephyr.a(power.c.obj)
 .text.pm_state_set
                0x000143ac       0x28 zephyr/libzephyr.a(power.c.obj)
 .text.pm_state_notify
                0x000143d4      0x140 zephyr/libzephyr.a(power.c.obj)
 .text.pm_system_resume
                0x00014514       0x30 zephyr/libzephyr.a(power.c.obj)
                0x00014514                pm_system_resume
 .text.pm_system_suspend
                0x00014544      0x14c zephyr/libzephyr.a(power.c.obj)
                0x00014544                pm_system_suspend
 .text.pm_constraint_get
                0x00014690       0x60 zephyr/libzephyr.a(pm_ctrl.c.obj)
                0x00014690                pm_constraint_get
 .text.k_us_to_ticks_ceil32
                0x000146f0      0x24c zephyr/libzephyr.a(policy_residency.c.obj)
 .text.log_const_source_id
                0x0001493c       0x20 zephyr/libzephyr.a(policy_residency.c.obj)
 .text.pm_policy_next_state
                0x0001495c      0x254 zephyr/libzephyr.a(policy_residency.c.obj)
                0x0001495c                pm_policy_next_state
 .text.console_out
                0x00014bb0       0x38 zephyr/libzephyr.a(uart_console.c.obj)
 .text.uart_console_hook_install
                0x00014be8       0x18 zephyr/libzephyr.a(uart_console.c.obj)
 .text.uart_console_init
                0x00014c00       0x2c zephyr/libzephyr.a(uart_console.c.obj)
 .text.__NVIC_ClearPendingIRQ
                0x00014c2c       0x3c zephyr/libzephyr.a(clock_control_nrf.c.obj)
 .text.k_is_pre_kernel
                0x00014c68       0x2c zephyr/libzephyr.a(clock_control_nrf.c.obj)
 .text.sys_notify_init_spinwait
                0x00014c94       0x4c zephyr/libzephyr.a(clock_control_nrf.c.obj)
 .text.nrf_clock_is_running
                0x00014ce0       0xa8 zephyr/libzephyr.a(clock_control_nrf.c.obj)
 .text.nrfx_clock_is_running
                0x00014d88       0x28 zephyr/libzephyr.a(clock_control_nrf.c.obj)
 .text.log_const_source_id
                0x00014db0       0x20 zephyr/libzephyr.a(clock_control_nrf.c.obj)
 .text.get_status
                0x00014dd0       0x54 zephyr/libzephyr.a(clock_control_nrf.c.obj)
 .text.clkstarted_handle
                0x00014e24       0xe8 zephyr/libzephyr.a(clock_control_nrf.c.obj)
 .text.get_hf_flags
                0x00014f0c       0x1c zephyr/libzephyr.a(clock_control_nrf.c.obj)
 .text.generic_hfclk_start
                0x00014f28       0x90 zephyr/libzephyr.a(clock_control_nrf.c.obj)
 .text.generic_hfclk_stop
                0x00014fb8       0x28 zephyr/libzephyr.a(clock_control_nrf.c.obj)
 .text.stop     0x00014fe0       0x78 zephyr/libzephyr.a(clock_control_nrf.c.obj)
 .text.api_blocking_start
                0x00015058       0x68 zephyr/libzephyr.a(clock_control_nrf.c.obj)
 .text.get_subsys
                0x000150c0       0x28 zephyr/libzephyr.a(clock_control_nrf.c.obj)
 .text.onoff_stop
                0x000150e8       0x34 zephyr/libzephyr.a(clock_control_nrf.c.obj)
 .text.onoff_start
                0x0001511c       0x40 zephyr/libzephyr.a(clock_control_nrf.c.obj)
 .text.lfclk_spinwait
                0x0001515c      0x13c zephyr/libzephyr.a(clock_control_nrf.c.obj)
 .text.z_nrf_clock_control_lf_on
                0x00015298       0xac zephyr/libzephyr.a(clock_control_nrf.c.obj)
                0x00015298                z_nrf_clock_control_lf_on
 .text.clock_event_handler
                0x00015344       0x9c zephyr/libzephyr.a(clock_control_nrf.c.obj)
 .text.clk_init
                0x000153e0       0x90 zephyr/libzephyr.a(clock_control_nrf.c.obj)
 .text.sys_clock_isr
                0x00015470       0x30 zephyr/libzephyr.a(sys_clock_init.c.obj)
                0x00015470                sys_clock_isr
 .text.__NVIC_ClearPendingIRQ
                0x000154a0       0x3c zephyr/libzephyr.a(nrf_rtc_timer.c.obj)
 .text.nrf_rtc_prescaler_set
                0x000154dc       0x48 zephyr/libzephyr.a(nrf_rtc_timer.c.obj)
 .text.set_comparator
                0x00015524       0x28 zephyr/libzephyr.a(nrf_rtc_timer.c.obj)
 .text.get_comparator
                0x0001554c       0x20 zephyr/libzephyr.a(nrf_rtc_timer.c.obj)
 .text.event_clear
                0x0001556c       0x28 zephyr/libzephyr.a(nrf_rtc_timer.c.obj)
 .text.event_enable
                0x00015594       0x28 zephyr/libzephyr.a(nrf_rtc_timer.c.obj)
 .text.event_disable
                0x000155bc       0x28 zephyr/libzephyr.a(nrf_rtc_timer.c.obj)
 .text.counter  0x000155e4       0x14 zephyr/libzephyr.a(nrf_rtc_timer.c.obj)
 .text.compare_set
                0x000155f8       0x38 zephyr/libzephyr.a(nrf_rtc_timer.c.obj)
 .text.sys_clock_timeout_handler
                0x00015630       0x6c zephyr/libzephyr.a(nrf_rtc_timer.c.obj)
 .text.rtc_nrf_isr
                0x0001569c       0xb8 zephyr/libzephyr.a(nrf_rtc_timer.c.obj)
                0x0001569c                rtc_nrf_isr
 .text.sys_clock_driver_init
                0x00015754       0x80 zephyr/libzephyr.a(nrf_rtc_timer.c.obj)
                0x00015754                sys_clock_driver_init
 .text.sys_clock_set_timeout
                0x000157d4      0x1fc zephyr/libzephyr.a(nrf_rtc_timer.c.obj)
                0x000157d4                sys_clock_set_timeout
 .text.sys_clock_elapsed
                0x000159d0       0x38 zephyr/libzephyr.a(nrf_rtc_timer.c.obj)
                0x000159d0                sys_clock_elapsed
 .text.sys_clock_cycle_get_32
                0x00015a08       0xe8 zephyr/libzephyr.a(nrf_rtc_timer.c.obj)
                0x00015a08                sys_clock_cycle_get_32
 .text.before_nse
                0x00015af0       0x18 zephyr/libzephyr.a(secure_services_ns.c.obj)
                0x00015af0                before_nse
 .text.after_nse
                0x00015b08       0x18 zephyr/libzephyr.a(secure_services_ns.c.obj)
                0x00015b08                after_nse
 .text.arch_swap
                0x00015b20       0x54 zephyr/arch/arch/arm/core/aarch32/libarch__arm__core__aarch32.a(swap.c.obj)
                0x00015b20                arch_swap
 .text.z_arm_pendsv
                0x00015b74       0x58 zephyr/arch/arch/arm/core/aarch32/libarch__arm__core__aarch32.a(swap_helper.S.obj)
                0x00015b74                z_arm_pendsv
 .text.z_arm_svc
                0x00015bcc       0x20 zephyr/arch/arch/arm/core/aarch32/libarch__arm__core__aarch32.a(swap_helper.S.obj)
                0x00015bcc                z_arm_svc
 .text.__NVIC_EnableIRQ
                0x00015bec       0x38 zephyr/arch/arch/arm/core/aarch32/libarch__arm__core__aarch32.a(irq_manage.c.obj)
 .text.__NVIC_SetPriority
                0x00015c24       0x54 zephyr/arch/arch/arm/core/aarch32/libarch__arm__core__aarch32.a(irq_manage.c.obj)
 .text.arch_irq_is_enabled
                0x00015c78       0x30 zephyr/arch/arch/arm/core/aarch32/libarch__arm__core__aarch32.a(irq_manage.c.obj)
                0x00015c78                arch_irq_is_enabled
 .text.z_arm_irq_priority_set
                0x00015ca8       0x60 zephyr/arch/arch/arm/core/aarch32/libarch__arm__core__aarch32.a(irq_manage.c.obj)
                0x00015ca8                z_arm_irq_priority_set
 .text._arch_isr_direct_pm
                0x00015d08       0x30 zephyr/arch/arch/arm/core/aarch32/libarch__arm__core__aarch32.a(irq_manage.c.obj)
                0x00015d08                _arch_isr_direct_pm
 .text.arch_new_thread
                0x00015d38       0x60 zephyr/arch/arch/arm/core/aarch32/libarch__arm__core__aarch32.a(thread.c.obj)
                0x00015d38                arch_new_thread
 .text.arch_switch_to_main_thread
                0x00015d98       0x48 zephyr/arch/arch/arm/core/aarch32/libarch__arm__core__aarch32.a(thread.c.obj)
                0x00015d98                arch_switch_to_main_thread
 .text.z_arm_cpu_idle_init
                0x00015de0        0xc zephyr/arch/arch/arm/core/aarch32/libarch__arm__core__aarch32.a(cpu_idle.S.obj)
                0x00015de0                z_arm_cpu_idle_init
 .text.arch_cpu_idle
                0x00015dec       0x1c zephyr/arch/arch/arm/core/aarch32/libarch__arm__core__aarch32.a(cpu_idle.S.obj)
                0x00015dec                arch_cpu_idle
 .text.arch_cpu_atomic_idle
                0x00015e08       0x14 zephyr/arch/arch/arm/core/aarch32/libarch__arm__core__aarch32.a(cpu_idle.S.obj)
                0x00015e08                arch_cpu_atomic_idle
 .text.log_const_source_id
                0x00015e1c       0x20 zephyr/arch/arch/arm/core/aarch32/libarch__arm__core__aarch32.a(fatal.c.obj)
 .text.esf_dump
                0x00015e3c      0x240 zephyr/arch/arch/arm/core/aarch32/libarch__arm__core__aarch32.a(fatal.c.obj)
 .text.z_SysNmiOnReset
                0x0001607c        0x8 zephyr/arch/arch/arm/core/aarch32/libarch__arm__core__aarch32.a(nmi_on_reset.S.obj)
                0x0001607c                z_SysNmiOnReset
 .text.relocate_vector_table
                0x00016084       0x2c zephyr/arch/arch/arm/core/aarch32/libarch__arm__core__aarch32.a(prep_c.c.obj)
 .text.z_arm_floating_point_init
                0x000160b0       0x3c zephyr/arch/arch/arm/core/aarch32/libarch__arm__core__aarch32.a(prep_c.c.obj)
 .text._isr_wrapper
                0x000160ec       0x40 zephyr/arch/arch/arm/core/aarch32/libarch__arm__core__aarch32.a(isr_wrapper.S.obj)
                0x000160ec                _isr_wrapper
 .text._reset_section
                0x0001612c       0x30 zephyr/arch/arch/arm/core/aarch32/cortex_m/libarch__arm__core__aarch32__cortex_m.a(reset.S.obj)
                0x0001612c                __start
                0x0001612c                z_arm_reset
 .text.__fault  0x0001615c       0x14 zephyr/arch/arch/arm/core/aarch32/cortex_m/libarch__arm__core__aarch32__cortex_m.a(fault_s.S.obj)
                0x0001615c                z_arm_usage_fault
                0x0001615c                z_arm_mpu_fault
                0x0001615c                z_arm_exc_spurious
                0x0001615c                z_arm_debug_monitor
                0x0001615c                z_arm_hard_fault
                0x0001615c                z_arm_bus_fault
 .text.log_const_source_id
                0x00016170       0x20 zephyr/arch/arch/arm/core/aarch32/cortex_m/libarch__arm__core__aarch32__cortex_m.a(fault.c.obj)
 .text.mem_manage_fault
                0x00016190      0x474 zephyr/arch/arch/arm/core/aarch32/cortex_m/libarch__arm__core__aarch32__cortex_m.a(fault.c.obj)
 .text.bus_fault
                0x00016604      0x4ac zephyr/arch/arch/arm/core/aarch32/cortex_m/libarch__arm__core__aarch32__cortex_m.a(fault.c.obj)
 .text.usage_fault
                0x00016ab0      0x470 zephyr/arch/arch/arm/core/aarch32/cortex_m/libarch__arm__core__aarch32__cortex_m.a(fault.c.obj)
 .text.debug_monitor
                0x00016f20       0x8c zephyr/arch/arch/arm/core/aarch32/cortex_m/libarch__arm__core__aarch32__cortex_m.a(fault.c.obj)
 .text.hard_fault
                0x00016fac      0x1e8 zephyr/arch/arch/arm/core/aarch32/cortex_m/libarch__arm__core__aarch32__cortex_m.a(fault.c.obj)
 .text.reserved_exception
                0x00017194       0xb0 zephyr/arch/arch/arm/core/aarch32/cortex_m/libarch__arm__core__aarch32__cortex_m.a(fault.c.obj)
 .text.fault_handle
                0x00017244       0xb4 zephyr/arch/arch/arm/core/aarch32/cortex_m/libarch__arm__core__aarch32__cortex_m.a(fault.c.obj)
 .text.get_esf  0x000172f8      0x100 zephyr/arch/arch/arm/core/aarch32/cortex_m/libarch__arm__core__aarch32__cortex_m.a(fault.c.obj)
 .text.z_arm_fault
                0x000173f8       0xdc zephyr/arch/arch/arm/core/aarch32/cortex_m/libarch__arm__core__aarch32__cortex_m.a(fault.c.obj)
                0x000173f8                z_arm_fault
 .text.z_arm_fault_init
                0x000174d4       0x28 zephyr/arch/arch/arm/core/aarch32/cortex_m/libarch__arm__core__aarch32__cortex_m.a(fault.c.obj)
                0x000174d4                z_arm_fault_init
 .text._HandlerModeExit
                0x000174fc       0x1c zephyr/arch/arch/arm/core/aarch32/cortex_m/libarch__arm__core__aarch32__cortex_m.a(exc_exit.S.obj)
                0x000174fc                z_arm_int_exit
                0x000174fc                z_arm_exc_exit
 .text.__NVIC_SystemReset
                0x00017518       0x2c zephyr/arch/arch/arm/core/aarch32/cortex_m/libarch__arm__core__aarch32__cortex_m.a(scb.c.obj)
 .text.__NVIC_SetPriority
                0x00017544       0x54 zephyr/arch/arch/arm/core/aarch32/cortex_m/libarch__arm__core__aarch32__cortex_m.a(irq_init.c.obj)
 .text.z_impl_k_thread_abort
                0x00017598       0x4c zephyr/arch/arch/arm/core/aarch32/cortex_m/libarch__arm__core__aarch32__cortex_m.a(thread_abort.c.obj)
                0x00017598                z_impl_k_thread_abort
 .text.z_arm_configure_static_mpu_regions
                0x000175e4       0x4c zephyr/arch/arch/arm/core/aarch32/mpu/libarch__arm__core__aarch32__mpu.a(arm_core_mpu.c.obj)
                0x000175e4                z_arm_configure_static_mpu_regions
 .text.ARM_MPU_SetRegion
                0x00017630       0x24 zephyr/arch/arch/arm/core/aarch32/mpu/libarch__arm__core__aarch32__mpu.a(arm_mpu.c.obj)
 .text.log_const_source_id
                0x00017654       0x20 zephyr/arch/arch/arm/core/aarch32/mpu/libarch__arm__core__aarch32__mpu.a(arm_mpu.c.obj)
 .text.mpu_init
                0x00017674       0x1c zephyr/arch/arch/arm/core/aarch32/mpu/libarch__arm__core__aarch32__mpu.a(arm_mpu.c.obj)
 .text.region_init
                0x00017690      0x130 zephyr/arch/arch/arm/core/aarch32/mpu/libarch__arm__core__aarch32__mpu.a(arm_mpu.c.obj)
 .text.mpu_region_get_base
                0x000177c0       0x24 zephyr/arch/arch/arm/core/aarch32/mpu/libarch__arm__core__aarch32__mpu.a(arm_mpu.c.obj)
 .text.mpu_region_set_base
                0x000177e4       0x34 zephyr/arch/arch/arm/core/aarch32/mpu/libarch__arm__core__aarch32__mpu.a(arm_mpu.c.obj)
 .text.mpu_region_get_last_addr
                0x00017818       0x24 zephyr/arch/arch/arm/core/aarch32/mpu/libarch__arm__core__aarch32__mpu.a(arm_mpu.c.obj)
 .text.mpu_region_set_limit
                0x0001783c       0x34 zephyr/arch/arch/arm/core/aarch32/mpu/libarch__arm__core__aarch32__mpu.a(arm_mpu.c.obj)
 .text.mpu_region_get_access_attr
                0x00017870       0x48 zephyr/arch/arch/arm/core/aarch32/mpu/libarch__arm__core__aarch32__mpu.a(arm_mpu.c.obj)
 .text.mpu_region_get_conf
                0x000178b8       0x40 zephyr/arch/arch/arm/core/aarch32/mpu/libarch__arm__core__aarch32__mpu.a(arm_mpu.c.obj)
 .text.mpu_configure_regions_and_partition
                0x000178f8      0x3e8 zephyr/arch/arch/arm/core/aarch32/mpu/libarch__arm__core__aarch32__mpu.a(arm_mpu.c.obj)
 .text.mpu_configure_static_mpu_regions
                0x00017ce0       0x3c zephyr/arch/arch/arm/core/aarch32/mpu/libarch__arm__core__aarch32__mpu.a(arm_mpu.c.obj)
 .text.mpu_mark_areas_for_dynamic_regions
                0x00017d1c       0xec zephyr/arch/arch/arm/core/aarch32/mpu/libarch__arm__core__aarch32__mpu.a(arm_mpu.c.obj)
 .text.region_allocate_and_init
                0x00017e08      0x128 zephyr/arch/arch/arm/core/aarch32/mpu/libarch__arm__core__aarch32__mpu.a(arm_mpu.c.obj)
 .text.mpu_configure_region
                0x00017f30       0xc8 zephyr/arch/arch/arm/core/aarch32/mpu/libarch__arm__core__aarch32__mpu.a(arm_mpu.c.obj)
 .text.arm_core_mpu_enable
                0x00017ff8       0x24 zephyr/arch/arch/arm/core/aarch32/mpu/libarch__arm__core__aarch32__mpu.a(arm_mpu.c.obj)
                0x00017ff8                arm_core_mpu_enable
 .text.arm_core_mpu_disable
                0x0001801c       0x1c zephyr/arch/arch/arm/core/aarch32/mpu/libarch__arm__core__aarch32__mpu.a(arm_mpu.c.obj)
                0x0001801c                arm_core_mpu_disable
 .text.arm_core_mpu_configure_static_mpu_regions
                0x00018038       0x60 zephyr/arch/arch/arm/core/aarch32/mpu/libarch__arm__core__aarch32__mpu.a(arm_mpu.c.obj)
                0x00018038                arm_core_mpu_configure_static_mpu_regions
 .text.arm_core_mpu_mark_areas_for_dynamic_regions
                0x00018098       0x58 zephyr/arch/arch/arm/core/aarch32/mpu/libarch__arm__core__aarch32__mpu.a(arm_mpu.c.obj)
                0x00018098                arm_core_mpu_mark_areas_for_dynamic_regions
 .text.z_arm_mpu_init
                0x000180f0      0x168 zephyr/arch/arch/arm/core/aarch32/mpu/libarch__arm__core__aarch32__mpu.a(arm_mpu.c.obj)
                0x000180f0                z_arm_mpu_init
 .text.__stdout_hook_install
                0x00018258       0x1c zephyr/lib/libc/minimal/liblib__libc__minimal.a(stdout_console.c.obj)
                0x00018258                __stdout_hook_install
 .text.nrf_gpio_pin_port_decode
                0x00018274       0x78 zephyr/drivers/gpio/libdrivers__gpio.a(gpio_nrfx.c.obj)
 .text.gpio_manage_callback
                0x000182ec       0xbc zephyr/drivers/gpio/libdrivers__gpio.a(gpio_nrfx.c.obj)
 .text.gpio_fire_callbacks
                0x000183a8       0xdc zephyr/drivers/gpio/libdrivers__gpio.a(gpio_nrfx.c.obj)
 .text.gpiote_channel_alloc
                0x00018484       0x74 zephyr/drivers/gpio/libdrivers__gpio.a(gpio_nrfx.c.obj)
 .text.gpiote_pin_cleanup
                0x000184f8       0x74 zephyr/drivers/gpio/libdrivers__gpio.a(gpio_nrfx.c.obj)
 .text.gpio_nrfx_config
                0x0001856c      0x168 zephyr/drivers/gpio/libdrivers__gpio.a(gpio_nrfx.c.obj)
 .text.gpiote_event_handler
                0x000186d4       0xe8 zephyr/drivers/gpio/libdrivers__gpio.a(gpio_nrfx.c.obj)
 .text.gpio_nrfx_init
                0x000187bc       0x48 zephyr/drivers/gpio/libdrivers__gpio.a(gpio_nrfx.c.obj)
 .text.k_is_pre_kernel
                0x00018804       0x2c zephyr/drivers/serial/libdrivers__serial.a(uart_nrfx_uarte.c.obj)
 .text.nrf_gpio_pin_port_decode
                0x00018830       0x78 zephyr/drivers/serial/libdrivers__serial.a(uart_nrfx_uarte.c.obj)
 .text.log_const_source_id
                0x000188a8       0x20 zephyr/drivers/serial/libdrivers__serial.a(uart_nrfx_uarte.c.obj)
 .text.nrfx_gppi_channels_enable
                0x000188c8       0x1c zephyr/drivers/serial/libdrivers__serial.a(uart_nrfx_uarte.c.obj)
 .text.nrfx_gppi_event_endpoint_setup
                0x000188e4       0x4c zephyr/drivers/serial/libdrivers__serial.a(uart_nrfx_uarte.c.obj)
 .text.nrfx_gppi_task_endpoint_setup
                0x00018930       0x4c zephyr/drivers/serial/libdrivers__serial.a(uart_nrfx_uarte.c.obj)
 .text.baudrate_set
                0x0001897c      0x244 zephyr/drivers/serial/libdrivers__serial.a(uart_nrfx_uarte.c.obj)
 .text.endtx_stoptx_ppi_init
                0x00018bc0       0xd8 zephyr/drivers/serial/libdrivers__serial.a(uart_nrfx_uarte.c.obj)
 .text.uarte_0_init
                0x00018c98       0x40 zephyr/drivers/serial/libdrivers__serial.a(uart_nrfx_uarte.c.obj)
 .text.entropy_cc3xx_rng_get_entropy
                0x00018cd8       0xc0 zephyr/drivers/entropy/libdrivers__entropy.a(entropy_cc310.c.obj)
 .text._nrf_modem_lib_init
                0x00018d98      0x100 modules/nrf/lib/nrf_modem_lib/lib..__nrf__lib__nrf_modem_lib.a(nrf_modem_lib.c.obj)
 .text.__NVIC_SetPendingIRQ
                0x00018e98       0x3c modules/nrf/lib/nrf_modem_lib/lib..__nrf__lib__nrf_modem_lib.a(nrf_modem_os.c.obj)
 .text.__NVIC_ClearPendingIRQ
                0x00018ed4       0x3c modules/nrf/lib/nrf_modem_lib/lib..__nrf__lib__nrf_modem_lib.a(nrf_modem_os.c.obj)
 .text.log_const_source_id
                0x00018f10       0x20 modules/nrf/lib/nrf_modem_lib/lib..__nrf__lib__nrf_modem_lib.a(nrf_modem_os.c.obj)
 .text.thread_monitor_entry_get
                0x00018f30       0x94 modules/nrf/lib/nrf_modem_lib/lib..__nrf__lib__nrf_modem_lib.a(nrf_modem_os.c.obj)
 .text.thread_monitor_entry_update
                0x00018fc4       0x20 modules/nrf/lib/nrf_modem_lib/lib..__nrf__lib__nrf_modem_lib.a(nrf_modem_os.c.obj)
 .text.can_thread_sleep
                0x00018fe4       0x30 modules/nrf/lib/nrf_modem_lib/lib..__nrf__lib__nrf_modem_lib.a(nrf_modem_os.c.obj)
 .text.sleeping_thread_add
                0x00019014       0x6c modules/nrf/lib/nrf_modem_lib/lib..__nrf__lib__nrf_modem_lib.a(nrf_modem_os.c.obj)
 .text.sleeping_thread_remove
                0x00019080       0x5c modules/nrf/lib/nrf_modem_lib/lib..__nrf__lib__nrf_modem_lib.a(nrf_modem_os.c.obj)
 .text.nrf_modem_os_errno_set
                0x000190dc      0x4ac modules/nrf/lib/nrf_modem_lib/lib..__nrf__lib__nrf_modem_lib.a(nrf_modem_os.c.obj)
                0x000190dc                nrf_modem_os_errno_set
 .text.nrf_modem_os_sem_init
                0x00019588       0x9c modules/nrf/lib/nrf_modem_lib/lib..__nrf__lib__nrf_modem_lib.a(nrf_modem_os.c.obj)
                0x00019588                nrf_modem_os_sem_init
 .text.rpc_proxy_irq_handler_body
                0x00019624       0x7c modules/nrf/lib/nrf_modem_lib/lib..__nrf__lib__nrf_modem_lib.a(nrf_modem_os.c.obj)
 .text.nrf_modem_os_alloc
                0x000196a0       0x2c modules/nrf/lib/nrf_modem_lib/lib..__nrf__lib__nrf_modem_lib.a(nrf_modem_os.c.obj)
                0x000196a0                nrf_modem_os_alloc
 .text.nrf_modem_os_free
                0x000196cc       0x1c modules/nrf/lib/nrf_modem_lib/lib..__nrf__lib__nrf_modem_lib.a(nrf_modem_os.c.obj)
                0x000196cc                nrf_modem_os_free
 .text.nrf_modem_os_shm_tx_alloc
                0x000196e8       0x2c modules/nrf/lib/nrf_modem_lib/lib..__nrf__lib__nrf_modem_lib.a(nrf_modem_os.c.obj)
                0x000196e8                nrf_modem_os_shm_tx_alloc
 .text.nrf_modem_os_shm_tx_free
                0x00019714       0x1c modules/nrf/lib/nrf_modem_lib/lib..__nrf__lib__nrf_modem_lib.a(nrf_modem_os.c.obj)
                0x00019714                nrf_modem_os_shm_tx_free
 .text.nrf_modem_os_init
                0x00019730       0x5c modules/nrf/lib/nrf_modem_lib/lib..__nrf__lib__nrf_modem_lib.a(nrf_modem_os.c.obj)
                0x00019730                nrf_modem_os_init
 .text.log_const_source_id
                0x0001978c       0x20 modules/nrf/lib/fatal_error/lib..__nrf__lib__fatal_error.a(fatal_error.c.obj)
 .text.k_sys_fatal_error_handler
                0x000197ac       0x88 modules/nrf/lib/fatal_error/lib..__nrf__lib__fatal_error.a(fatal_error.c.obj)
                0x000197ac                k_sys_fatal_error_handler
 .text.fw_info_ext_api_check
                0x00019834       0x40 modules/nrf/subsys/fw_info/lib..__nrf__subsys__fw_info.a(fw_info.c.obj)
 .text.check_ext_api_requests
                0x00019874       0x98 modules/nrf/subsys/fw_info/lib..__nrf__subsys__fw_info.a(fw_info.c.obj)
 .text.SystemCoreClockUpdate
                0x0001990c       0x1c modules/hal_nordic/nrfx/libmodules__hal_nordic__nrfx.a(system_nrf9160.c.obj)
                0x0001990c                SystemCoreClockUpdate
 .text.nrfx_error_string_get
                0x00019928      0x130 modules/hal_nordic/nrfx/libmodules__hal_nordic__nrfx.a(nrfx_glue.c.obj)
                0x00019928                nrfx_error_string_get
 .text.nrf_clock_is_running
                0x00019a58       0xa8 modules/hal_nordic/nrfx/libmodules__hal_nordic__nrfx.a(nrfx_clock.c.obj)
 .text.nrfx_power_clock_irq_init
                0x00019b00       0x38 modules/hal_nordic/nrfx/libmodules__hal_nordic__nrfx.a(nrfx_clock.c.obj)
 .text.nrfx_clock_is_running
                0x00019b38       0x28 modules/hal_nordic/nrfx/libmodules__hal_nordic__nrfx.a(nrfx_clock.c.obj)
 .text.log_const_source_id
                0x00019b60       0x20 modules/hal_nordic/nrfx/libmodules__hal_nordic__nrfx.a(nrfx_clock.c.obj)
 .text.nrfx_clock_init
                0x00019b80       0xf0 modules/hal_nordic/nrfx/libmodules__hal_nordic__nrfx.a(nrfx_clock.c.obj)
                0x00019b80                nrfx_clock_init
 .text.nrfx_clock_enable
                0x00019c70       0xb8 modules/hal_nordic/nrfx/libmodules__hal_nordic__nrfx.a(nrfx_clock.c.obj)
                0x00019c70                nrfx_clock_enable
 .text.nrfx_clock_start
                0x00019d28       0xdc modules/hal_nordic/nrfx/libmodules__hal_nordic__nrfx.a(nrfx_clock.c.obj)
                0x00019d28                nrfx_clock_start
 .text.nrfx_clock_stop
                0x00019e04      0x1b8 modules/hal_nordic/nrfx/libmodules__hal_nordic__nrfx.a(nrfx_clock.c.obj)
                0x00019e04                nrfx_clock_stop
 .text.nrfx_power_clock_irq_handler
                0x00019fbc      0x180 modules/hal_nordic/nrfx/libmodules__hal_nordic__nrfx.a(nrfx_clock.c.obj)
                0x00019fbc                nrfx_power_clock_irq_handler
 .text.log_const_source_id
                0x0001a13c       0x20 modules/hal_nordic/nrfx/libmodules__hal_nordic__nrfx.a(nrfx_dppi.c.obj)
 .text.nrfx_dppi_channel_alloc
                0x0001a15c      0x1b8 modules/hal_nordic/nrfx/libmodules__hal_nordic__nrfx.a(nrfx_dppi.c.obj)
                0x0001a15c                nrfx_dppi_channel_alloc
 .text.log_const_source_id
                0x0001a314       0x20 modules/hal_nordic/nrfx/libmodules__hal_nordic__nrfx.a(nrfx_gpiote.c.obj)
 .text.is_allocated_channel
                0x0001a334       0x30 modules/hal_nordic/nrfx/libmodules__hal_nordic__nrfx.a(nrfx_gpiote.c.obj)
 .text.channel_allocated_set
                0x0001a364       0x2c modules/hal_nordic/nrfx/libmodules__hal_nordic__nrfx.a(nrfx_gpiote.c.obj)
 .text.channel_allocated_clr
                0x0001a390       0x2c modules/hal_nordic/nrfx/libmodules__hal_nordic__nrfx.a(nrfx_gpiote.c.obj)
 .text.nrfx_gpiote_channel_free
                0x0001a3bc       0xf8 modules/hal_nordic/nrfx/libmodules__hal_nordic__nrfx.a(nrfx_gpiote.c.obj)
                0x0001a3bc                nrfx_gpiote_channel_free
 .text.nrfx_gpiote_channel_alloc
                0x0001a4b4      0x1d0 modules/hal_nordic/nrfx/libmodules__hal_nordic__nrfx.a(nrfx_gpiote.c.obj)
                0x0001a4b4                nrfx_gpiote_channel_alloc
 .text.nrf_ipc_receive_event_get
                0x0001a684       0x48 modules/hal_nordic/nrfx/libmodules__hal_nordic__nrfx.a(nrfx_ipc.c.obj)
 .text.nrfx_ipc_init
                0x0001a6cc       0x70 modules/hal_nordic/nrfx/libmodules__hal_nordic__nrfx.a(nrfx_ipc.c.obj)
                0x0001a6cc                nrfx_ipc_init
 .text.nrfx_ipc_config_load
                0x0001a73c       0xb8 modules/hal_nordic/nrfx/libmodules__hal_nordic__nrfx.a(nrfx_ipc.c.obj)
                0x0001a73c                nrfx_ipc_config_load
 .text.nrfx_ipc_uninit
                0x0001a7f4       0x90 modules/hal_nordic/nrfx/libmodules__hal_nordic__nrfx.a(nrfx_ipc.c.obj)
                0x0001a7f4                nrfx_ipc_uninit
 .text.nrfx_ipc_irq_handler
                0x0001a884       0x80 modules/hal_nordic/nrfx/libmodules__hal_nordic__nrfx.a(nrfx_ipc.c.obj)
                0x0001a884                nrfx_ipc_irq_handler
 .text.rpc_handle_data_message
                0x0001a904       0x3c C:/ncs/v1.7.1/nrfxlib/nrf_modem/lib/cortex-m33/soft-float/libmodem.a(rpc_framework.c.obj)
                0x0001a904                rpc_handle_data_message
 .text.ipc_trace_init
                0x0001a940        0xc C:/ncs/v1.7.1/nrfxlib/nrf_modem/lib/cortex-m33/soft-float/libmodem.a(ipc_trace.c.obj)
                0x0001a940                ipc_trace_init
 .text.nrf_modem_os_trace_irq_handler
                0x0001a94c       0x58 C:/ncs/v1.7.1/nrfxlib/nrf_modem/lib/cortex-m33/soft-float/libmodem.a(ipc_trace.c.obj)
                0x0001a94c                nrf_modem_os_trace_irq_handler
 .text.ipc_trace_handle
                0x0001a9a4      0x128 C:/ncs/v1.7.1/nrfxlib/nrf_modem/lib/cortex-m33/soft-float/libmodem.a(ipc_trace.c.obj)
                0x0001a9a4                ipc_trace_handle
 .text.rpc_trace_coredump_in_progress
                0x0001aacc        0xc C:/ncs/v1.7.1/nrfxlib/nrf_modem/lib/cortex-m33/soft-float/libmodem.a(ipc_trace.c.obj)
                0x0001aacc                rpc_trace_coredump_in_progress
 .text.rpc_transport_ipc_msg_alloc
                0x0001aad8       0x50 C:/ncs/v1.7.1/nrfxlib/nrf_modem/lib/cortex-m33/soft-float/libmodem.a(rpc_transport_ipc.c.obj)
 .text.handle_modem_rpc_msg
                0x0001ab28       0x84 C:/ncs/v1.7.1/nrfxlib/nrf_modem/lib/cortex-m33/soft-float/libmodem.a(rpc_transport_ipc.c.obj)
 .text.rpc_transport_ipc_data_msg_send
                0x0001abac       0x3c C:/ncs/v1.7.1/nrfxlib/nrf_modem/lib/cortex-m33/soft-float/libmodem.a(rpc_transport_ipc.c.obj)
                0x0001abac                rpc_transport_ipc_data_msg_send
 .text.rpc_transport_ipc_ctrl_msg_send
                0x0001abe8       0x3c C:/ncs/v1.7.1/nrfxlib/nrf_modem/lib/cortex-m33/soft-float/libmodem.a(rpc_transport_ipc.c.obj)
                0x0001abe8                rpc_transport_ipc_ctrl_msg_send
 .text.rpc_transport_ipc_data_msg_alloc
                0x0001ac24       0x24 C:/ncs/v1.7.1/nrfxlib/nrf_modem/lib/cortex-m33/soft-float/libmodem.a(rpc_transport_ipc.c.obj)
                0x0001ac24                rpc_transport_ipc_data_msg_alloc
 .text.rpc_transport_ipc_ctrl_msg_alloc
                0x0001ac48       0x40 C:/ncs/v1.7.1/nrfxlib/nrf_modem/lib/cortex-m33/soft-float/libmodem.a(rpc_transport_ipc.c.obj)
                0x0001ac48                rpc_transport_ipc_ctrl_msg_alloc
 .text.rpc_transport_ipc_data_alloc
                0x0001ac88       0x14 C:/ncs/v1.7.1/nrfxlib/nrf_modem/lib/cortex-m33/soft-float/libmodem.a(rpc_transport_ipc.c.obj)
                0x0001ac88                rpc_transport_ipc_data_alloc
 .text.nrf_modem_os_application_irq_handler
                0x0001ac9c       0x20 C:/ncs/v1.7.1/nrfxlib/nrf_modem/lib/cortex-m33/soft-float/libmodem.a(rpc_transport_ipc.c.obj)
                0x0001ac9c                nrf_modem_os_application_irq_handler
 .text.rpc_transport_ipc_msg_free
                0x0001acbc       0x4c C:/ncs/v1.7.1/nrfxlib/nrf_modem/lib/cortex-m33/soft-float/libmodem.a(rpc_transport_ipc.c.obj)
                0x0001acbc                rpc_transport_ipc_msg_free
 .text.rpc_transport_ipc_peer_data_free
                0x0001ad08       0x20 C:/ncs/v1.7.1/nrfxlib/nrf_modem/lib/cortex-m33/soft-float/libmodem.a(rpc_transport_ipc.c.obj)
                0x0001ad08                rpc_transport_ipc_peer_data_free
 .text.rpc_transport_ipc_init
                0x0001ad28      0x178 C:/ncs/v1.7.1/nrfxlib/nrf_modem/lib/cortex-m33/soft-float/libmodem.a(rpc_transport_ipc.c.obj)
                0x0001ad28                rpc_transport_ipc_init
 .text.ipc_irq_handler
                0x0001aea0      0x134 C:/ncs/v1.7.1/nrfxlib/nrf_modem/lib/cortex-m33/soft-float/libmodem.a(rpc_transport_ipc.c.obj)
                0x0001aea0                ipc_irq_handler
 .text.gnss_client_event_handler
                0x0001afd4       0x10 C:/ncs/v1.7.1/nrfxlib/nrf_modem/lib/cortex-m33/soft-float/libmodem.a(rpc_gnss_client.c.obj)
                0x0001afd4                gnss_client_event_handler
 .text.rpc_gnss_client_set_handler
                0x0001afe4        0xc C:/ncs/v1.7.1/nrfxlib/nrf_modem/lib/cortex-m33/soft-float/libmodem.a(rpc_gnss_client.c.obj)
                0x0001afe4                rpc_gnss_client_set_handler
 .text.interface_init
                0x0001aff0       0x18 C:/ncs/v1.7.1/nrfxlib/nrf_modem/lib/cortex-m33/soft-float/libmodem.a(interface.c.obj)
                0x0001aff0                interface_init
 .text.interface_socket_allocate
                0x0001b008       0x4c C:/ncs/v1.7.1/nrfxlib/nrf_modem/lib/cortex-m33/soft-float/libmodem.a(interface.c.obj)
                0x0001b008                interface_socket_allocate
 .text.interface_socket_free
                0x0001b054       0x18 C:/ncs/v1.7.1/nrfxlib/nrf_modem/lib/cortex-m33/soft-float/libmodem.a(interface.c.obj)
                0x0001b054                interface_socket_free
 .text.interface_socket_wait
                0x0001b06c       0x4c C:/ncs/v1.7.1/nrfxlib/nrf_modem/lib/cortex-m33/soft-float/libmodem.a(interface.c.obj)
                0x0001b06c                interface_socket_wait
 .text.interface_from_internal_id_search
                0x0001b0b8       0x30 C:/ncs/v1.7.1/nrfxlib/nrf_modem/lib/cortex-m33/soft-float/libmodem.a(interface.c.obj)
                0x0001b0b8                interface_from_internal_id_search
 .text.interface_socket_from_handle_get
                0x0001b0e8       0x20 C:/ncs/v1.7.1/nrfxlib/nrf_modem/lib/cortex-m33/soft-float/libmodem.a(interface.c.obj)
                0x0001b0e8                interface_socket_from_handle_get
 .text.rpc_error_to_nrf_errno
                0x0001b108       0x10 C:/ncs/v1.7.1/nrfxlib/nrf_modem/lib/cortex-m33/soft-float/libmodem.a(ip_interface.c.obj)
                0x0001b108                rpc_error_to_nrf_errno
 .text.rpc_error_to_nrf_gai_errno
                0x0001b118       0x40 C:/ncs/v1.7.1/nrfxlib/nrf_modem/lib/cortex-m33/soft-float/libmodem.a(ip_interface.c.obj)
                0x0001b118                rpc_error_to_nrf_gai_errno
 .text.ip_interface_init
                0x0001b158       0x30 C:/ncs/v1.7.1/nrfxlib/nrf_modem/lib/cortex-m33/soft-float/libmodem.a(ip_interface.c.obj)
                0x0001b158                ip_interface_init
 .text.rpc_ip_event_handler
                0x0001b188      0x490 C:/ncs/v1.7.1/nrfxlib/nrf_modem/lib/cortex-m33/soft-float/libmodem.a(ip_interface.c.obj)
                0x0001b188                rpc_ip_event_handler
 .text.hostname_free
                0x0001b618       0x24 C:/ncs/v1.7.1/nrfxlib/nrf_modem/lib/cortex-m33/soft-float/libmodem.a(tls_interface.c.obj)
 .text.secure_socket_attach_initiate
                0x0001b63c       0x94 C:/ncs/v1.7.1/nrfxlib/nrf_modem/lib/cortex-m33/soft-float/libmodem.a(tls_interface.c.obj)
 .text.tls_interface_init
                0x0001b6d0       0x10 C:/ncs/v1.7.1/nrfxlib/nrf_modem/lib/cortex-m33/soft-float/libmodem.a(tls_interface.c.obj)
                0x0001b6d0                tls_interface_init
 .text.tls_rpc_ip_event_handler
                0x0001b6e0       0xec C:/ncs/v1.7.1/nrfxlib/nrf_modem/lib/cortex-m33/soft-float/libmodem.a(tls_interface.c.obj)
                0x0001b6e0                tls_rpc_ip_event_handler
 .text.at_interface_init
                0x0001b7cc       0x10 C:/ncs/v1.7.1/nrfxlib/nrf_modem/lib/cortex-m33/soft-float/libmodem.a(at_interface.c.obj)
                0x0001b7cc                at_interface_init
 .text.at_interface_open
                0x0001b7dc       0x78 C:/ncs/v1.7.1/nrfxlib/nrf_modem/lib/cortex-m33/soft-float/libmodem.a(at_interface.c.obj)
                0x0001b7dc                at_interface_open
 .text.at_cmd_send
                0x0001b854       0x44 C:/ncs/v1.7.1/nrfxlib/nrf_modem/lib/cortex-m33/soft-float/libmodem.a(at2_interface.c.obj)
 .text.nrf_modem_at_init
                0x0001b898       0x34 C:/ncs/v1.7.1/nrfxlib/nrf_modem/lib/cortex-m33/soft-float/libmodem.a(at2_interface.c.obj)
                0x0001b898                nrf_modem_at_init
 .text.rpc_at2_event_handler
                0x0001b8cc       0x70 C:/ncs/v1.7.1/nrfxlib/nrf_modem/lib/cortex-m33/soft-float/libmodem.a(at2_interface.c.obj)
                0x0001b8cc                rpc_at2_event_handler
 .text.rpc_dfu_event_handler
                0x0001b93c       0x2c C:/ncs/v1.7.1/nrfxlib/nrf_modem/lib/cortex-m33/soft-float/libmodem.a(mfu_interface.c.obj)
                0x0001b93c                rpc_dfu_event_handler
 .text.mfu_interface_init
                0x0001b968       0x28 C:/ncs/v1.7.1/nrfxlib/nrf_modem/lib/cortex-m33/soft-float/libmodem.a(mfu_interface.c.obj)
                0x0001b968                mfu_interface_init
 .text.rpc_dfu2_event_handler
                0x0001b990       0x30 C:/ncs/v1.7.1/nrfxlib/nrf_modem/lib/cortex-m33/soft-float/libmodem.a(mfu2_interface.c.obj)
                0x0001b990                rpc_dfu2_event_handler
 .text.rpc_gnss_event_handler
                0x0001b9c0      0x180 C:/ncs/v1.7.1/nrfxlib/nrf_modem/lib/cortex-m33/soft-float/libmodem.a(gnss_interface.c.obj)
                0x0001b9c0                rpc_gnss_event_handler
 .text.gnss_interface_init
                0x0001bb40       0x48 C:/ncs/v1.7.1/nrfxlib/nrf_modem/lib/cortex-m33/soft-float/libmodem.a(gnss_interface.c.obj)
                0x0001bb40                gnss_interface_init
 .text.pdn_interface_init
                0x0001bb88       0x40 C:/ncs/v1.7.1/nrfxlib/nrf_modem/lib/cortex-m33/soft-float/libmodem.a(pdn_interface.c.obj)
                0x0001bb88                pdn_interface_init
 .text.full_dfu_ipc_irq_handler
                0x0001bbc8       0x18 C:/ncs/v1.7.1/nrfxlib/nrf_modem/lib/cortex-m33/soft-float/libmodem.a(full_dfu_interface.c.obj)
                0x0001bbc8                full_dfu_ipc_irq_handler
 .text.modem_ipc_wait_for_event
                0x0001bbe0       0x3c C:/ncs/v1.7.1/nrfxlib/nrf_modem/lib/cortex-m33/soft-float/libmodem.a(full_dfu_interface.c.obj)
                0x0001bbe0                modem_ipc_wait_for_event
 .text.nrf_modem_full_dfu_setup
                0x0001bc1c       0xdc C:/ncs/v1.7.1/nrfxlib/nrf_modem/lib/cortex-m33/soft-float/libmodem.a(full_dfu_interface.c.obj)
                0x0001bc1c                nrf_modem_full_dfu_setup
 .text.packet_handler_create
                0x0001bcf8       0x44 C:/ncs/v1.7.1/nrfxlib/nrf_modem/lib/cortex-m33/soft-float/libmodem.a(packet_handler_factory.c.obj)
                0x0001bcf8                packet_handler_create
 .text.modem_off
                0x0001bd3c       0x28 C:/ncs/v1.7.1/nrfxlib/nrf_modem/lib/cortex-m33/soft-float/libmodem.a(nrf_modem.c.obj)
 .text.nrf_modem_init
                0x0001bd64       0x5c C:/ncs/v1.7.1/nrfxlib/nrf_modem/lib/cortex-m33/soft-float/libmodem.a(nrf_modem.c.obj)
                0x0001bd64                nrf_modem_init
 .text.z_device_state_init
                0x0001bdc0       0x38 zephyr/kernel/libkernel.a(device.c.obj)
                0x0001bdc0                z_device_state_init
 .text.z_sys_init_run_level
                0x0001bdf8       0x80 zephyr/kernel/libkernel.a(device.c.obj)
                0x0001bdf8                z_sys_init_run_level
 .text.z_impl_device_get_binding
                0x0001be78       0x90 zephyr/kernel/libkernel.a(device.c.obj)
                0x0001be78                z_impl_device_get_binding
 .text.z_impl_z_errno
                0x0001bf08       0x18 zephyr/kernel/libkernel.a(errno.c.obj)
                0x0001bf08                z_impl_z_errno
 .text.log_const_source_id
                0x0001bf20       0x20 zephyr/kernel/libkernel.a(fatal.c.obj)
 .text.thread_name_get
                0x0001bf40       0x3c zephyr/kernel/libkernel.a(fatal.c.obj)
 .text.reason_to_str
                0x0001bf7c       0x60 zephyr/kernel/libkernel.a(fatal.c.obj)
 .text.z_fatal_error
                0x0001bfdc      0x270 zephyr/kernel/libkernel.a(fatal.c.obj)
                0x0001bfdc                z_fatal_error
 .text.__NVIC_SetPriority
                0x0001c24c       0x54 zephyr/kernel/libkernel.a(init.c.obj)
 .text.z_dummy_thread_init
                0x0001c2a0       0x34 zephyr/kernel/libkernel.a(init.c.obj)
 .text.z_bss_zero
                0x0001c2d4       0x20 zephyr/kernel/libkernel.a(init.c.obj)
                0x0001c2d4                z_bss_zero
 .text.bg_thread_main
                0x0001c2f4       0x48 zephyr/kernel/libkernel.a(init.c.obj)
 .text.init_idle_thread
                0x0001c33c       0x78 zephyr/kernel/libkernel.a(init.c.obj)
 .text.prepare_multithreading
                0x0001c3b4       0xe4 zephyr/kernel/libkernel.a(init.c.obj)
 .text.switch_to_main_thread
                0x0001c498       0x1c zephyr/kernel/libkernel.a(init.c.obj)
 .text.z_cstart
                0x0001c4b4       0xd4 zephyr/kernel/libkernel.a(init.c.obj)
                0x0001c4b4                z_cstart
 .text.statics_init
                0x0001c588       0x7c zephyr/kernel/libkernel.a(kheap.c.obj)
 .text.k_heap_aligned_alloc
                0x0001c604      0x210 zephyr/kernel/libkernel.a(kheap.c.obj)
                0x0001c604                k_heap_aligned_alloc
 .text.k_heap_free
                0x0001c814       0xf4 zephyr/kernel/libkernel.a(kheap.c.obj)
                0x0001c814                k_heap_free
 .text.init_mem_slab_module
                0x0001c908       0x88 zephyr/kernel/libkernel.a(mem_slab.c.obj)
 .text.k_mem_slab_alloc
                0x0001c990      0x150 zephyr/kernel/libkernel.a(mem_slab.c.obj)
                0x0001c990                k_mem_slab_alloc
 .text.k_mem_slab_free
                0x0001cae0      0x138 zephyr/kernel/libkernel.a(mem_slab.c.obj)
                0x0001cae0                k_mem_slab_free
 .text.z_add_thread_timeout
                0x0001cc18       0x28 zephyr/kernel/libkernel.a(thread.c.obj)
 .text.z_is_idle_thread_entry
                0x0001cc40       0x24 zephyr/kernel/libkernel.a(thread.c.obj)
 .text.log_const_source_id
                0x0001cc64       0x20 zephyr/kernel/libkernel.a(thread.c.obj)
 .text.setup_thread_stack
                0x0001cc84      0x11c zephyr/kernel/libkernel.a(thread.c.obj)
 .text.z_setup_new_thread
                0x0001cda0       0xd4 zephyr/kernel/libkernel.a(thread.c.obj)
                0x0001cda0                z_setup_new_thread
 .text.z_impl_k_thread_create
                0x0001ce74       0xa0 zephyr/kernel/libkernel.a(thread.c.obj)
                0x0001ce74                z_impl_k_thread_create
 .text.z_init_static_threads
                0x0001cf14      0x134 zephyr/kernel/libkernel.a(thread.c.obj)
                0x0001cf14                z_init_static_threads
 .text.z_spin_lock_valid
                0x0001d048       0x38 zephyr/kernel/libkernel.a(thread.c.obj)
                0x0001d048                z_spin_lock_valid
 .text.z_spin_unlock_valid
                0x0001d080       0x38 zephyr/kernel/libkernel.a(thread.c.obj)
                0x0001d080                z_spin_unlock_valid
 .text.z_spin_lock_set_owner
                0x0001d0b8       0x28 zephyr/kernel/libkernel.a(thread.c.obj)
                0x0001d0b8                z_spin_lock_set_owner
 .text.pm_save_idle
                0x0001d0e0       0x30 zephyr/kernel/libkernel.a(idle.c.obj)
 .text.idle     0x0001d110       0x58 zephyr/kernel/libkernel.a(idle.c.obj)
                0x0001d110                idle
 .text.z_sched_lock
                0x0001d168       0x88 zephyr/kernel/libkernel.a(mutex.c.obj)
 .text.log_const_source_id
                0x0001d1f0       0x20 zephyr/kernel/libkernel.a(mutex.c.obj)
 .text.adjust_owner_prio
                0x0001d210      0x114 zephyr/kernel/libkernel.a(mutex.c.obj)
 .text.z_impl_k_mutex_lock
                0x0001d324      0x78c zephyr/kernel/libkernel.a(mutex.c.obj)
                0x0001d324                z_impl_k_mutex_lock
 .text.z_impl_k_mutex_unlock
                0x0001dab0      0x314 zephyr/kernel/libkernel.a(mutex.c.obj)
                0x0001dab0                z_impl_k_mutex_unlock
 .text.z_impl_k_sem_give
                0x0001ddc4       0xcc zephyr/kernel/libkernel.a(sem.c.obj)
                0x0001ddc4                z_impl_k_sem_give
 .text.z_impl_k_sem_take
                0x0001de90      0x1c0 zephyr/kernel/libkernel.a(sem.c.obj)
                0x0001de90                z_impl_k_sem_take
 .text.z_add_thread_timeout
                0x0001e050       0x28 zephyr/kernel/libkernel.a(sched.c.obj)
 .text.z_is_idle_thread_object
                0x0001e078       0x24 zephyr/kernel/libkernel.a(sched.c.obj)
 .text.z_sched_lock
                0x0001e09c       0x88 zephyr/kernel/libkernel.a(sched.c.obj)
 .text.log_const_source_id
                0x0001e124       0x20 zephyr/kernel/libkernel.a(sched.c.obj)
 .text.move_thread_to_end_of_prio_q
                0x0001e144      0x138 zephyr/kernel/libkernel.a(sched.c.obj)
 .text.z_reset_time_slice
                0x0001e27c       0x38 zephyr/kernel/libkernel.a(sched.c.obj)
                0x0001e27c                z_reset_time_slice
 .text.k_sched_time_slice_set
                0x0001e2b4      0x11c zephyr/kernel/libkernel.a(sched.c.obj)
                0x0001e2b4                k_sched_time_slice_set
 .text.sliceable
                0x0001e3d0       0x6c zephyr/kernel/libkernel.a(sched.c.obj)
 .text.z_time_slice
                0x0001e43c      0x178 zephyr/kernel/libkernel.a(sched.c.obj)
                0x0001e43c                z_time_slice
 .text.update_cache
                0x0001e5b4       0xe4 zephyr/kernel/libkernel.a(sched.c.obj)
 .text.ready_thread
                0x0001e698      0x10c zephyr/kernel/libkernel.a(sched.c.obj)
 .text.z_ready_thread
                0x0001e7a4       0xf4 zephyr/kernel/libkernel.a(sched.c.obj)
                0x0001e7a4                z_ready_thread
 .text.z_sched_start
                0x0001e898       0xe8 zephyr/kernel/libkernel.a(sched.c.obj)
                0x0001e898                z_sched_start
 .text.z_impl_k_thread_suspend
                0x0001e980      0x148 zephyr/kernel/libkernel.a(sched.c.obj)
                0x0001e980                z_impl_k_thread_suspend
 .text.pended_on_thread
                0x0001eac8       0x40 zephyr/kernel/libkernel.a(sched.c.obj)
 .text.unready_thread
                0x0001eb08       0x68 zephyr/kernel/libkernel.a(sched.c.obj)
 .text.add_to_waitq_locked
                0x0001eb70       0xd8 zephyr/kernel/libkernel.a(sched.c.obj)
 .text.pend     0x0001ec48       0xf0 zephyr/kernel/libkernel.a(sched.c.obj)
 .text.z_unpend_thread_no_timeout
                0x0001ed38       0xe0 zephyr/kernel/libkernel.a(sched.c.obj)
                0x0001ed38                z_unpend_thread_no_timeout
 .text.z_thread_timeout
                0x0001ee18      0x13c zephyr/kernel/libkernel.a(sched.c.obj)
                0x0001ee18                z_thread_timeout
 .text.z_pend_curr
                0x0001ef54       0x88 zephyr/kernel/libkernel.a(sched.c.obj)
                0x0001ef54                z_pend_curr
 .text.z_unpend1_no_timeout
                0x0001efdc       0xf4 zephyr/kernel/libkernel.a(sched.c.obj)
                0x0001efdc                z_unpend1_no_timeout
 .text.z_unpend_first_thread
                0x0001f0d0       0xfc zephyr/kernel/libkernel.a(sched.c.obj)
                0x0001f0d0                z_unpend_first_thread
 .text.z_unpend_thread
                0x0001f1cc       0xec zephyr/kernel/libkernel.a(sched.c.obj)
                0x0001f1cc                z_unpend_thread
 .text.z_set_prio
                0x0001f2b8      0x214 zephyr/kernel/libkernel.a(sched.c.obj)
                0x0001f2b8                z_set_prio
 .text.need_swap
                0x0001f4cc       0x2c zephyr/kernel/libkernel.a(sched.c.obj)
 .text.z_reschedule
                0x0001f4f8       0xc8 zephyr/kernel/libkernel.a(sched.c.obj)
                0x0001f4f8                z_reschedule
 .text.k_sched_lock
                0x0001f5c0       0xdc zephyr/kernel/libkernel.a(sched.c.obj)
                0x0001f5c0                k_sched_lock
 .text.k_sched_unlock
                0x0001f69c      0x1fc zephyr/kernel/libkernel.a(sched.c.obj)
                0x0001f69c                k_sched_unlock
 .text.z_priq_dumb_remove
                0x0001f898       0x4c zephyr/kernel/libkernel.a(sched.c.obj)
                0x0001f898                z_priq_dumb_remove
 .text.z_sched_init
                0x0001f8e4       0x1c zephyr/kernel/libkernel.a(sched.c.obj)
                0x0001f8e4                z_sched_init
 .text.z_impl_k_yield
                0x0001f900      0x20c zephyr/kernel/libkernel.a(sched.c.obj)
                0x0001f900                z_impl_k_yield
 .text.z_tick_sleep
                0x0001fb0c      0x1f0 zephyr/kernel/libkernel.a(sched.c.obj)
 .text.z_impl_k_sleep
                0x0001fcfc       0xb0 zephyr/kernel/libkernel.a(sched.c.obj)
                0x0001fcfc                z_impl_k_sleep
 .text.z_impl_k_current_get
                0x0001fdac       0x1c zephyr/kernel/libkernel.a(sched.c.obj)
                0x0001fdac                z_impl_k_current_get
 .text.end_thread
                0x0001fdc8       0x98 zephyr/kernel/libkernel.a(sched.c.obj)
 .text.z_thread_abort
                0x0001fe60      0x1b8 zephyr/kernel/libkernel.a(sched.c.obj)
                0x0001fe60                z_thread_abort
 .text.z_data_copy
                0x00020018       0x3c zephyr/kernel/libkernel.a(xip.c.obj)
                0x00020018                z_data_copy
 .text.first    0x00020054       0x1c zephyr/kernel/libkernel.a(timeout.c.obj)
 .text.next     0x00020070       0x24 zephyr/kernel/libkernel.a(timeout.c.obj)
 .text.elapsed  0x00020094       0x20 zephyr/kernel/libkernel.a(timeout.c.obj)
 .text.next_timeout
                0x000200b4       0x9c zephyr/kernel/libkernel.a(timeout.c.obj)
 .text.z_add_timeout
                0x00020150      0x28c zephyr/kernel/libkernel.a(timeout.c.obj)
                0x00020150                z_add_timeout
 .text.z_abort_timeout
                0x000203dc       0xf8 zephyr/kernel/libkernel.a(timeout.c.obj)
                0x000203dc                z_abort_timeout
 .text.z_get_next_timeout_expiry
                0x000204d4       0xe4 zephyr/kernel/libkernel.a(timeout.c.obj)
                0x000204d4                z_get_next_timeout_expiry
 .text.z_set_timeout_expiry
                0x000205b8      0x144 zephyr/kernel/libkernel.a(timeout.c.obj)
                0x000205b8                z_set_timeout_expiry
 .text.sys_clock_announce
                0x000206fc      0x254 zephyr/kernel/libkernel.a(timeout.c.obj)
                0x000206fc                sys_clock_announce
 .text.sys_clock_tick_get
                0x00020950      0x108 zephyr/kernel/libkernel.a(timeout.c.obj)
                0x00020950                sys_clock_tick_get
 .text.z_timer_expiration_handler
                0x00020a58       0x9c zephyr/kernel/libkernel.a(timer.c.obj)
                0x00020a58                z_timer_expiration_handler
 .text.z_impl_k_timer_start
                0x00020af4       0xf4 zephyr/kernel/libkernel.a(timer.c.obj)
                0x00020af4                z_impl_k_timer_start
 .text.boot_banner
                0x00020be8       0x3c zephyr/kernel/libkernel.a(banner.c.obj)
                0x00020be8                boot_banner
 .text.k_is_user_context
                0x00020c24        0xe app/libapp.a(main.c.obj)
 .text.k_ms_to_ticks_ceil64
                0x00020c32      0x248 app/libapp.a(main.c.obj)
 .text.k_msleep
                0x00020e7a       0x34 app/libapp.a(main.c.obj)
 .text.k_sleep  0x00020eae       0x1c app/libapp.a(main.c.obj)
 .text.device_get_binding
                0x00020eca       0x18 app/libapp.a(main.c.obj)
 .text.uart_callback_set
                0x00020ee2       0x1a app/libapp.a(main.c.obj)
 .text.z_impl_uart_tx
                0x00020efc       0x1c app/libapp.a(main.c.obj)
 .text.z_impl_uart_rx_enable
                0x00020f18       0x1c app/libapp.a(main.c.obj)
 .text.uart_rx_buf_rsp
                0x00020f34       0x1a app/libapp.a(main.c.obj)
 .text.z_impl_uart_poll_out
                0x00020f4e       0x26 app/libapp.a(main.c.obj)
 .text.uart_tx  0x00020f74       0x24 app/libapp.a(main.c.obj)
 .text.uart_rx_enable
                0x00020f98       0x24 app/libapp.a(main.c.obj)
 .text.uart_poll_out
                0x00020fbc       0x1e app/libapp.a(main.c.obj)
 .text.sys_notify_get_method
                0x00020fda       0x1e zephyr/libzephyr.a(notify.c.obj)
 .text.sys_notify_validate
                0x00020ff8       0x5c zephyr/libzephyr.a(notify.c.obj)
                0x00020ff8                sys_notify_validate
 .text.arch_printk_char_out
                0x00021054       0x14 zephyr/libzephyr.a(printk.c.obj)
                0x00021054                arch_printk_char_out
 .text.printk   0x00021068       0x24 zephyr/libzephyr.a(printk.c.obj)
                0x00021068                printk
 .text.str_out  0x0002108c       0x72 zephyr/libzephyr.a(printk.c.obj)
 .text.snprintk
                0x000210fe       0x30 zephyr/libzephyr.a(printk.c.obj)
                0x000210fe                snprintk
 .text.sys_slist_init
                0x0002112e       0x1e zephyr/libzephyr.a(onoff.c.obj)
 .text.z_snode_next_peek
                0x0002114c       0x16 zephyr/libzephyr.a(onoff.c.obj)
 .text.z_snode_next_set
                0x00021162       0x1a zephyr/libzephyr.a(onoff.c.obj)
 .text.z_slist_head_set
                0x0002117c       0x1a zephyr/libzephyr.a(onoff.c.obj)
 .text.z_slist_tail_set
                0x00021196       0x1a zephyr/libzephyr.a(onoff.c.obj)
 .text.sys_slist_peek_head
                0x000211b0       0x16 zephyr/libzephyr.a(onoff.c.obj)
 .text.sys_slist_peek_tail
                0x000211c6       0x16 zephyr/libzephyr.a(onoff.c.obj)
 .text.sys_slist_is_empty
                0x000211dc       0x22 zephyr/libzephyr.a(onoff.c.obj)
 .text.sys_slist_peek_next_no_check
                0x000211fe       0x18 zephyr/libzephyr.a(onoff.c.obj)
 .text.sys_slist_peek_next
                0x00021216       0x22 zephyr/libzephyr.a(onoff.c.obj)
 .text.sys_slist_append
                0x00021238       0x50 zephyr/libzephyr.a(onoff.c.obj)
 .text.sys_slist_get_not_empty
                0x00021288       0x48 zephyr/libzephyr.a(onoff.c.obj)
 .text.set_state
                0x000212d0       0x30 zephyr/libzephyr.a(onoff.c.obj)
 .text.validate_args
                0x00021300       0x4a zephyr/libzephyr.a(onoff.c.obj)
 .text.onoff_manager_init
                0x0002134a       0x4a zephyr/libzephyr.a(onoff.c.obj)
                0x0002134a                onoff_manager_init
 .text.notify_monitors
                0x00021394       0xa0 zephyr/libzephyr.a(onoff.c.obj)
 .text.notify_one
                0x00021434       0x36 zephyr/libzephyr.a(onoff.c.obj)
 .text.notify_all
                0x0002146a       0x44 zephyr/libzephyr.a(onoff.c.obj)
 .text.process_recheck
                0x000214ae       0x72 zephyr/libzephyr.a(onoff.c.obj)
 .text.k_current_get
                0x00021520        0xe zephyr/libzephyr.a(thread_entry.c.obj)
 .text.k_thread_abort
                0x0002152e       0x16 zephyr/libzephyr.a(thread_entry.c.obj)
 .text.z_thread_entry
                0x00021544       0x24 zephyr/libzephyr.a(thread_entry.c.obj)
                0x00021544                z_thread_entry
 .text.big_heap_chunks
                0x00021568       0x22 zephyr/libzephyr.a(heap.c.obj)
 .text.big_heap_bytes
                0x0002158a       0x1c zephyr/libzephyr.a(heap.c.obj)
 .text.big_heap
                0x000215a6       0x1c zephyr/libzephyr.a(heap.c.obj)
 .text.chunk_buf
                0x000215c2       0x14 zephyr/libzephyr.a(heap.c.obj)
 .text.chunk_field
                0x000215d6       0x4a zephyr/libzephyr.a(heap.c.obj)
 .text.chunk_set
                0x00021620       0x52 zephyr/libzephyr.a(heap.c.obj)
 .text.chunk_used
                0x00021672       0x2c zephyr/libzephyr.a(heap.c.obj)
 .text.chunk_size
                0x0002169e       0x20 zephyr/libzephyr.a(heap.c.obj)
 .text.set_chunk_used
                0x000216be       0x8a zephyr/libzephyr.a(heap.c.obj)
 .text.set_chunk_size
                0x00021748       0x22 zephyr/libzephyr.a(heap.c.obj)
 .text.prev_free_chunk
                0x0002176a       0x1e zephyr/libzephyr.a(heap.c.obj)
 .text.next_free_chunk
                0x00021788       0x1e zephyr/libzephyr.a(heap.c.obj)
 .text.set_prev_free_chunk
                0x000217a6       0x20 zephyr/libzephyr.a(heap.c.obj)
 .text.set_next_free_chunk
                0x000217c6       0x20 zephyr/libzephyr.a(heap.c.obj)
 .text.left_chunk
                0x000217e6       0x22 zephyr/libzephyr.a(heap.c.obj)
 .text.right_chunk
                0x00021808       0x20 zephyr/libzephyr.a(heap.c.obj)
 .text.set_left_chunk_size
                0x00021828       0x20 zephyr/libzephyr.a(heap.c.obj)
 .text.solo_free_header
                0x00021848       0x38 zephyr/libzephyr.a(heap.c.obj)
 .text.chunk_header_bytes
                0x00021880       0x22 zephyr/libzephyr.a(heap.c.obj)
 .text.heap_footer_bytes
                0x000218a2       0x22 zephyr/libzephyr.a(heap.c.obj)
 .text.chunksz  0x000218c4       0x18 zephyr/libzephyr.a(heap.c.obj)
 .text.bytes_to_chunksz
                0x000218dc       0x26 zephyr/libzephyr.a(heap.c.obj)
 .text.min_chunk_size
                0x00021902       0x1a zephyr/libzephyr.a(heap.c.obj)
 .text.bucket_idx
                0x0002191c       0x2c zephyr/libzephyr.a(heap.c.obj)
 .text.size_too_big
                0x00021948       0x26 zephyr/libzephyr.a(heap.c.obj)
 .text.chunk_mem
                0x0002196e       0x30 zephyr/libzephyr.a(heap.c.obj)
 .text.free_list_remove_bidx
                0x0002199e       0x7a zephyr/libzephyr.a(heap.c.obj)
 .text.free_list_remove
                0x00021a18       0x44 zephyr/libzephyr.a(heap.c.obj)
 .text.free_list_add_bidx
                0x00021a5c       0x8e zephyr/libzephyr.a(heap.c.obj)
 .text.free_list_add
                0x00021aea       0x44 zephyr/libzephyr.a(heap.c.obj)
 .text.split_chunks
                0x00021b2e       0x60 zephyr/libzephyr.a(heap.c.obj)
 .text.merge_chunks
                0x00021b8e       0x4a zephyr/libzephyr.a(heap.c.obj)
 .text.free_chunk
                0x00021bd8       0xac zephyr/libzephyr.a(heap.c.obj)
 .text.mem_to_chunkid
                0x00021c84       0x32 zephyr/libzephyr.a(heap.c.obj)
 .text.alloc_chunk
                0x00021cb6       0xc4 zephyr/libzephyr.a(heap.c.obj)
 .text.sys_heap_alloc
                0x00021d7a       0x90 zephyr/libzephyr.a(heap.c.obj)
                0x00021d7a                sys_heap_alloc
 .text.isupper  0x00021e0a       0x20 zephyr/libzephyr.a(cbprintf_complete.c.obj)
 .text.isdigit  0x00021e2a       0x20 zephyr/libzephyr.a(cbprintf_complete.c.obj)
 .text.extract_decimal
                0x00021e4a       0x4e zephyr/libzephyr.a(cbprintf_complete.c.obj)
 .text.extract_width
                0x00021e98       0x9c zephyr/libzephyr.a(cbprintf_complete.c.obj)
 .text.extract_prec
                0x00021f34       0xb2 zephyr/libzephyr.a(cbprintf_complete.c.obj)
 .text.extract_conversion
                0x00021fe6       0x70 zephyr/libzephyr.a(cbprintf_complete.c.obj)
 .text.conversion_radix
                0x00022056       0x38 zephyr/libzephyr.a(cbprintf_complete.c.obj)
 .text.encode_uint
                0x0002208e       0xdc zephyr/libzephyr.a(cbprintf_complete.c.obj)
 .text.outs     0x0002216a       0x58 zephyr/libzephyr.a(cbprintf_complete.c.obj)
 .text.assert_post_action
                0x000221c2       0x20 zephyr/libzephyr.a(assert.c.obj)
                0x000221c2                assert_post_action
 .text._ConfigAbsSyms
                0x000221e2        0xc zephyr/libzephyr.a(configs.c.obj)
                0x000221e2                _ConfigAbsSyms
 .text.arch_busy_wait
                0x000221ee       0x16 zephyr/libzephyr.a(soc.c.obj)
                0x000221ee                arch_busy_wait
 .text.k_is_user_context
                0x00022204        0xe zephyr/libzephyr.a(power.c.obj)
 .text.nrf_regulators_system_off
                0x00022212       0x1a zephyr/libzephyr.a(power.c.obj)
 .text.log_list_init
                0x0002222c       0x1e zephyr/libzephyr.a(log_list.c.obj)
                0x0002222c                log_list_init
 .text.log_list_add_tail
                0x0002224a       0x38 zephyr/libzephyr.a(log_list.c.obj)
                0x0002224a                log_list_add_tail
 .text.log_list_head_peek
                0x00022282       0x16 zephyr/libzephyr.a(log_list.c.obj)
                0x00022282                log_list_head_peek
 .text.log_list_head_get
                0x00022298       0x2c zephyr/libzephyr.a(log_list.c.obj)
                0x00022298                log_list_head_get
 .text.atomic_add
                0x000222c4       0x2c zephyr/libzephyr.a(log_core.c.obj)
 .text.atomic_sub
                0x000222f0       0x2c zephyr/libzephyr.a(log_core.c.obj)
 .text.atomic_inc
                0x0002231c       0x1a zephyr/libzephyr.a(log_core.c.obj)
 .text.atomic_dec
                0x00022336       0x1a zephyr/libzephyr.a(log_core.c.obj)
 .text.atomic_set
                0x00022350       0x26 zephyr/libzephyr.a(log_core.c.obj)
 .text.k_is_user_context
                0x00022376        0xe zephyr/libzephyr.a(log_core.c.obj)
 .text.log_msg_source_id_get
                0x00022384       0x1c zephyr/libzephyr.a(log_core.c.obj)
 .text.log_msg_is_std
                0x000223a0       0x26 zephyr/libzephyr.a(log_core.c.obj)
 .text.z_log_msg_std_alloc
                0x000223c6       0x32 zephyr/libzephyr.a(log_core.c.obj)
 .text.log_msg_create_0
                0x000223f8       0x24 zephyr/libzephyr.a(log_core.c.obj)
 .text.log_msg_create_1
                0x0002241c       0x38 zephyr/libzephyr.a(log_core.c.obj)
 .text.log_msg_create_2
                0x00022454       0x40 zephyr/libzephyr.a(log_core.c.obj)
 .text.log_msg_create_3
                0x00022494       0x48 zephyr/libzephyr.a(log_core.c.obj)
 .text.arch_k_cycle_get_32
                0x000224dc        0xe zephyr/libzephyr.a(log_core.c.obj)
 .text.sys_clock_hw_cycles_per_sec
                0x000224ea       0x10 zephyr/libzephyr.a(log_core.c.obj)
 .text.k_ms_to_ticks_ceil64
                0x000224fa      0x248 zephyr/libzephyr.a(log_core.c.obj)
 .text.k_ticks_to_ms_floor64
                0x00022742      0x248 zephyr/libzephyr.a(log_core.c.obj)
 .text.k_uptime_get
                0x0002298a       0x1e zephyr/libzephyr.a(log_core.c.obj)
 .text.k_uptime_get_32
                0x000229a8       0x12 zephyr/libzephyr.a(log_core.c.obj)
 .text.k_cycle_get_32
                0x000229ba        0xe zephyr/libzephyr.a(log_core.c.obj)
 .text.k_thread_create
                0x000229c8       0x40 zephyr/libzephyr.a(log_core.c.obj)
 .text.k_current_get
                0x00022a08        0xe zephyr/libzephyr.a(log_core.c.obj)
 .text.k_thread_name_set
                0x00022a16       0x1c zephyr/libzephyr.a(log_core.c.obj)
 .text.k_timer_start
                0x00022a32       0x26 zephyr/libzephyr.a(log_core.c.obj)
 .text.k_timer_stop
                0x00022a58       0x16 zephyr/libzephyr.a(log_core.c.obj)
 .text.k_uptime_ticks
                0x00022a6e       0x12 zephyr/libzephyr.a(log_core.c.obj)
 .text.k_sem_take
                0x00022a80       0x20 zephyr/libzephyr.a(log_core.c.obj)
 .text.k_sem_give
                0x00022aa0       0x16 zephyr/libzephyr.a(log_core.c.obj)
 .text.log_process
                0x00022ab6       0x1c zephyr/libzephyr.a(log_core.c.obj)
 .text.isalpha  0x00022ad2       0x24 zephyr/libzephyr.a(log_core.c.obj)
 .text.dummy_timestamp
                0x00022af6        0xe zephyr/libzephyr.a(log_core.c.obj)
 .text.log_0    0x00022b04       0x2a zephyr/libzephyr.a(log_core.c.obj)
                0x00022b04                log_0
 .text.log_1    0x00022b2e       0x2e zephyr/libzephyr.a(log_core.c.obj)
                0x00022b2e                log_1
 .text.log_2    0x00022b5c       0x32 zephyr/libzephyr.a(log_core.c.obj)
                0x00022b5c                log_2
 .text.log_3    0x00022b8e       0x34 zephyr/libzephyr.a(log_core.c.obj)
                0x00022b8e                log_3
 .text.log_n    0x00022bc2       0x32 zephyr/libzephyr.a(log_core.c.obj)
                0x00022bc2                log_n
 .text.default_get_timestamp
                0x00022bf4        0xe zephyr/libzephyr.a(log_core.c.obj)
 .text.default_lf_get_timestamp
                0x00022c02        0xe zephyr/libzephyr.a(log_core.c.obj)
 .text.msg_filter_check
                0x00022c10       0x16 zephyr/libzephyr.a(log_core.c.obj)
 .text.dropped_notify
                0x00022c26       0x4c zephyr/libzephyr.a(log_core.c.obj)
                0x00022c26                dropped_notify
 .text.log_source_name_get
                0x00022c72       0x2a zephyr/libzephyr.a(log_core.c.obj)
                0x00022c72                log_source_name_get
 .text.backend_filter_set
                0x00022c9c       0x14 zephyr/libzephyr.a(log_core.c.obj)
 .text.atomic_add
                0x00022cb0       0x2c zephyr/libzephyr.a(log_msg.c.obj)
 .text.atomic_sub
                0x00022cdc       0x2c zephyr/libzephyr.a(log_msg.c.obj)
 .text.atomic_inc
                0x00022d08       0x1a zephyr/libzephyr.a(log_msg.c.obj)
 .text.atomic_dec
                0x00022d22       0x1a zephyr/libzephyr.a(log_msg.c.obj)
 .text.k_ms_to_ticks_ceil64
                0x00022d3c      0x248 zephyr/libzephyr.a(log_msg.c.obj)
 .text.log_msg_is_std
                0x00022f84       0x26 zephyr/libzephyr.a(log_msg.c.obj)
 .text.z_log_msg_std_alloc
                0x00022faa       0x32 zephyr/libzephyr.a(log_msg.c.obj)
 .text.log_process
                0x00022fdc       0x1c zephyr/libzephyr.a(log_msg.c.obj)
 .text.block_on_alloc
                0x00022ff8        0xe zephyr/libzephyr.a(log_msg.c.obj)
 .text.log_msg_get
                0x00023006       0x1a zephyr/libzephyr.a(log_msg.c.obj)
                0x00023006                log_msg_get
 .text.log_msg_put
                0x00023020       0x28 zephyr/libzephyr.a(log_msg.c.obj)
                0x00023020                log_msg_put
 .text.log_msg_nargs_get
                0x00023048       0x1c zephyr/libzephyr.a(log_msg.c.obj)
                0x00023048                log_msg_nargs_get
 .text.cont_arg_get
                0x00023064       0x52 zephyr/libzephyr.a(log_msg.c.obj)
 .text.log_msg_arg_get
                0x000230b6       0x52 zephyr/libzephyr.a(log_msg.c.obj)
                0x000230b6                log_msg_arg_get
 .text.log_msg_str_get
                0x00023108       0x16 zephyr/libzephyr.a(log_msg.c.obj)
                0x00023108                log_msg_str_get
 .text.msg_alloc
                0x0002311e       0x86 zephyr/libzephyr.a(log_msg.c.obj)
 .text.copy_args_to_msg
                0x000231a4       0x8e zephyr/libzephyr.a(log_msg.c.obj)
 .text.log_msg_hexdump_data_op
                0x00023232      0x15e zephyr/libzephyr.a(log_msg.c.obj)
 .text.log_msg_hexdump_data_get
                0x00023390       0x26 zephyr/libzephyr.a(log_msg.c.obj)
                0x00023390                log_msg_hexdump_data_get
 .text.atomic_add
                0x000233b6       0x2c zephyr/libzephyr.a(log_output.c.obj)
 .text.atomic_inc
                0x000233e2       0x1a zephyr/libzephyr.a(log_output.c.obj)
 .text.log_msg_domain_id_get
                0x000233fc       0x1c zephyr/libzephyr.a(log_output.c.obj)
 .text.log_msg_source_id_get
                0x00023418       0x1c zephyr/libzephyr.a(log_output.c.obj)
 .text.log_msg_level_get
                0x00023434       0x1c zephyr/libzephyr.a(log_output.c.obj)
 .text.log_msg_timestamp_get
                0x00023450       0x16 zephyr/libzephyr.a(log_output.c.obj)
 .text.log_msg_is_std
                0x00023466       0x26 zephyr/libzephyr.a(log_output.c.obj)
 .text.isprint  0x0002348c       0x24 zephyr/libzephyr.a(log_output.c.obj)
 .text.buffer_write
                0x000234b0       0x3a zephyr/libzephyr.a(log_output.c.obj)
 .text.log_output_flush
                0x000234ea       0x32 zephyr/libzephyr.a(log_output.c.obj)
                0x000234ea                log_output_flush
 .text.color_prefix
                0x0002351c       0x22 zephyr/libzephyr.a(log_output.c.obj)
 .text.color_postfix
                0x0002353e       0x22 zephyr/libzephyr.a(log_output.c.obj)
 .text.prefix_print
                0x00023560       0x9c zephyr/libzephyr.a(log_output.c.obj)
 .text.postfix_print
                0x000235fc       0x38 zephyr/libzephyr.a(log_output.c.obj)
 .text.log_output_msg_process
                0x00023634       0xca zephyr/libzephyr.a(log_output.c.obj)
                0x00023634                log_output_msg_process
 .text.log_backend_std_get_flags
                0x000236fe       0x26 zephyr/libzephyr.a(log_backend_uart.c.obj)
 .text.log_backend_std_put
                0x00023724       0x36 zephyr/libzephyr.a(log_backend_uart.c.obj)
 .text.log_backend_std_panic
                0x0002375a       0x16 zephyr/libzephyr.a(log_backend_uart.c.obj)
 .text.log_backend_std_dropped
                0x00023770       0x1a zephyr/libzephyr.a(log_backend_uart.c.obj)
 .text.device_get_binding
                0x0002378a       0x18 zephyr/libzephyr.a(log_backend_uart.c.obj)
 .text.z_impl_uart_poll_out
                0x000237a2       0x26 zephyr/libzephyr.a(log_backend_uart.c.obj)
 .text.uart_poll_out
                0x000237c8       0x1e zephyr/libzephyr.a(log_backend_uart.c.obj)
 .text.z_snode_next_peek
                0x000237e6       0x16 zephyr/libzephyr.a(power.c.obj)
 .text.sys_slist_peek_head
                0x000237fc       0x16 zephyr/libzephyr.a(power.c.obj)
 .text.sys_slist_peek_next_no_check
                0x00023812       0x18 zephyr/libzephyr.a(power.c.obj)
 .text.sys_slist_peek_next
                0x0002382a       0x22 zephyr/libzephyr.a(power.c.obj)
 .text.k_is_user_context
                0x0002384c        0xe zephyr/libzephyr.a(power.c.obj)
 .text.pm_debug_start_timer
                0x0002385a        0xc zephyr/libzephyr.a(power.c.obj)
 .text.pm_debug_stop_timer
                0x00023866        0xc zephyr/libzephyr.a(power.c.obj)
 .text.pm_log_debug_info
                0x00023872       0x14 zephyr/libzephyr.a(power.c.obj)
 .text.atomic_get
                0x00023886       0x18 zephyr/libzephyr.a(pm_ctrl.c.obj)
 .text.k_is_user_context
                0x0002389e        0xe zephyr/libzephyr.a(policy_residency.c.obj)
 .text.device_get_binding
                0x000238ac       0x18 zephyr/libzephyr.a(uart_console.c.obj)
 .text.z_impl_uart_poll_out
                0x000238c4       0x26 zephyr/libzephyr.a(uart_console.c.obj)
 .text.uart_poll_out
                0x000238ea       0x1e zephyr/libzephyr.a(uart_console.c.obj)
 .text.atomic_set
                0x00023908       0x26 zephyr/libzephyr.a(clock_control_nrf.c.obj)
 .text.atomic_and
                0x0002392e       0x2c zephyr/libzephyr.a(clock_control_nrf.c.obj)
 .text.nrf_event_readback
                0x0002395a       0x16 zephyr/libzephyr.a(clock_control_nrf.c.obj)
 .text.k_is_user_context
                0x00023970        0xe zephyr/libzephyr.a(clock_control_nrf.c.obj)
 .text.k_ms_to_ticks_ceil64
                0x0002397e      0x248 zephyr/libzephyr.a(clock_control_nrf.c.obj)
 .text.k_msleep
                0x00023bc6       0x34 zephyr/libzephyr.a(clock_control_nrf.c.obj)
 .text.k_cpu_atomic_idle
                0x00023bfa       0x16 zephyr/libzephyr.a(clock_control_nrf.c.obj)
 .text.k_sleep  0x00023c10       0x1c zephyr/libzephyr.a(clock_control_nrf.c.obj)
 .text.k_sem_take
                0x00023c2c       0x20 zephyr/libzephyr.a(clock_control_nrf.c.obj)
 .text.k_sem_give
                0x00023c4c       0x16 zephyr/libzephyr.a(clock_control_nrf.c.obj)
 .text.nrf_clock_int_enable
                0x00023c62       0x1c zephyr/libzephyr.a(clock_control_nrf.c.obj)
 .text.nrf_clock_int_disable
                0x00023c7e       0x1c zephyr/libzephyr.a(clock_control_nrf.c.obj)
 .text.nrf_clock_task_trigger
                0x00023c9a       0x20 zephyr/libzephyr.a(clock_control_nrf.c.obj)
 .text.nrf_clock_event_clear
                0x00023cba       0x2a zephyr/libzephyr.a(clock_control_nrf.c.obj)
 .text.nrf_clock_event_check
                0x00023ce4       0x28 zephyr/libzephyr.a(clock_control_nrf.c.obj)
 .text.nrf_clock_lf_src_set
                0x00023d0c       0x1e zephyr/libzephyr.a(clock_control_nrf.c.obj)
 .text.nrf_clock_lf_src_get
                0x00023d2a       0x1a zephyr/libzephyr.a(clock_control_nrf.c.obj)
 .text.nrf_clock_lf_srccopy_get
                0x00023d44       0x20 zephyr/libzephyr.a(clock_control_nrf.c.obj)
 .text.nrfx_clock_lfclk_start
                0x00023d64        0xe zephyr/libzephyr.a(clock_control_nrf.c.obj)
 .text.nrfx_clock_lfclk_stop
                0x00023d72        0xe zephyr/libzephyr.a(clock_control_nrf.c.obj)
 .text.nrfx_clock_hfclk_start
                0x00023d80        0xe zephyr/libzephyr.a(clock_control_nrf.c.obj)
 .text.nrfx_clock_hfclk_stop
                0x00023d8e        0xe zephyr/libzephyr.a(clock_control_nrf.c.obj)
 .text.get_sub_data
                0x00023d9c       0x2c zephyr/libzephyr.a(clock_control_nrf.c.obj)
 .text.get_sub_config
                0x00023dc8       0x2a zephyr/libzephyr.a(clock_control_nrf.c.obj)
 .text.get_onoff_manager
                0x00023df2       0x24 zephyr/libzephyr.a(clock_control_nrf.c.obj)
 .text.set_off_state
                0x00023e16       0x68 zephyr/libzephyr.a(clock_control_nrf.c.obj)
 .text.set_starting_state
                0x00023e7e       0x76 zephyr/libzephyr.a(clock_control_nrf.c.obj)
 .text.set_on_state
                0x00023ef4       0x4a zephyr/libzephyr.a(clock_control_nrf.c.obj)
 .text.lfclk_start
                0x00023f3e        0xc zephyr/libzephyr.a(clock_control_nrf.c.obj)
 .text.lfclk_stop
                0x00023f4a        0xc zephyr/libzephyr.a(clock_control_nrf.c.obj)
 .text.hfclk_start
                0x00023f56        0xc zephyr/libzephyr.a(clock_control_nrf.c.obj)
 .text.hfclk_stop
                0x00023f62        0xc zephyr/libzephyr.a(clock_control_nrf.c.obj)
 .text.api_stop
                0x00023f6e       0x1e zephyr/libzephyr.a(clock_control_nrf.c.obj)
 .text.async_start
                0x00023f8c       0x5c zephyr/libzephyr.a(clock_control_nrf.c.obj)
 .text.api_start
                0x00023fe8       0x28 zephyr/libzephyr.a(clock_control_nrf.c.obj)
 .text.blocking_start_callback
                0x00024010       0x1e zephyr/libzephyr.a(clock_control_nrf.c.obj)
 .text.onoff_started_callback
                0x0002402e       0x30 zephyr/libzephyr.a(clock_control_nrf.c.obj)
 .text.hfclkaudio_init
                0x0002405e        0xc zephyr/libzephyr.a(clock_control_nrf.c.obj)
 .text.sys_clock_idle_exit
                0x0002406a        0xc zephyr/libzephyr.a(sys_clock_init.c.obj)
                0x0002406a                sys_clock_idle_exit
 .text.nrf_event_readback
                0x00024076       0x16 zephyr/libzephyr.a(nrf_rtc_timer.c.obj)
 .text.sys_clock_hw_cycles_per_sec
                0x0002408c       0x10 zephyr/libzephyr.a(nrf_rtc_timer.c.obj)
 .text.k_busy_wait
                0x0002409c       0x16 zephyr/libzephyr.a(nrf_rtc_timer.c.obj)
 .text.nrf_rtc_cc_set
                0x000240b2       0x24 zephyr/libzephyr.a(nrf_rtc_timer.c.obj)
 .text.nrf_rtc_cc_get
                0x000240d6       0x20 zephyr/libzephyr.a(nrf_rtc_timer.c.obj)
 .text.nrf_rtc_int_enable
                0x000240f6       0x1c zephyr/libzephyr.a(nrf_rtc_timer.c.obj)
 .text.nrf_rtc_int_enable_check
                0x00024112       0x1e zephyr/libzephyr.a(nrf_rtc_timer.c.obj)
 .text.nrf_rtc_event_check
                0x00024130       0x28 zephyr/libzephyr.a(nrf_rtc_timer.c.obj)
 .text.nrf_rtc_event_clear
                0x00024158       0x2a zephyr/libzephyr.a(nrf_rtc_timer.c.obj)
 .text.nrf_rtc_counter_get
                0x00024182       0x18 zephyr/libzephyr.a(nrf_rtc_timer.c.obj)
 .text.nrf_rtc_task_trigger
                0x0002419a       0x22 zephyr/libzephyr.a(nrf_rtc_timer.c.obj)
 .text.nrf_rtc_event_enable
                0x000241bc       0x1c zephyr/libzephyr.a(nrf_rtc_timer.c.obj)
 .text.nrf_rtc_event_disable
                0x000241d8       0x1c zephyr/libzephyr.a(nrf_rtc_timer.c.obj)
 .text.counter_sub
                0x000241f4       0x1e zephyr/libzephyr.a(nrf_rtc_timer.c.obj)
 .text.set_absolute_alarm
                0x00024212       0x98 zephyr/libzephyr.a(nrf_rtc_timer.c.obj)
 .text.spm_request_random_number
                0x000242aa       0x1c zephyr/libzephyr.a(secure_services_ns.c.obj)
                0x000242aa                spm_request_random_number
 .text.arch_irq_enable
                0x000242c6       0x1a zephyr/arch/arch/arm/core/aarch32/libarch__arm__core__aarch32.a(irq_manage.c.obj)
                0x000242c6                arch_irq_enable
 .text.z_irq_spurious
                0x000242e0       0x18 zephyr/arch/arch/arm/core/aarch32/libarch__arm__core__aarch32.a(irq_manage.c.obj)
                0x000242e0                z_irq_spurious
 .text.configure_builtin_stack_guard
                0x000242f8       0x24 zephyr/arch/arch/arm/core/aarch32/libarch__arm__core__aarch32.a(thread.c.obj)
                0x000242f8                configure_builtin_stack_guard
 .text.z_arm_prepare_switch_to_main
                0x0002431c        0xc zephyr/arch/arch/arm/core/aarch32/libarch__arm__core__aarch32.a(thread.c.obj)
 .text.k_is_user_context
                0x00024328        0xe zephyr/arch/arch/arm/core/aarch32/libarch__arm__core__aarch32.a(fatal.c.obj)
 .text.z_arm_fatal_error
                0x00024336       0x26 zephyr/arch/arch/arm/core/aarch32/libarch__arm__core__aarch32.a(fatal.c.obj)
                0x00024336                z_arm_fatal_error
 .text.z_do_kernel_oops
                0x0002435c       0x1e zephyr/arch/arch/arm/core/aarch32/libarch__arm__core__aarch32.a(fatal.c.obj)
                0x0002435c                z_do_kernel_oops
 .text.z_arm_nmi
                0x0002437a       0x10 zephyr/arch/arch/arm/core/aarch32/libarch__arm__core__aarch32.a(nmi.c.obj)
                0x0002437a                z_arm_nmi
 .text.z_arm_prep_c
                0x0002438a       0x1c zephyr/arch/arch/arm/core/aarch32/libarch__arm__core__aarch32.a(prep_c.c.obj)
                0x0002438a                z_arm_prep_c
 .text.k_is_user_context
                0x000243a6        0xe zephyr/arch/arch/arm/core/aarch32/cortex_m/libarch__arm__core__aarch32__cortex_m.a(fault.c.obj)
 .text.fault_show
                0x000243b4       0x14 zephyr/arch/arch/arm/core/aarch32/cortex_m/libarch__arm__core__aarch32__cortex_m.a(fault.c.obj)
 .text.memory_fault_recoverable
                0x000243c8       0x18 zephyr/arch/arch/arm/core/aarch32/cortex_m/libarch__arm__core__aarch32__cortex_m.a(fault.c.obj)
 .text.z_arm_save_fp_context
                0x000243e0       0x12 zephyr/arch/arch/arm/core/aarch32/cortex_m/libarch__arm__core__aarch32__cortex_m.a(fpu.c.obj)
                0x000243e0                z_arm_save_fp_context
 .text.z_arm_restore_fp_context
                0x000243f2       0x12 zephyr/arch/arch/arm/core/aarch32/cortex_m/libarch__arm__core__aarch32__cortex_m.a(fpu.c.obj)
                0x000243f2                z_arm_restore_fp_context
 .text.sys_arch_reboot
                0x00024404        0xc zephyr/arch/arch/arm/core/aarch32/cortex_m/libarch__arm__core__aarch32__cortex_m.a(scb.c.obj)
                0x00024404                sys_arch_reboot
 .text.z_arm_interrupt_init
                0x00024410       0x2e zephyr/arch/arch/arm/core/aarch32/cortex_m/libarch__arm__core__aarch32__cortex_m.a(irq_init.c.obj)
                0x00024410                z_arm_interrupt_init
 .text.arm_cmse_mpu_region_get
                0x0002443e       0x36 zephyr/arch/arch/arm/core/aarch32/cortex_m/cmse/libarch__arm__core__aarch32__cortex_m__cmse.a(arm_core_cmse.c.obj)
                0x0002443e                arm_cmse_mpu_region_get
 .text.k_is_user_context
                0x00024474        0xe zephyr/arch/arch/arm/core/aarch32/mpu/libarch__arm__core__aarch32__mpu.a(arm_mpu.c.obj)
 .text.ARM_MPU_SetRegionEx
                0x00024482       0x2a zephyr/arch/arch/arm/core/aarch32/mpu/libarch__arm__core__aarch32__mpu.a(arm_mpu.c.obj)
 .text.get_num_regions
                0x000244ac        0xe zephyr/arch/arch/arm/core/aarch32/mpu/libarch__arm__core__aarch32__mpu.a(arm_mpu.c.obj)
 .text.mpu_partition_is_valid
                0x000244ba       0x40 zephyr/arch/arch/arm/core/aarch32/mpu/libarch__arm__core__aarch32__mpu.a(arm_mpu.c.obj)
 .text.get_region_index
                0x000244fa       0x3e zephyr/arch/arch/arm/core/aarch32/mpu/libarch__arm__core__aarch32__mpu.a(arm_mpu.c.obj)
 .text.get_region_attr_from_mpu_partition_info
                0x00024538       0x54 zephyr/arch/arch/arm/core/aarch32/mpu/libarch__arm__core__aarch32__mpu.a(arm_mpu.c.obj)
 .text.strncpy  0x0002458c       0x60 zephyr/lib/libc/minimal/liblib__libc__minimal.a(string.c.obj)
                0x0002458c                strncpy
 .text.strlen   0x000245ec       0x2e zephyr/lib/libc/minimal/liblib__libc__minimal.a(string.c.obj)
                0x000245ec                strlen
 .text.strnlen  0x0002461a       0x38 zephyr/lib/libc/minimal/liblib__libc__minimal.a(string.c.obj)
                0x0002461a                strnlen
 .text.strcmp   0x00024652       0x42 zephyr/lib/libc/minimal/liblib__libc__minimal.a(string.c.obj)
                0x00024652                strcmp
 .text.memcmp   0x00024694       0x58 zephyr/lib/libc/minimal/liblib__libc__minimal.a(string.c.obj)
                0x00024694                memcmp
 .text.memcpy   0x000246ec       0xaa zephyr/lib/libc/minimal/liblib__libc__minimal.a(string.c.obj)
                0x000246ec                memcpy
 .text.memset   0x00024796       0x96 zephyr/lib/libc/minimal/liblib__libc__minimal.a(string.c.obj)
                0x00024796                memset
 .text._stdout_hook_default